Archive member included to satisfy reference by file (symbol)

C:/MaximSDK/Libraries/PeriphDrivers/bin/MAX32660/softfp/libPeriphDriver_softfp.a(mxc_delay.o)
                              c:/Users/ashutoshtiwari/eclipse-workspace/C-140/build/startup_max32660.o (SysTick_Handler)
C:/MaximSDK/Libraries/PeriphDrivers/bin/MAX32660/softfp/libPeriphDriver_softfp.a(sys_me11.o)
                              c:/Users/ashutoshtiwari/eclipse-workspace/C-140/build/system_max32660.o (MXC_SYS_ClockDisable)
C:/MaximSDK/Libraries/PeriphDrivers/bin/MAX32660/softfp/libPeriphDriver_softfp.a(flc_me11.o)
                              C:/MaximSDK/Libraries/PeriphDrivers/bin/MAX32660/softfp/libPeriphDriver_softfp.a(sys_me11.o) (MXC_FLC_UnlockInfoBlock)
C:/MaximSDK/Libraries/PeriphDrivers/bin/MAX32660/softfp/libPeriphDriver_softfp.a(flc_reva.o)
                              C:/MaximSDK/Libraries/PeriphDrivers/bin/MAX32660/softfp/libPeriphDriver_softfp.a(flc_me11.o) (MXC_FLC_RevA_Busy)
C:/MaximSDK/Libraries/PeriphDrivers/bin/MAX32660/softfp/libPeriphDriver_softfp.a(gpio_me11.o)
                              c:/Users/ashutoshtiwari/eclipse-workspace/C-140/build/pb.o (MXC_GPIO_InGet)
C:/MaximSDK/Libraries/PeriphDrivers/bin/MAX32660/softfp/libPeriphDriver_softfp.a(gpio_reva.o)
                              C:/MaximSDK/Libraries/PeriphDrivers/bin/MAX32660/softfp/libPeriphDriver_softfp.a(gpio_me11.o) (MXC_GPIO_RevA_InGet)
C:/MaximSDK/Libraries/PeriphDrivers/bin/MAX32660/softfp/libPeriphDriver_softfp.a(uart_me11.o)
                              c:/Users/ashutoshtiwari/eclipse-workspace/C-140/build/board.o (MXC_UART_Shutdown)
C:/MaximSDK/Libraries/PeriphDrivers/bin/MAX32660/softfp/libPeriphDriver_softfp.a(uart_reva.o)
                              C:/MaximSDK/Libraries/PeriphDrivers/bin/MAX32660/softfp/libPeriphDriver_softfp.a(uart_me11.o) (MXC_UART_RevA_Init)
C:/MaximSDK/Libraries/PeriphDrivers/bin/MAX32660/softfp/libPeriphDriver_softfp.a(nvic_table.o)
                              C:/MaximSDK/Libraries/PeriphDrivers/bin/MAX32660/softfp/libPeriphDriver_softfp.a(uart_reva.o) (MXC_NVIC_SetVector)
C:/MaximSDK/Libraries/PeriphDrivers/bin/MAX32660/softfp/libPeriphDriver_softfp.a(pins_me11.o)
                              C:/MaximSDK/Libraries/PeriphDrivers/bin/MAX32660/softfp/libPeriphDriver_softfp.a(uart_me11.o) (gpio_cfg_uart1_flow)
C:/MaximSDK/Libraries/PeriphDrivers/bin/MAX32660/softfp/libPeriphDriver_softfp.a(dma_me11.o)
                              C:/MaximSDK/Libraries/PeriphDrivers/bin/MAX32660/softfp/libPeriphDriver_softfp.a(uart_reva.o) (MXC_DMA_Init)
C:/MaximSDK/Libraries/PeriphDrivers/bin/MAX32660/softfp/libPeriphDriver_softfp.a(dma_reva.o)
                              C:/MaximSDK/Libraries/PeriphDrivers/bin/MAX32660/softfp/libPeriphDriver_softfp.a(dma_me11.o) (MXC_DMA_RevA_Init)
C:/MaximSDK/Libraries/PeriphDrivers/bin/MAX32660/softfp/libPeriphDriver_softfp.a(flc_common.o)
                              C:/MaximSDK/Libraries/PeriphDrivers/bin/MAX32660/softfp/libPeriphDriver_softfp.a(flc_me11.o) (MXC_FLC_Com_VerifyData)
C:/MaximSDK/Libraries/PeriphDrivers/bin/MAX32660/softfp/libPeriphDriver_softfp.a(gpio_common.o)
                              C:/MaximSDK/Libraries/PeriphDrivers/bin/MAX32660/softfp/libPeriphDriver_softfp.a(gpio_me11.o) (MXC_GPIO_Common_Init)
C:/MaximSDK/Libraries/PeriphDrivers/bin/MAX32660/softfp/libPeriphDriver_softfp.a(uart_common.o)
                              C:/MaximSDK/Libraries/PeriphDrivers/bin/MAX32660/softfp/libPeriphDriver_softfp.a(uart_me11.o) (MXC_UART_Common_ReadCharacter)
C:/MaximSDK/Libraries/PeriphDrivers/bin/MAX32660/softfp/libPeriphDriver_softfp.a(mxc_lock.o)
                              C:/MaximSDK/Libraries/PeriphDrivers/bin/MAX32660/softfp/libPeriphDriver_softfp.a(dma_reva.o) (MXC_GetLock)
c:/maximsdk/tools/gnutools/10.3/bin/../lib/gcc/arm-none-eabi/10.3.1/../../../../arm-none-eabi/lib/thumb/v7e-m+fp/softfp\libc.a(lib_a-errno.o)
                              c:/Users/ashutoshtiwari/eclipse-workspace/C-140/build/stdio.o (__errno)
c:/maximsdk/tools/gnutools/10.3/bin/../lib/gcc/arm-none-eabi/10.3.1/../../../../arm-none-eabi/lib/thumb/v7e-m+fp/softfp\libc.a(lib_a-exit.o)
                              c:/maximsdk/tools/gnutools/10.3/bin/../lib/gcc/arm-none-eabi/10.3.1/../../../../arm-none-eabi/lib/thumb/v7e-m+fp/softfp/crt0.o (exit)
c:/maximsdk/tools/gnutools/10.3/bin/../lib/gcc/arm-none-eabi/10.3.1/../../../../arm-none-eabi/lib/thumb/v7e-m+fp/softfp\libc.a(lib_a-impure.o)
                              c:/maximsdk/tools/gnutools/10.3/bin/../lib/gcc/arm-none-eabi/10.3.1/../../../../arm-none-eabi/lib/thumb/v7e-m+fp/softfp\libc.a(lib_a-exit.o) (_global_impure_ptr)
c:/maximsdk/tools/gnutools/10.3/bin/../lib/gcc/arm-none-eabi/10.3.1/../../../../arm-none-eabi/lib/thumb/v7e-m+fp/softfp\libc.a(lib_a-init.o)
                              c:/maximsdk/tools/gnutools/10.3/bin/../lib/gcc/arm-none-eabi/10.3.1/../../../../arm-none-eabi/lib/thumb/v7e-m+fp/softfp/crt0.o (__libc_init_array)
[...]
Memory Configuration

Name             Origin             Length             Attributes
FLASH            0x00000000         0x00040000         xr
SRAM             0x20000000         0x00018000         xrw
*default*        0x00000000         0xffffffff

Linker script and memory map

LOAD c:/maximsdk/tools/gnutools/10.3/bin/../lib/gcc/arm-none-eabi/10.3.1/thumb/v7e-m+fp/softfp/crti.o
LOAD c:/maximsdk/tools/gnutools/10.3/bin/../lib/gcc/arm-none-eabi/10.3.1/thumb/v7e-m+fp/softfp/crtbegin.o
LOAD c:/maximsdk/tools/gnutools/10.3/bin/../lib/gcc/arm-none-eabi/10.3.1/../../../../arm-none-eabi/lib/thumb/v7e-m+fp/softfp/crt0.o
LOAD c:/Users/ashutoshtiwari/eclipse-workspace/C-140/build/board.o
LOAD c:/Users/ashutoshtiwari/eclipse-workspace/C-140/build/main.o
LOAD c:/Users/ashutoshtiwari/eclipse-workspace/C-140/build/stdio.o
LOAD c:/Users/ashutoshtiwari/eclipse-workspace/C-140/build/led.o
LOAD c:/Users/ashutoshtiwari/eclipse-workspace/C-140/build/pb.o
LOAD c:/Users/ashutoshtiwari/eclipse-workspace/C-140/build/startup_max32660.o
LOAD c:/Users/ashutoshtiwari/eclipse-workspace/C-140/build/heap.o
LOAD c:/Users/ashutoshtiwari/eclipse-workspace/C-140/build/system_max32660.o
START GROUP
LOAD C:/MaximSDK/Libraries/PeriphDrivers/bin/MAX32660/softfp/libPeriphDriver_softfp.a
LOAD c:/maximsdk/tools/gnutools/10.3/bin/../lib/gcc/arm-none-eabi/10.3.1/../../../../arm-none-eabi/lib/thumb/v7e-m+fp/softfp\libc.a
LOAD c:/maximsdk/tools/gnutools/10.3/bin/../lib/gcc/arm-none-eabi/10.3.1/../../../../arm-none-eabi/lib/thumb/v7e-m+fp/softfp\libm.a
LOAD c:/maximsdk/tools/gnutools/10.3/bin/../lib/gcc/arm-none-eabi/10.3.1/../../../../arm-none-eabi/lib/thumb/v7e-m+fp/softfp\libnosys.a
END GROUP
START GROUP
LOAD c:/maximsdk/tools/gnutools/10.3/bin/../lib/gcc/arm-none-eabi/10.3.1/thumb/v7e-m+fp/softfp\libgcc.a
LOAD c:/maximsdk/tools/gnutools/10.3/bin/../lib/gcc/arm-none-eabi/10.3.1/../../../../arm-none-eabi/lib/thumb/v7e-m+fp/softfp\libc.a
END GROUP
LOAD c:/maximsdk/tools/gnutools/10.3/bin/../lib/gcc/arm-none-eabi/10.3.1/thumb/v7e-m+fp/softfp/crtend.o
LOAD c:/maximsdk/tools/gnutools/10.3/bin/../lib/gcc/arm-none-eabi/10.3.1/thumb/v7e-m+fp/softfp/crtn.o

.text           0x00000000     0x85a4
                0x00000000                _text = .
 *(.isr_vector)
 .isr_vector    0x00000000      0x11c c:/Users/ashutoshtiwari/eclipse-workspace/C-140/build/startup_max32660.o
                0x00000000                __isr_vector
 *(.text*)
 .text          0x0000011c       0x40 c:/maximsdk/tools/gnutools/10.3/bin/../lib/gcc/arm-none-eabi/10.3.1/thumb/v7e-m+fp/softfp/crtbegin.o
 .text.mxc_assert
                0x0000015c       0x10 c:/Users/ashutoshtiwari/eclipse-workspace/C-140/build/board.o
                0x0000015c                mxc_assert
 .text.GPIO0_IRQHandler
                0x0000016c        0xa c:/Users/ashutoshtiwari/eclipse-workspace/C-140/build/board.o
                0x0000016c                GPIO0_IRQHandler
 *fill*         0x00000176        0x2 
 .text.Console_Init
                0x00000178       0x18 c:/Users/ashutoshtiwari/eclipse-workspace/C-140/build/board.o
                0x00000178                Console_Init
 .text.Board_Init
                0x00000190       0x18 c:/Users/ashutoshtiwari/eclipse-workspace/C-140/build/board.o
                0x00000190                Board_Init
 .text.NMI_Handler
                0x000001a8        0x4 c:/Users/ashutoshtiwari/eclipse-workspace/C-140/build/board.o
                0x000001a8                NMI_Handler
 .text.main     0x000001ac       0x34 c:/Users/ashutoshtiwari/eclipse-workspace/C-140/build/main.o
                0x000001ac                main
 .text._close   0x000001e0        0x6 c:/Users/ashutoshtiwari/eclipse-workspace/C-140/build/stdio.o
                0x000001e0                _close
 .text._isatty  0x000001e6        0x6 c:/Users/ashutoshtiwari/eclipse-workspace/C-140/build/stdio.o
                0x000001e6                _isatty
 .text._lseek   0x000001ec        0x6 c:/Users/ashutoshtiwari/eclipse-workspace/C-140/build/stdio.o
                0x000001ec                _lseek
 .text._fstat   0x000001f2        0x6 c:/Users/ashutoshtiwari/eclipse-workspace/C-140/build/stdio.o
                0x000001f2                _fstat
 .text._read    0x000001f8       0x50 c:/Users/ashutoshtiwari/eclipse-workspace/C-140/build/stdio.o
                0x000001f8                _read
 .text._write   0x00000248       0x44 c:/Users/ashutoshtiwari/eclipse-workspace/C-140/build/stdio.o
                0x00000248                _write
 .text          0x0000028c       0xe4 c:/Users/ashutoshtiwari/eclipse-workspace/C-140/build/startup_max32660.o
                0x0000028c                Reset_Handler
                0x000002ca                HardFault_Handler
                0x000002cc                MemManage_Handler
                0x000002ce                BusFault_Handler
                0x000002d0                UsageFault_Handler
                0x000002d2                SVC_Handler
                0x000002d4                DebugMon_Handler
                0x000002d6                PendSV_Handler
                0x000002d8                Default_Handler
                0x000002da                PF_IRQHandler
                0x000002dc                WDT0_IRQHandler
                0x000002de                RSV00_IRQHandler
                0x000002e0                RTC_IRQHandler
                0x000002e2                RSV1_IRQHandler
                0x000002e4                TMR0_IRQHandler
                0x000002e6                TMR1_IRQHandler
                0x000002e8                TMR2_IRQHandler
                0x000002ea                RSV02_IRQHandler
                0x000002ec                RSV03_IRQHandler
                0x000002ee                RSV04_IRQHandler
                0x000002f0                RSV05_IRQHandler
                0x000002f2                RSV06_IRQHandler
                0x000002f4                I2C0_IRQHandler
                0x000002f6                UART0_IRQHandler
                0x000002f8                UART1_IRQHandler
                0x000002fa                SPI0_IRQHandler
                0x000002fc                SPI1_IRQHandler
                0x000002fe                RSV07_IRQHandler
                0x00000300                RSV08_IRQHandler
                0x00000302                RSV09_IRQHandler
                0x00000304                RSV10_IRQHandler
                0x00000306                RSV11_IRQHandler
                0x00000308                FLC_IRQHandler
                0x0000030c                RSV12_IRQHandler
                0x0000030e                RSV13_IRQHandler
                0x00000310                RSV14_IRQHandler
                0x00000312                DMA0_IRQHandler
                0x00000314                DMA1_IRQHandler
                0x00000316                DMA2_IRQHandler
                0x00000318                DMA3_IRQHandler
                0x0000031a                RSV15_IRQHandler
                0x0000031c                RSV16_IRQHandler
                0x0000031e                RSV17_IRQHandler
                0x00000320                RSV18_IRQHandler
                0x00000322                I2C1_IRQHandler
                0x00000324                RSV19_IRQHandler
                0x00000326                RSV20_IRQHandler
                0x00000328                RSV21_IRQHandler
                0x0000032a                RSV22_IRQHandler
                0x0000032c                RSV23_IRQHandler
                0x0000032e                RSV24_IRQHandler
                0x00000330                RSV25_IRQHandler
                0x00000332                RSV26_IRQHandler
                0x00000334                RSV27_IRQHandler
                0x00000336                RSV28_IRQHandler
                0x00000338                RSV29_IRQHandler
                0x0000033a                RSV30_IRQHandler
                0x0000033c                RSV31_IRQHandler
                0x0000033e                RSV32_IRQHandler
                0x00000340                RSV33_IRQHandler
                0x00000342                RSV34_IRQHandler
                0x00000344                RSV35_IRQHandler
                0x00000346                GPIOWAKE_IRQHandler
 .text._sbrk    0x00000370       0x40 c:/Users/ashutoshtiwari/eclipse-workspace/C-140/build/heap.o
                0x00000370                _sbrk
 .text._getpid  0x000003b0        0x6 c:/Users/ashutoshtiwari/eclipse-workspace/C-140/build/system_max32660.o
                0x000003b0                _getpid
 .text._kill    0x000003b6        0x6 c:/Users/ashutoshtiwari/eclipse-workspace/C-140/build/system_max32660.o
                0x000003b6                _kill
 .text.SystemCoreClockUpdate
                0x000003bc       0x64 c:/Users/ashutoshtiwari/eclipse-workspace/C-140/build/system_max32660.o
                0x000003bc                SystemCoreClockUpdate
 .text.PreInit  0x00000420        0x4 c:/Users/ashutoshtiwari/eclipse-workspace/C-140/build/system_max32660.o
                0x00000420                PreInit
 .text.SystemInit
                0x00000424       0x7c c:/Users/ashutoshtiwari/eclipse-workspace/C-140/build/system_max32660.o
                0x00000424                SystemInit
 .text.MXC_DelayInit
                0x000004a0       0x84 C:/MaximSDK/Libraries/PeriphDrivers/bin/MAX32660/softfp/libPeriphDriver_softfp.a(mxc_delay.o)
 .text.MXC_DelayAsync
                0x00000524       0x44 C:/MaximSDK/Libraries/PeriphDrivers/bin/MAX32660/softfp/libPeriphDriver_softfp.a(mxc_delay.o)
                0x00000524                MXC_DelayAsync
 .text.MXC_DelayAbort
                0x00000568       0x34 C:/MaximSDK/Libraries/PeriphDrivers/bin/MAX32660/softfp/libPeriphDriver_softfp.a(mxc_delay.o)
                0x00000568                MXC_DelayAbort
 .text.MXC_DelayHandler
                0x0000059c       0x40 C:/MaximSDK/Libraries/PeriphDrivers/bin/MAX32660/softfp/libPeriphDriver_softfp.a(mxc_delay.o)
                0x0000059c                MXC_DelayHandler
 .text.SysTick_Handler
                0x000005dc        0x8 C:/MaximSDK/Libraries/PeriphDrivers/bin/MAX32660/softfp/libPeriphDriver_softfp.a(mxc_delay.o)
                0x000005dc                SysTick_Handler
 .text.MXC_DelayCheck
                0x000005e4       0x64 C:/MaximSDK/Libraries/PeriphDrivers/bin/MAX32660/softfp/libPeriphDriver_softfp.a(mxc_delay.o)
                0x000005e4                MXC_DelayCheck
 .text.MXC_Delay
                0x00000648       0x58 C:/MaximSDK/Libraries/PeriphDrivers/bin/MAX32660/softfp/libPeriphDriver_softfp.a(mxc_delay.o)
                0x00000648                MXC_Delay
 .text.MXC_SYS_ClockDisable
                0x000006a0       0x2c C:/MaximSDK/Libraries/PeriphDrivers/bin/MAX32660/softfp/libPeriphDriver_softfp.a(sys_me11.o)
                0x000006a0                MXC_SYS_ClockDisable
 .text.MXC_SYS_ClockEnable
                0x000006cc       0x30 C:/MaximSDK/Libraries/PeriphDrivers/bin/MAX32660/softfp/libPeriphDriver_softfp.a(sys_me11.o)
                0x000006cc                MXC_SYS_ClockEnable
 .text.MXC_SYS_Clock_Timeout
                0x000006fc       0x30 C:/MaximSDK/Libraries/PeriphDrivers/bin/MAX32660/softfp/libPeriphDriver_softfp.a(sys_me11.o)
                0x000006fc                MXC_SYS_Clock_Timeout
 .text.MXC_SYS_Clock_Select
                0x0000072c       0xd6 C:/MaximSDK/Libraries/PeriphDrivers/bin/MAX32660/softfp/libPeriphDriver_softfp.a(sys_me11.o)
                0x0000072c                MXC_SYS_Clock_Select
 .text.MXC_SYS_Reset_Periph
                0x00000802       0x38 C:/MaximSDK/Libraries/PeriphDrivers/bin/MAX32660/softfp/libPeriphDriver_softfp.a(sys_me11.o)
                0x00000802                MXC_SYS_Reset_Periph
 .text.MXC_GPIO_Handler
                0x0000083a        0x8 C:/MaximSDK/Libraries/PeriphDrivers/bin/MAX32660/softfp/libPeriphDriver_softfp.a(gpio_me11.o)
                0x0000083a                MXC_GPIO_Handler
 .text.MXC_GPIO_ClearFlags
                0x00000842        0x8 C:/MaximSDK/Libraries/PeriphDrivers/bin/MAX32660/softfp/libPeriphDriver_softfp.a(gpio_me11.o)
                0x00000842                MXC_GPIO_ClearFlags
 .text.MXC_GPIO_GetFlags
                0x0000084a        0x8 C:/MaximSDK/Libraries/PeriphDrivers/bin/MAX32660/softfp/libPeriphDriver_softfp.a(gpio_me11.o)
                0x0000084a                MXC_GPIO_GetFlags
 .text.MXC_GPIO_SetVSSEL
                0x00000852        0x8 C:/MaximSDK/Libraries/PeriphDrivers/bin/MAX32660/softfp/libPeriphDriver_softfp.a(gpio_me11.o)
                0x00000852                MXC_GPIO_SetVSSEL
 .text.MXC_GPIO_SetDriveStrength
                0x0000085a        0x8 C:/MaximSDK/Libraries/PeriphDrivers/bin/MAX32660/softfp/libPeriphDriver_softfp.a(gpio_me11.o)
                0x0000085a                MXC_GPIO_SetDriveStrength
 .text.MXC_GPIO_Config
                0x00000862       0xbe C:/MaximSDK/Libraries/PeriphDrivers/bin/MAX32660/softfp/libPeriphDriver_softfp.a(gpio_me11.o)
                0x00000862                MXC_GPIO_Config
 .text.MXC_GPIO_RevA_ClearFlags
                0x00000920        0x4 C:/MaximSDK/Libraries/PeriphDrivers/bin/MAX32660/softfp/libPeriphDriver_softfp.a(gpio_reva.o)
                0x00000920                MXC_GPIO_RevA_ClearFlags
 .text.MXC_GPIO_RevA_GetFlags
                0x00000924        0x4 C:/MaximSDK/Libraries/PeriphDrivers/bin/MAX32660/softfp/libPeriphDriver_softfp.a(gpio_reva.o)
                0x00000924                MXC_GPIO_RevA_GetFlags
 .text.MXC_GPIO_RevA_SetVSSEL
                0x00000928       0x2a C:/MaximSDK/Libraries/PeriphDrivers/bin/MAX32660/softfp/libPeriphDriver_softfp.a(gpio_reva.o)
                0x00000928                MXC_GPIO_RevA_SetVSSEL
 .text.MXC_GPIO_RevA_SetDriveStrength
                0x00000952       0x88 C:/MaximSDK/Libraries/PeriphDrivers/bin/MAX32660/softfp/libPeriphDriver_softfp.a(gpio_reva.o)
                0x00000952                MXC_GPIO_RevA_SetDriveStrength
 *fill*         0x000009da        0x2 
 .text.MXC_UART_Shutdown
                0x000009dc       0x3c C:/MaximSDK/Libraries/PeriphDrivers/bin/MAX32660/softfp/libPeriphDriver_softfp.a(uart_me11.o)
                0x000009dc                MXC_UART_Shutdown
 .text.MXC_UART_Init
                0x00000a18       0x78 C:/MaximSDK/Libraries/PeriphDrivers/bin/MAX32660/softfp/libPeriphDriver_softfp.a(uart_me11.o)
                0x00000a18                MXC_UART_Init
 .text.MXC_UART_SetFrequency
                0x00000a90        0x8 C:/MaximSDK/Libraries/PeriphDrivers/bin/MAX32660/softfp/libPeriphDriver_softfp.a(uart_me11.o)
                0x00000a90                MXC_UART_SetFrequency
 .text.MXC_UART_GetFrequency
                0x00000a98        0x8 C:/MaximSDK/Libraries/PeriphDrivers/bin/MAX32660/softfp/libPeriphDriver_softfp.a(uart_me11.o)
                0x00000a98                MXC_UART_GetFrequency
 .text.MXC_UART_SetDataSize
                0x00000aa0        0x8 C:/MaximSDK/Libraries/PeriphDrivers/bin/MAX32660/softfp/libPeriphDriver_softfp.a(uart_me11.o)
                0x00000aa0                MXC_UART_SetDataSize
 .text.MXC_UART_SetStopBits
                0x00000aa8        0x8 C:/MaximSDK/Libraries/PeriphDrivers/bin/MAX32660/softfp/libPeriphDriver_softfp.a(uart_me11.o)
                0x00000aa8                MXC_UART_SetStopBits
 .text.MXC_UART_SetParity
                0x00000ab0        0x8 C:/MaximSDK/Libraries/PeriphDrivers/bin/MAX32660/softfp/libPeriphDriver_softfp.a(uart_me11.o)
                0x00000ab0                MXC_UART_SetParity
 .text.MXC_UART_ReadCharacterRaw
                0x00000ab8        0x8 C:/MaximSDK/Libraries/PeriphDrivers/bin/MAX32660/softfp/libPeriphDriver_softfp.a(uart_me11.o)
                0x00000ab8                MXC_UART_ReadCharacterRaw
 .text.MXC_UART_WriteCharacterRaw
                0x00000ac0        0x8 C:/MaximSDK/Libraries/PeriphDrivers/bin/MAX32660/softfp/libPeriphDriver_softfp.a(uart_me11.o)
                0x00000ac0                MXC_UART_WriteCharacterRaw
 .text.MXC_UART_ReadCharacter
                0x00000ac8        0x8 C:/MaximSDK/Libraries/PeriphDrivers/bin/MAX32660/softfp/libPeriphDriver_softfp.a(uart_me11.o)
                0x00000ac8                MXC_UART_ReadCharacter
 .text.MXC_UART_WriteCharacter
                0x00000ad0        0x8 C:/MaximSDK/Libraries/PeriphDrivers/bin/MAX32660/softfp/libPeriphDriver_softfp.a(uart_me11.o)
                0x00000ad0                MXC_UART_WriteCharacter
 .text.MXC_UART_GetRXFIFOAvailable
                0x00000ad8        0x8 C:/MaximSDK/Libraries/PeriphDrivers/bin/MAX32660/softfp/libPeriphDriver_softfp.a(uart_me11.o)
                0x00000ad8                MXC_UART_GetRXFIFOAvailable
 .text.MXC_UART_GetTXFIFOAvailable
                0x00000ae0        0x8 C:/MaximSDK/Libraries/PeriphDrivers/bin/MAX32660/softfp/libPeriphDriver_softfp.a(uart_me11.o)
                0x00000ae0                MXC_UART_GetTXFIFOAvailable
 .text.MXC_UART_SetRXThreshold
                0x00000ae8        0x8 C:/MaximSDK/Libraries/PeriphDrivers/bin/MAX32660/softfp/libPeriphDriver_softfp.a(uart_me11.o)
                0x00000ae8                MXC_UART_SetRXThreshold
 .text.MXC_UART_SetTXThreshold
                0x00000af0        0x8 C:/MaximSDK/Libraries/PeriphDrivers/bin/MAX32660/softfp/libPeriphDriver_softfp.a(uart_me11.o)
                0x00000af0                MXC_UART_SetTXThreshold
 .text.MXC_UART_RevA_Init
                0x00000af8       0xc0 C:/MaximSDK/Libraries/PeriphDrivers/bin/MAX32660/softfp/libPeriphDriver_softfp.a(uart_reva.o)
                0x00000af8                MXC_UART_RevA_Init
 .text.MXC_UART_RevA_SetFrequency
                0x00000bb8      0x104 C:/MaximSDK/Libraries/PeriphDrivers/bin/MAX32660/softfp/libPeriphDriver_softfp.a(uart_reva.o)
                0x00000bb8                MXC_UART_RevA_SetFrequency
 .text.MXC_UART_RevA_GetFrequency
                0x00000cbc       0xb4 C:/MaximSDK/Libraries/PeriphDrivers/bin/MAX32660/softfp/libPeriphDriver_softfp.a(uart_reva.o)
                0x00000cbc                MXC_UART_RevA_GetFrequency
 .text.MXC_UART_RevA_SetDataSize
                0x00000d70       0x20 C:/MaximSDK/Libraries/PeriphDrivers/bin/MAX32660/softfp/libPeriphDriver_softfp.a(uart_reva.o)
                0x00000d70                MXC_UART_RevA_SetDataSize
 .text.MXC_UART_RevA_SetStopBits
                0x00000d90       0x24 C:/MaximSDK/Libraries/PeriphDrivers/bin/MAX32660/softfp/libPeriphDriver_softfp.a(uart_reva.o)
                0x00000d90                MXC_UART_RevA_SetStopBits
 .text.MXC_UART_RevA_SetParity
                0x00000db4      0x11a C:/MaximSDK/Libraries/PeriphDrivers/bin/MAX32660/softfp/libPeriphDriver_softfp.a(uart_reva.o)
                0x00000db4                MXC_UART_RevA_SetParity
 .text.MXC_UART_RevA_ReadCharacterRaw
                0x00000ece       0x12 C:/MaximSDK/Libraries/PeriphDrivers/bin/MAX32660/softfp/libPeriphDriver_softfp.a(uart_reva.o)
                0x00000ece                MXC_UART_RevA_ReadCharacterRaw
 .text.MXC_UART_RevA_WriteCharacterRaw
                0x00000ee0       0x14 C:/MaximSDK/Libraries/PeriphDrivers/bin/MAX32660/softfp/libPeriphDriver_softfp.a(uart_reva.o)
                0x00000ee0                MXC_UART_RevA_WriteCharacterRaw
 .text.MXC_UART_RevA_GetRXFIFOAvailable
                0x00000ef4        0x8 C:/MaximSDK/Libraries/PeriphDrivers/bin/MAX32660/softfp/libPeriphDriver_softfp.a(uart_reva.o)
                0x00000ef4                MXC_UART_RevA_GetRXFIFOAvailable
 .text.MXC_UART_RevA_GetTXFIFOAvailable
                0x00000efc        0xc C:/MaximSDK/Libraries/PeriphDrivers/bin/MAX32660/softfp/libPeriphDriver_softfp.a(uart_reva.o)
                0x00000efc                MXC_UART_RevA_GetTXFIFOAvailable
 .text.MXC_UART_RevA_SetRXThreshold
                0x00000f08       0x1e C:/MaximSDK/Libraries/PeriphDrivers/bin/MAX32660/softfp/libPeriphDriver_softfp.a(uart_reva.o)
                0x00000f08                MXC_UART_RevA_SetRXThreshold
 .text.MXC_UART_RevA_SetTXThreshold
                0x00000f26       0x20 C:/MaximSDK/Libraries/PeriphDrivers/bin/MAX32660/softfp/libPeriphDriver_softfp.a(uart_reva.o)
                0x00000f26                MXC_UART_RevA_SetTXThreshold
 *fill*         0x00000f46        0x2 
 .text.MXC_GPIO_Common_Handler
                0x00000f48       0x74 C:/MaximSDK/Libraries/PeriphDrivers/bin/MAX32660/softfp/libPeriphDriver_softfp.a(gpio_common.o)
                0x00000f48                MXC_GPIO_Common_Handler
 .text.MXC_UART_Common_ReadCharacter
                0x00000fbc       0x16 C:/MaximSDK/Libraries/PeriphDrivers/bin/MAX32660/softfp/libPeriphDriver_softfp.a(uart_common.o)
                0x00000fbc                MXC_UART_Common_ReadCharacter
 .text.MXC_UART_Common_WriteCharacter
                0x00000fd2       0x1a C:/MaximSDK/Libraries/PeriphDrivers/bin/MAX32660/softfp/libPeriphDriver_softfp.a(uart_common.o)
                0x00000fd2                MXC_UART_Common_WriteCharacter
 .text.__errno  0x00000fec        0xc c:/maximsdk/tools/gnutools/10.3/bin/../lib/gcc/arm-none-eabi/10.3.1/../../../../arm-none-eabi/lib/thumb/v7e-m+fp/softfp\libc.a(lib_a-errno.o)
                0x00000fec                __errno
 .text.__libc_init_array
                0x00000ff8       0x48 c:/maximsdk/tools/gnutools/10.3/bin/../lib/gcc/arm-none-eabi/10.3.1/../../../../arm-none-eabi/lib/thumb/v7e-m+fp/softfp\libc.a(lib_a-init.o)
                0x00000ff8                __libc_init_array
 .text          0x00001040      0x134 c:/maximsdk/tools/gnutools/10.3/bin/../lib/gcc/arm-none-eabi/10.3.1/../../../../arm-none-eabi/lib/thumb/v7e-m+fp/softfp\libc.a(lib_a-memcpy.o)
                0x00001040                memcpy
 .text.memset   0x00001174       0xa4 c:/maximsdk/tools/gnutools/10.3/bin/../lib/gcc/arm-none-eabi/10.3.1/../../../../arm-none-eabi/lib/thumb/v7e-m+fp/softfp\libc.a(lib_a-memset.o)
                0x00001174                memset
 .text.printf   0x00001218       0x28 c:/maximsdk/tools/gnutools/10.3/bin/../lib/gcc/arm-none-eabi/10.3.1/../../../../arm-none-eabi/lib/thumb/v7e-m+fp/softfp\libc.a(lib_a-printf.o)
                0x00001218                printf
 .text._puts_r  0x00001240       0x9c c:/maximsdk/tools/gnutools/10.3/bin/../lib/gcc/arm-none-eabi/10.3.1/../../../../arm-none-eabi/lib/thumb/v7e-m+fp/softfp\libc.a(lib_a-puts.o)
                0x00001240                _puts_r
 .text.puts     0x000012dc       0x10 c:/maximsdk/tools/gnutools/10.3/bin/../lib/gcc/arm-none-eabi/10.3.1/../../../../arm-none-eabi/lib/thumb/v7e-m+fp/softfp\libc.a(lib_a-puts.o)
                0x000012dc                puts
 *fill*         0x000012ec       0x14 
 .text          0x00001300       0xdc c:/maximsdk/tools/gnutools/10.3/bin/../lib/gcc/arm-none-eabi/10.3.1/../../../../arm-none-eabi/lib/thumb/v7e-m+fp/softfp\libc.a(lib_a-strlen.o)
                0x00001300                strlen
 *fill*         0x000013dc        0x4 
 .text._vfprintf_r
                0x000013e0     0x1b8c c:/maximsdk/tools/gnutools/10.3/bin/../lib/gcc/arm-none-eabi/10.3.1/../../../../arm-none-eabi/lib/thumb/v7e-m+fp/softfp\libc.a(lib_a-vfprintf.o)
                0x000013e0                _vfprintf_r
 .text.__sbprintf
                0x00002f6c       0x80 c:/maximsdk/tools/gnutools/10.3/bin/../lib/gcc/arm-none-eabi/10.3.1/../../../../arm-none-eabi/lib/thumb/v7e-m+fp/softfp\libc.a(lib_a-vfprintf.o)
 .text.__swsetup_r
                0x00002fec       0xd4 c:/maximsdk/tools/gnutools/10.3/bin/../lib/gcc/arm-none-eabi/10.3.1/../../../../arm-none-eabi/lib/thumb/v7e-m+fp/softfp\libc.a(lib_a-wsetup.o)
                0x00002fec                __swsetup_r
 .text.startup.register_fini
                0x000030c0       0x14 c:/maximsdk/tools/gnutools/10.3/bin/../lib/gcc/arm-none-eabi/10.3.1/../../../../arm-none-eabi/lib/thumb/v7e-m+fp/softfp\libc.a(lib_a-__call_atexit.o)
 .text.atexit   0x000030d4        0xc c:/maximsdk/tools/gnutools/10.3/bin/../lib/gcc/arm-none-eabi/10.3.1/../../../../arm-none-eabi/lib/thumb/v7e-m+fp/softfp\libc.a(lib_a-atexit.o)
                0x000030d4                atexit
 .text.quorem   0x000030e0      0x128 c:/maximsdk/tools/gnutools/10.3/bin/../lib/gcc/arm-none-eabi/10.3.1/../../../../arm-none-eabi/lib/thumb/v7e-m+fp/softfp\libc.a(lib_a-dtoa.o)
 .text._dtoa_r  0x00003208      0xf34 c:/maximsdk/tools/gnutools/10.3/bin/../lib/gcc/arm-none-eabi/10.3.1/../../../../arm-none-eabi/lib/thumb/v7e-m+fp/softfp\libc.a(lib_a-dtoa.o)
                0x00003208                _dtoa_r
 .text.__sflush_r
                0x0000413c      0x130 c:/maximsdk/tools/gnutools/10.3/bin/../lib/gcc/arm-none-eabi/10.3.1/../../../../arm-none-eabi/lib/thumb/v7e-m+fp/softfp\libc.a(lib_a-fflush.o)
                0x0000413c                __sflush_r
 .text._fflush_r
                0x0000426c       0x5c c:/maximsdk/tools/gnutools/10.3/bin/../lib/gcc/arm-none-eabi/10.3.1/../../../../arm-none-eabi/lib/thumb/v7e-m+fp/softfp\libc.a(lib_a-fflush.o)
                0x0000426c                _fflush_r
 .text._cleanup_r
                0x000042c8        0xc c:/maximsdk/tools/gnutools/10.3/bin/../lib/gcc/arm-none-eabi/10.3.1/../../../../arm-none-eabi/lib/thumb/v7e-m+fp/softfp\libc.a(lib_a-findfp.o)
                0x000042c8                _cleanup_r
 .text.__sinit  0x000042d4      0x10c c:/maximsdk/tools/gnutools/10.3/bin/../lib/gcc/arm-none-eabi/10.3.1/../../../../arm-none-eabi/lib/thumb/v7e-m+fp/softfp\libc.a(lib_a-findfp.o)
                0x000042d4                __sinit
 .text.__sfp_lock_acquire
                0x000043e0        0xc c:/maximsdk/tools/gnutools/10.3/bin/../lib/gcc/arm-none-eabi/10.3.1/../../../../arm-none-eabi/lib/thumb/v7e-m+fp/softfp\libc.a(lib_a-findfp.o)
                0x000043e0                __sfp_lock_acquire
 .text.__sfp_lock_release
                0x000043ec        0xc c:/maximsdk/tools/gnutools/10.3/bin/../lib/gcc/arm-none-eabi/10.3.1/../../../../arm-none-eabi/lib/thumb/v7e-m+fp/softfp\libc.a(lib_a-findfp.o)
                0x000043ec                __sfp_lock_release
 .text.__libc_fini_array
                0x000043f8       0x2c c:/maximsdk/tools/gnutools/10.3/bin/../lib/gcc/arm-none-eabi/10.3.1/../../../../arm-none-eabi/lib/thumb/v7e-m+fp/softfp\libc.a(lib_a-fini.o)
                0x000043f8                __libc_fini_array
 .text._malloc_trim_r
                0x00004424       0xa0 c:/maximsdk/tools/gnutools/10.3/bin/../lib/gcc/arm-none-eabi/10.3.1/../../../../arm-none-eabi/lib/thumb/v7e-m+fp/softfp\libc.a(lib_a-freer.o)
                0x00004424                _malloc_trim_r
 .text._free_r  0x000044c4      0x20c c:/maximsdk/tools/gnutools/10.3/bin/../lib/gcc/arm-none-eabi/10.3.1/../../../../arm-none-eabi/lib/thumb/v7e-m+fp/softfp\libc.a(lib_a-freer.o)
                0x000044c4                _free_r
 .text.__sfvwrite_r
                0x000046d0      0x2f0 c:/maximsdk/tools/gnutools/10.3/bin/../lib/gcc/arm-none-eabi/10.3.1/../../../../arm-none-eabi/lib/thumb/v7e-m+fp/softfp\libc.a(lib_a-fvwrite.o)
                0x000046d0                __sfvwrite_r
 .text._fwalk_reent
                0x000049c0       0x48 c:/maximsdk/tools/gnutools/10.3/bin/../lib/gcc/arm-none-eabi/10.3.1/../../../../arm-none-eabi/lib/thumb/v7e-m+fp/softfp\libc.a(lib_a-fwalk.o)
                0x000049c0                _fwalk_reent
 .text._localeconv_r
                0x00004a08        0x8 c:/maximsdk/tools/gnutools/10.3/bin/../lib/gcc/arm-none-eabi/10.3.1/../../../../arm-none-eabi/lib/thumb/v7e-m+fp/softfp\libc.a(lib_a-localeconv.o)
                0x00004a08                _localeconv_r
 .text.__retarget_lock_init_recursive
                0x00004a10        0x4 c:/maximsdk/tools/gnutools/10.3/bin/../lib/gcc/arm-none-eabi/10.3.1/../../../../arm-none-eabi/lib/thumb/v7e-m+fp/softfp\libc.a(lib_a-lock.o)
                0x00004a10                __retarget_lock_init_recursive
 .text.__retarget_lock_close_recursive
                0x00004a14        0x4 c:/maximsdk/tools/gnutools/10.3/bin/../lib/gcc/arm-none-eabi/10.3.1/../../../../arm-none-eabi/lib/thumb/v7e-m+fp/softfp\libc.a(lib_a-lock.o)
                0x00004a14                __retarget_lock_close_recursive
 .text.__retarget_lock_acquire_recursive
                0x00004a18        0x4 c:/maximsdk/tools/gnutools/10.3/bin/../lib/gcc/arm-none-eabi/10.3.1/../../../../arm-none-eabi/lib/thumb/v7e-m+fp/softfp\libc.a(lib_a-lock.o)
                0x00004a18                __retarget_lock_acquire_recursive
 .text.__retarget_lock_release_recursive
                0x00004a1c        0x4 c:/maximsdk/tools/gnutools/10.3/bin/../lib/gcc/arm-none-eabi/10.3.1/../../../../arm-none-eabi/lib/thumb/v7e-m+fp/softfp\libc.a(lib_a-lock.o)
                0x00004a1c                __retarget_lock_release_recursive
 .text.__smakebuf_r
                0x00004a20       0xe0 c:/maximsdk/tools/gnutools/10.3/bin/../lib/gcc/arm-none-eabi/10.3.1/../../../../arm-none-eabi/lib/thumb/v7e-m+fp/softfp\libc.a(lib_a-makebuf.o)
                0x00004a20                __smakebuf_r
 .text._malloc_r
                0x00004b00      0x560 c:/maximsdk/tools/gnutools/10.3/bin/../lib/gcc/arm-none-eabi/10.3.1/../../../../arm-none-eabi/lib/thumb/v7e-m+fp/softfp\libc.a(lib_a-mallocr.o)
                0x00004b00                _malloc_r
 .text          0x00005060       0xa0 c:/maximsdk/tools/gnutools/10.3/bin/../lib/gcc/arm-none-eabi/10.3.1/../../../../arm-none-eabi/lib/thumb/v7e-m+fp/softfp\libc.a(lib_a-memchr.o)
                0x00005060                memchr
 .text.memmove  0x00005100       0xf8 c:/maximsdk/tools/gnutools/10.3/bin/../lib/gcc/arm-none-eabi/10.3.1/../../../../arm-none-eabi/lib/thumb/v7e-m+fp/softfp\libc.a(lib_a-memmove.o)
                0x00005100                memmove
 .text.__malloc_lock
                0x000051f8        0xc c:/maximsdk/tools/gnutools/10.3/bin/../lib/gcc/arm-none-eabi/10.3.1/../../../../arm-none-eabi/lib/thumb/v7e-m+fp/softfp\libc.a(lib_a-mlock.o)
                0x000051f8                __malloc_lock
 .text.__malloc_unlock
                0x00005204        0xc c:/maximsdk/tools/gnutools/10.3/bin/../lib/gcc/arm-none-eabi/10.3.1/../../../../arm-none-eabi/lib/thumb/v7e-m+fp/softfp\libc.a(lib_a-mlock.o)
                0x00005204                __malloc_unlock
 .text._Balloc  0x00005210       0x4c c:/maximsdk/tools/gnutools/10.3/bin/../lib/gcc/arm-none-eabi/10.3.1/../../../../arm-none-eabi/lib/thumb/v7e-m+fp/softfp\libc.a(lib_a-mprec.o)
                0x00005210                _Balloc
 .text._Bfree   0x0000525c       0x14 c:/maximsdk/tools/gnutools/10.3/bin/../lib/gcc/arm-none-eabi/10.3.1/../../../../arm-none-eabi/lib/thumb/v7e-m+fp/softfp\libc.a(lib_a-mprec.o)
                0x0000525c                _Bfree
 .text.__multadd
                0x00005270       0xa8 c:/maximsdk/tools/gnutools/10.3/bin/../lib/gcc/arm-none-eabi/10.3.1/../../../../arm-none-eabi/lib/thumb/v7e-m+fp/softfp\libc.a(lib_a-mprec.o)
                0x00005270                __multadd
 .text.__hi0bits
                0x00005318       0x40 c:/maximsdk/tools/gnutools/10.3/bin/../lib/gcc/arm-none-eabi/10.3.1/../../../../arm-none-eabi/lib/thumb/v7e-m+fp/softfp\libc.a(lib_a-mprec.o)
                0x00005318                __hi0bits
 .text.__lo0bits
                0x00005358       0x60 c:/maximsdk/tools/gnutools/10.3/bin/../lib/gcc/arm-none-eabi/10.3.1/../../../../arm-none-eabi/lib/thumb/v7e-m+fp/softfp\libc.a(lib_a-mprec.o)
                0x00005358                __lo0bits
 .text.__i2b    0x000053b8       0x5c c:/maximsdk/tools/gnutools/10.3/bin/../lib/gcc/arm-none-eabi/10.3.1/../../../../arm-none-eabi/lib/thumb/v7e-m+fp/softfp\libc.a(lib_a-mprec.o)
                0x000053b8                __i2b
 .text.__multiply
                0x00005414      0x15c c:/maximsdk/tools/gnutools/10.3/bin/../lib/gcc/arm-none-eabi/10.3.1/../../../../arm-none-eabi/lib/thumb/v7e-m+fp/softfp\libc.a(lib_a-mprec.o)
                0x00005414                __multiply
 .text.__pow5mult
                0x00005570       0xc0 c:/maximsdk/tools/gnutools/10.3/bin/../lib/gcc/arm-none-eabi/10.3.1/../../../../arm-none-eabi/lib/thumb/v7e-m+fp/softfp\libc.a(lib_a-mprec.o)
                0x00005570                __pow5mult
 .text.__lshift
                0x00005630       0xf0 c:/maximsdk/tools/gnutools/10.3/bin/../lib/gcc/arm-none-eabi/10.3.1/../../../../arm-none-eabi/lib/thumb/v7e-m+fp/softfp\libc.a(lib_a-mprec.o)
                0x00005630                __lshift
 .text.__mcmp   0x00005720       0x44 c:/maximsdk/tools/gnutools/10.3/bin/../lib/gcc/arm-none-eabi/10.3.1/../../../../arm-none-eabi/lib/thumb/v7e-m+fp/softfp\libc.a(lib_a-mprec.o)
                0x00005720                __mcmp
 .text.__mdiff  0x00005764      0x14c c:/maximsdk/tools/gnutools/10.3/bin/../lib/gcc/arm-none-eabi/10.3.1/../../../../arm-none-eabi/lib/thumb/v7e-m+fp/softfp\libc.a(lib_a-mprec.o)
                0x00005764                __mdiff
 .text.__d2b    0x000058b0       0xc4 c:/maximsdk/tools/gnutools/10.3/bin/../lib/gcc/arm-none-eabi/10.3.1/../../../../arm-none-eabi/lib/thumb/v7e-m+fp/softfp\libc.a(lib_a-mprec.o)
                0x000058b0                __d2b
 .text._realloc_r
                0x00005974      0x3d8 c:/maximsdk/tools/gnutools/10.3/bin/../lib/gcc/arm-none-eabi/10.3.1/../../../../arm-none-eabi/lib/thumb/v7e-m+fp/softfp\libc.a(lib_a-reallocr.o)
                0x00005974                _realloc_r
 .text.frexp    0x00005d4c       0x70 c:/maximsdk/tools/gnutools/10.3/bin/../lib/gcc/arm-none-eabi/10.3.1/../../../../arm-none-eabi/lib/thumb/v7e-m+fp/softfp\libc.a(lib_a-s_frexp.o)
                0x00005d4c                frexp
 .text._sbrk_r  0x00005dbc       0x24 c:/maximsdk/tools/gnutools/10.3/bin/../lib/gcc/arm-none-eabi/10.3.1/../../../../arm-none-eabi/lib/thumb/v7e-m+fp/softfp\libc.a(lib_a-sbrkr.o)
                0x00005dbc                _sbrk_r
 .text.__sread  0x00005de0       0x24 c:/maximsdk/tools/gnutools/10.3/bin/../lib/gcc/arm-none-eabi/10.3.1/../../../../arm-none-eabi/lib/thumb/v7e-m+fp/softfp\libc.a(lib_a-stdio.o)
                0x00005de0                __sread
 .text.__swrite
                0x00005e04       0x40 c:/maximsdk/tools/gnutools/10.3/bin/../lib/gcc/arm-none-eabi/10.3.1/../../../../arm-none-eabi/lib/thumb/v7e-m+fp/softfp\libc.a(lib_a-stdio.o)
                0x00005e04                __swrite
 .text.__sseek  0x00005e44       0x20 c:/maximsdk/tools/gnutools/10.3/bin/../lib/gcc/arm-none-eabi/10.3.1/../../../../arm-none-eabi/lib/thumb/v7e-m+fp/softfp\libc.a(lib_a-stdio.o)
                0x00005e44                __sseek
 .text.__sclose
                0x00005e64        0x8 c:/maximsdk/tools/gnutools/10.3/bin/../lib/gcc/arm-none-eabi/10.3.1/../../../../arm-none-eabi/lib/thumb/v7e-m+fp/softfp\libc.a(lib_a-stdio.o)
                0x00005e64                __sclose
 .text.strncpy  0x00005e6c       0x64 c:/maximsdk/tools/gnutools/10.3/bin/../lib/gcc/arm-none-eabi/10.3.1/../../../../arm-none-eabi/lib/thumb/v7e-m+fp/softfp\libc.a(lib_a-strncpy.o)
                0x00005e6c                strncpy
 .text.__sprint_r.part.0
                0x00005ed0       0x78 c:/maximsdk/tools/gnutools/10.3/bin/../lib/gcc/arm-none-eabi/10.3.1/../../../../arm-none-eabi/lib/thumb/v7e-m+fp/softfp\libc.a(lib_a-vfiprintf.o)
 .text.__sprint_r
                0x00005f48       0x18 c:/maximsdk/tools/gnutools/10.3/bin/../lib/gcc/arm-none-eabi/10.3.1/../../../../arm-none-eabi/lib/thumb/v7e-m+fp/softfp\libc.a(lib_a-vfiprintf.o)
                0x00005f48                __sprint_r
 .text._vfiprintf_r
                0x00005f60      0xdfc c:/maximsdk/tools/gnutools/10.3/bin/../lib/gcc/arm-none-eabi/10.3.1/../../../../arm-none-eabi/lib/thumb/v7e-m+fp/softfp\libc.a(lib_a-vfiprintf.o)
                0x00005f60                _vfiprintf_r
 .text.__sbprintf
                0x00006d5c       0x80 c:/maximsdk/tools/gnutools/10.3/bin/../lib/gcc/arm-none-eabi/10.3.1/../../../../arm-none-eabi/lib/thumb/v7e-m+fp/softfp\libc.a(lib_a-vfiprintf.o)
 .text._write_r
                0x00006ddc       0x2c c:/maximsdk/tools/gnutools/10.3/bin/../lib/gcc/arm-none-eabi/10.3.1/../../../../arm-none-eabi/lib/thumb/v7e-m+fp/softfp\libc.a(lib_a-writer.o)
                0x00006ddc                _write_r
 .text.__register_exitproc
                0x00006e08       0x8c c:/maximsdk/tools/gnutools/10.3/bin/../lib/gcc/arm-none-eabi/10.3.1/../../../../arm-none-eabi/lib/thumb/v7e-m+fp/softfp\libc.a(lib_a-__atexit.o)
                0x00006e08                __register_exitproc
 .text.__assert_func
                0x00006e94       0x40 c:/maximsdk/tools/gnutools/10.3/bin/../lib/gcc/arm-none-eabi/10.3.1/../../../../arm-none-eabi/lib/thumb/v7e-m+fp/softfp\libc.a(lib_a-assert.o)
                0x00006e94                __assert_func
 .text._calloc_r
                0x00006ed4       0x78 c:/maximsdk/tools/gnutools/10.3/bin/../lib/gcc/arm-none-eabi/10.3.1/../../../../arm-none-eabi/lib/thumb/v7e-m+fp/softfp\libc.a(lib_a-callocr.o)
                0x00006ed4                _calloc_r
 .text._close_r
                0x00006f4c       0x24 c:/maximsdk/tools/gnutools/10.3/bin/../lib/gcc/arm-none-eabi/10.3.1/../../../../arm-none-eabi/lib/thumb/v7e-m+fp/softfp\libc.a(lib_a-closer.o)
                0x00006f4c                _close_r
 .text._fclose_r
                0x00006f70       0xcc c:/maximsdk/tools/gnutools/10.3/bin/../lib/gcc/arm-none-eabi/10.3.1/../../../../arm-none-eabi/lib/thumb/v7e-m+fp/softfp\libc.a(lib_a-fclose.o)
                0x00006f70                _fclose_r
 .text.fiprintf
                0x0000703c       0x28 c:/maximsdk/tools/gnutools/10.3/bin/../lib/gcc/arm-none-eabi/10.3.1/../../../../arm-none-eabi/lib/thumb/v7e-m+fp/softfp\libc.a(lib_a-fiprintf.o)
                0x0000703c                fiprintf
 .text.__fputwc
                0x00007064       0xa8 c:/maximsdk/tools/gnutools/10.3/bin/../lib/gcc/arm-none-eabi/10.3.1/../../../../arm-none-eabi/lib/thumb/v7e-m+fp/softfp\libc.a(lib_a-fputwc.o)
                0x00007064                __fputwc
 .text._fputwc_r
                0x0000710c       0x68 c:/maximsdk/tools/gnutools/10.3/bin/../lib/gcc/arm-none-eabi/10.3.1/../../../../arm-none-eabi/lib/thumb/v7e-m+fp/softfp\libc.a(lib_a-fputwc.o)
                0x0000710c                _fputwc_r
 .text._fstat_r
                0x00007174       0x2c c:/maximsdk/tools/gnutools/10.3/bin/../lib/gcc/arm-none-eabi/10.3.1/../../../../arm-none-eabi/lib/thumb/v7e-m+fp/softfp\libc.a(lib_a-fstatr.o)
                0x00007174                _fstat_r
 .text._isatty_r
                0x000071a0       0x24 c:/maximsdk/tools/gnutools/10.3/bin/../lib/gcc/arm-none-eabi/10.3.1/../../../../arm-none-eabi/lib/thumb/v7e-m+fp/softfp\libc.a(lib_a-isattyr.o)
                0x000071a0                _isatty_r
 .text.__locale_mb_cur_max
                0x000071c4        0xc c:/maximsdk/tools/gnutools/10.3/bin/../lib/gcc/arm-none-eabi/10.3.1/../../../../arm-none-eabi/lib/thumb/v7e-m+fp/softfp\libc.a(lib_a-locale.o)
                0x000071c4                __locale_mb_cur_max
 .text._lseek_r
                0x000071d0       0x2c c:/maximsdk/tools/gnutools/10.3/bin/../lib/gcc/arm-none-eabi/10.3.1/../../../../arm-none-eabi/lib/thumb/v7e-m+fp/softfp\libc.a(lib_a-lseekr.o)
                0x000071d0                _lseek_r
 .text.__ascii_mbtowc
                0x000071fc       0x2c c:/maximsdk/tools/gnutools/10.3/bin/../lib/gcc/arm-none-eabi/10.3.1/../../../../arm-none-eabi/lib/thumb/v7e-m+fp/softfp\libc.a(lib_a-mbtowc_r.o)
                0x000071fc                __ascii_mbtowc
 .text._read_r  0x00007228       0x2c c:/maximsdk/tools/gnutools/10.3/bin/../lib/gcc/arm-none-eabi/10.3.1/../../../../arm-none-eabi/lib/thumb/v7e-m+fp/softfp\libc.a(lib_a-readr.o)
                0x00007228                _read_r
 .text.__swbuf_r
                0x00007254       0xb0 c:/maximsdk/tools/gnutools/10.3/bin/../lib/gcc/arm-none-eabi/10.3.1/../../../../arm-none-eabi/lib/thumb/v7e-m+fp/softfp\libc.a(lib_a-wbuf.o)
                0x00007254                __swbuf_r
 .text._wcrtomb_r
                0x00007304       0x3c c:/maximsdk/tools/gnutools/10.3/bin/../lib/gcc/arm-none-eabi/10.3.1/../../../../arm-none-eabi/lib/thumb/v7e-m+fp/softfp\libc.a(lib_a-wcrtomb.o)
                0x00007304                _wcrtomb_r
 .text.__ascii_wctomb
                0x00007340       0x1c c:/maximsdk/tools/gnutools/10.3/bin/../lib/gcc/arm-none-eabi/10.3.1/../../../../arm-none-eabi/lib/thumb/v7e-m+fp/softfp\libc.a(lib_a-wctomb_r.o)
                0x00007340                __ascii_wctomb
 .text.abort    0x0000735c       0x10 c:/maximsdk/tools/gnutools/10.3/bin/../lib/gcc/arm-none-eabi/10.3.1/../../../../arm-none-eabi/lib/thumb/v7e-m+fp/softfp\libc.a(lib_a-abort.o)
                0x0000735c                abort
 .text.raise    0x0000736c       0x5c c:/maximsdk/tools/gnutools/10.3/bin/../lib/gcc/arm-none-eabi/10.3.1/../../../../arm-none-eabi/lib/thumb/v7e-m+fp/softfp\libc.a(lib_a-signal.o)
                0x0000736c                raise
 .text._kill_r  0x000073c8       0x2c c:/maximsdk/tools/gnutools/10.3/bin/../lib/gcc/arm-none-eabi/10.3.1/../../../../arm-none-eabi/lib/thumb/v7e-m+fp/softfp\libc.a(lib_a-signalr.o)
                0x000073c8                _kill_r
 .text._getpid_r
                0x000073f4        0x4 c:/maximsdk/tools/gnutools/10.3/bin/../lib/gcc/arm-none-eabi/10.3.1/../../../../arm-none-eabi/lib/thumb/v7e-m+fp/softfp\libc.a(lib_a-signalr.o)
                0x000073f4                _getpid_r
 .text._exit    0x000073f8        0x4 c:/maximsdk/tools/gnutools/10.3/bin/../lib/gcc/arm-none-eabi/10.3.1/../../../../arm-none-eabi/lib/thumb/v7e-m+fp/softfp\libnosys.a(_exit.o)
                0x000073f8                _exit
 .text          0x000073fc      0x378 c:/maximsdk/tools/gnutools/10.3/bin/../lib/gcc/arm-none-eabi/10.3.1/thumb/v7e-m+fp/softfp\libgcc.a(_arm_addsubdf3.o)
                0x000073fc                __aeabi_drsub
                0x00007404                __aeabi_dsub
                0x00007404                __subdf3
                0x00007408                __aeabi_dadd
                0x00007408                __adddf3
                0x00007680                __floatunsidf
                0x00007680                __aeabi_ui2d
                0x000076a0                __floatsidf
                0x000076a0                __aeabi_i2d
                0x000076c4                __aeabi_f2d
                0x000076c4                __extendsfdf2
                0x00007708                __floatundidf
                0x00007708                __aeabi_ul2d
                0x00007718                __floatdidf
                0x00007718                __aeabi_l2d
 .text          0x00007774      0x424 c:/maximsdk/tools/gnutools/10.3/bin/../lib/gcc/arm-none-eabi/10.3.1/thumb/v7e-m+fp/softfp\libgcc.a(_arm_muldivdf3.o)
                0x00007774                __aeabi_dmul
                0x00007774                __muldf3
                0x000079c8                __divdf3
                0x000079c8                __aeabi_ddiv
 .text          0x00007b98      0x110 c:/maximsdk/tools/gnutools/10.3/bin/../lib/gcc/arm-none-eabi/10.3.1/thumb/v7e-m+fp/softfp\libgcc.a(_arm_cmpdf2.o)
                0x00007b98                __gtdf2
                0x00007b98                __gedf2
                0x00007ba0                __ltdf2
                0x00007ba0                __ledf2
                0x00007ba8                __nedf2
                0x00007ba8                __eqdf2
                0x00007ba8                __cmpdf2
                0x00007c24                __aeabi_cdrcmple
                0x00007c34                __aeabi_cdcmpeq
                0x00007c34                __aeabi_cdcmple
                0x00007c44                __aeabi_dcmpeq
                0x00007c58                __aeabi_dcmplt
                0x00007c6c                __aeabi_dcmple
                0x00007c80                __aeabi_dcmpge
                0x00007c94                __aeabi_dcmpgt
 .text          0x00007ca8       0x2c c:/maximsdk/tools/gnutools/10.3/bin/../lib/gcc/arm-none-eabi/10.3.1/thumb/v7e-m+fp/softfp\libgcc.a(_arm_unorddf2.o)
                0x00007ca8                __unorddf2
                0x00007ca8                __aeabi_dcmpun
 .text          0x00007cd4       0x50 c:/maximsdk/tools/gnutools/10.3/bin/../lib/gcc/arm-none-eabi/10.3.1/thumb/v7e-m+fp/softfp\libgcc.a(_arm_fixdfsi.o)
                0x00007cd4                __aeabi_d2iz
                0x00007cd4                __fixdfsi
 .text          0x00007d24       0x30 c:/maximsdk/tools/gnutools/10.3/bin/../lib/gcc/arm-none-eabi/10.3.1/thumb/v7e-m+fp/softfp\libgcc.a(_aeabi_uldivmod.o)
                0x00007d24                __aeabi_uldivmod
 .text          0x00007d54      0x2d0 c:/maximsdk/tools/gnutools/10.3/bin/../lib/gcc/arm-none-eabi/10.3.1/thumb/v7e-m+fp/softfp\libgcc.a(_udivmoddi4.o)
                0x00007d54                __udivmoddi4
 .text          0x00008024        0x4 c:/maximsdk/tools/gnutools/10.3/bin/../lib/gcc/arm-none-eabi/10.3.1/thumb/v7e-m+fp/softfp\libgcc.a(_dvmd_tls.o)
                0x00008024                __aeabi_idiv0
                0x00008024                __aeabi_ldiv0
 *(.rodata*)
 .rodata.mxc_assert.str1.4
                0x00008028       0x19 c:/Users/ashutoshtiwari/eclipse-workspace/C-140/build/board.o
 *fill*         0x00008041        0x3 
 .rodata.Board_Init.str1.4
                0x00008044       0x18 c:/Users/ashutoshtiwari/eclipse-workspace/C-140/build/board.o
 .rodata.main.str1.4
                0x0000805c       0x1c c:/Users/ashutoshtiwari/eclipse-workspace/C-140/build/main.o
 .rodata.MXC_UART_RevA_Init.str1.4
                0x00008078       0x77 C:/MaximSDK/Libraries/PeriphDrivers/bin/MAX32660/softfp/libPeriphDriver_softfp.a(uart_reva.o)
 *fill*         0x000080ef        0x1 
 .rodata.gpio_cfg_uart0
                0x000080f0        0xc C:/MaximSDK/Libraries/PeriphDrivers/bin/MAX32660/softfp/libPeriphDriver_softfp.a(pins_me11.o)
                0x000080f0                gpio_cfg_uart0
 .rodata.gpio_cfg_uart1a
                0x000080fc        0xc C:/MaximSDK/Libraries/PeriphDrivers/bin/MAX32660/softfp/libPeriphDriver_softfp.a(pins_me11.o)
                0x000080fc                gpio_cfg_uart1a
 .rodata.gpio_cfg_uart1b
                0x00008108        0xc C:/MaximSDK/Libraries/PeriphDrivers/bin/MAX32660/softfp/libPeriphDriver_softfp.a(pins_me11.o)
                0x00008108                gpio_cfg_uart1b
 .rodata.gpio_cfg_uart1c
                0x00008114        0xc C:/MaximSDK/Libraries/PeriphDrivers/bin/MAX32660/softfp/libPeriphDriver_softfp.a(pins_me11.o)
                0x00008114                gpio_cfg_uart1c
 .rodata.MXC_GPIO_Common_Handler.str1.4
                0x00008120       0x66 C:/MaximSDK/Libraries/PeriphDrivers/bin/MAX32660/softfp/libPeriphDriver_softfp.a(gpio_common.o)
 *fill*         0x00008186        0x2 
 .rodata._global_impure_ptr
                0x00008188        0x4 c:/maximsdk/tools/gnutools/10.3/bin/../lib/gcc/arm-none-eabi/10.3.1/../../../../arm-none-eabi/lib/thumb/v7e-m+fp/softfp\libc.a(lib_a-impure.o)
                0x00008188                _global_impure_ptr
 .rodata._puts_r.str1.4
                0x0000818c        0x2 c:/maximsdk/tools/gnutools/10.3/bin/../lib/gcc/arm-none-eabi/10.3.1/../../../../arm-none-eabi/lib/thumb/v7e-m+fp/softfp\libc.a(lib_a-puts.o)
 *fill*         0x0000818e        0x2 
 .rodata._vfprintf_r.str1.4
                0x00008190       0x42 c:/maximsdk/tools/gnutools/10.3/bin/../lib/gcc/arm-none-eabi/10.3.1/../../../../arm-none-eabi/lib/thumb/v7e-m+fp/softfp\libc.a(lib_a-vfprintf.o)
 *fill*         0x000081d2        0x2 
 .rodata.blanks.1
                0x000081d4       0x10 c:/maximsdk/tools/gnutools/10.3/bin/../lib/gcc/arm-none-eabi/10.3.1/../../../../arm-none-eabi/lib/thumb/v7e-m+fp/softfp\libc.a(lib_a-vfprintf.o)
 .rodata.zeroes.0
                0x000081e4       0x10 c:/maximsdk/tools/gnutools/10.3/bin/../lib/gcc/arm-none-eabi/10.3.1/../../../../arm-none-eabi/lib/thumb/v7e-m+fp/softfp\libc.a(lib_a-vfprintf.o)
 .rodata._dtoa_r.str1.4
                0x000081f4       0xa2 c:/maximsdk/tools/gnutools/10.3/bin/../lib/gcc/arm-none-eabi/10.3.1/../../../../arm-none-eabi/lib/thumb/v7e-m+fp/softfp\libc.a(lib_a-dtoa.o)
                                 0xa6 (size before relaxing)
 *fill*         0x00008296        0x2 
 .rodata.__multadd.str1.4
                0x00008298       0x7f c:/maximsdk/tools/gnutools/10.3/bin/../lib/gcc/arm-none-eabi/10.3.1/../../../../arm-none-eabi/lib/thumb/v7e-m+fp/softfp\libc.a(lib_a-mprec.o)
                                 0x93 (size before relaxing)
 *fill*         0x00008317        0x1 
 .rodata.__mprec_bigtens
                0x00008318       0x28 c:/maximsdk/tools/gnutools/10.3/bin/../lib/gcc/arm-none-eabi/10.3.1/../../../../arm-none-eabi/lib/thumb/v7e-m+fp/softfp\libc.a(lib_a-mprec.o)
                0x00008318                __mprec_bigtens
 .rodata.__mprec_tens
                0x00008340       0xc8 c:/maximsdk/tools/gnutools/10.3/bin/../lib/gcc/arm-none-eabi/10.3.1/../../../../arm-none-eabi/lib/thumb/v7e-m+fp/softfp\libc.a(lib_a-mprec.o)
                0x00008340                __mprec_tens
 .rodata.p05.0  0x00008408        0xc c:/maximsdk/tools/gnutools/10.3/bin/../lib/gcc/arm-none-eabi/10.3.1/../../../../arm-none-eabi/lib/thumb/v7e-m+fp/softfp\libc.a(lib_a-mprec.o)
 .rodata._vfiprintf_r.str1.4
                0x00008414       0x2f c:/maximsdk/tools/gnutools/10.3/bin/../lib/gcc/arm-none-eabi/10.3.1/../../../../arm-none-eabi/lib/thumb/v7e-m+fp/softfp\libc.a(lib_a-vfiprintf.o)
 .rodata.blanks.1
                0x00008414       0x10 c:/maximsdk/tools/gnutools/10.3/bin/../lib/gcc/arm-none-eabi/10.3.1/../../../../arm-none-eabi/lib/thumb/v7e-m+fp/softfp\libc.a(lib_a-vfiprintf.o)
 .rodata.zeroes.0
                0x00008424       0x10 c:/maximsdk/tools/gnutools/10.3/bin/../lib/gcc/arm-none-eabi/10.3.1/../../../../arm-none-eabi/lib/thumb/v7e-m+fp/softfp\libc.a(lib_a-vfiprintf.o)
 .rodata.__assert_func.str1.4
                0x00008434       0x3f c:/maximsdk/tools/gnutools/10.3/bin/../lib/gcc/arm-none-eabi/10.3.1/../../../../arm-none-eabi/lib/thumb/v7e-m+fp/softfp\libc.a(lib_a-assert.o)
                                 0x43 (size before relaxing)
 *fill*         0x00008473        0x1 
 .rodata._setlocale_r.str1.4
                0x00008474        0xa c:/maximsdk/tools/gnutools/10.3/bin/../lib/gcc/arm-none-eabi/10.3.1/../../../../arm-none-eabi/lib/thumb/v7e-m+fp/softfp\libc.a(lib_a-locale.o)
                                  0xd (size before relaxing)
 *fill*         0x0000847e        0x2 
 .rodata.str1.4
                0x00008480        0x2 c:/maximsdk/tools/gnutools/10.3/bin/../lib/gcc/arm-none-eabi/10.3.1/../../../../arm-none-eabi/lib/thumb/v7e-m+fp/softfp\libc.a(lib_a-locale.o)
 *fill*         0x00008482        0x2 
 .rodata._ctype_
                0x00008484      0x101 c:/maximsdk/tools/gnutools/10.3/bin/../lib/gcc/arm-none-eabi/10.3.1/../../../../arm-none-eabi/lib/thumb/v7e-m+fp/softfp\libc.a(lib_a-ctype_.o)
                0x00008484                _ctype_
 *(.flashprog*)
 *(.init)
 *fill*         0x00008585        0x3 
 .init          0x00008588        0x4 c:/maximsdk/tools/gnutools/10.3/bin/../lib/gcc/arm-none-eabi/10.3.1/thumb/v7e-m+fp/softfp/crti.o
                0x00008588                _init
 .init          0x0000858c        0x8 c:/maximsdk/tools/gnutools/10.3/bin/../lib/gcc/arm-none-eabi/10.3.1/thumb/v7e-m+fp/softfp/crtn.o
 *(.fini)
 .fini          0x00008594        0x4 c:/maximsdk/tools/gnutools/10.3/bin/../lib/gcc/arm-none-eabi/10.3.1/thumb/v7e-m+fp/softfp/crti.o
                0x00008594                _fini
 .fini          0x00008598        0x8 c:/maximsdk/tools/gnutools/10.3/bin/../lib/gcc/arm-none-eabi/10.3.1/thumb/v7e-m+fp/softfp/crtn.o
 *crtbegin.o(.ctors)
 *crtbegin?.o(.ctors)
 *(EXCLUDE_FILE(*crtend.o *crtend?.o) .ctors)
 *(SORT_BY_NAME(.ctors.*))
 *(.ctors)
 *crtbegin.o(.dtors)
 *crtbegin?.o(.dtors)
 *(EXCLUDE_FILE(*crtend.o *crtend?.o) .dtors)
 *(SORT_BY_NAME(.dtors.*))
 *(.dtors)
 *(.eh_frame*)
 .eh_frame      0x000085a0        0x0 c:/maximsdk/tools/gnutools/10.3/bin/../lib/gcc/arm-none-eabi/10.3.1/thumb/v7e-m+fp/softfp/crtbegin.o
 .eh_frame      0x000085a0        0x4 c:/maximsdk/tools/gnutools/10.3/bin/../lib/gcc/arm-none-eabi/10.3.1/thumb/v7e-m+fp/softfp/crtend.o
                0x000085a4                _etext = .

.glue_7         0x000085a4        0x0
 .glue_7        0x000085a4        0x0 linker stubs

.glue_7t        0x000085a4        0x0
 .glue_7t       0x000085a4        0x0 linker stubs

.vfp11_veneer   0x000085a4        0x0
 .vfp11_veneer  0x000085a4        0x0 linker stubs

.v4_bx          0x000085a4        0x0
 .v4_bx         0x000085a4        0x0 linker stubs

.iplt           0x000085a4        0x0
 .iplt          0x000085a4        0x0 c:/maximsdk/tools/gnutools/10.3/bin/../lib/gcc/arm-none-eabi/10.3.1/thumb/v7e-m+fp/softfp/crtbegin.o

.ARM.extab
 *(.ARM.extab* .gnu.linkonce.armextab.*)

.ARM.exidx      0x000085a4        0x8
                0x000085a4                __exidx_start = .
 *(.ARM.exidx* .gnu.linkonce.armexidx.*)
 .ARM.exidx     0x000085a4        0x8 c:/maximsdk/tools/gnutools/10.3/bin/../lib/gcc/arm-none-eabi/10.3.1/thumb/v7e-m+fp/softfp\libgcc.a(_udivmoddi4.o)
                0x000085ac                __exidx_end = .

.rel.dyn        0x000085ac        0x0
 .rel.iplt      0x000085ac        0x0 c:/maximsdk/tools/gnutools/10.3/bin/../lib/gcc/arm-none-eabi/10.3.1/thumb/v7e-m+fp/softfp/crtbegin.o

.data           0x20000000      0x9c4 load address 0x000085ac
                0x20000000                _data = ALIGN (., 0x4)
 *(vtable)
 *(.data*)
 .data.ConsoleUart
                0x20000000        0x4 c:/Users/ashutoshtiwari/eclipse-workspace/C-140/build/board.o
                0x20000000                ConsoleUart
 .data.SystemCoreClock
                0x20000004        0x4 c:/Users/ashutoshtiwari/eclipse-workspace/C-140/build/system_max32660.o
                0x20000004                SystemCoreClock
 .data.overflows
                0x20000008        0x4 C:/MaximSDK/Libraries/PeriphDrivers/bin/MAX32660/softfp/libPeriphDriver_softfp.a(mxc_delay.o)
 .data._impure_ptr
                0x2000000c        0x4 c:/maximsdk/tools/gnutools/10.3/bin/../lib/gcc/arm-none-eabi/10.3.1/../../../../arm-none-eabi/lib/thumb/v7e-m+fp/softfp\libc.a(lib_a-impure.o)
                0x2000000c                _impure_ptr
 .data.impure_data
                0x20000010      0x428 c:/maximsdk/tools/gnutools/10.3/bin/../lib/gcc/arm-none-eabi/10.3.1/../../../../arm-none-eabi/lib/thumb/v7e-m+fp/softfp\libc.a(lib_a-impure.o)
 .data.__atexit_recursive_mutex
                0x20000438        0x4 c:/maximsdk/tools/gnutools/10.3/bin/../lib/gcc/arm-none-eabi/10.3.1/../../../../arm-none-eabi/lib/thumb/v7e-m+fp/softfp\libc.a(lib_a-__call_atexit.o)
                0x20000438                __atexit_recursive_mutex
 .data.__malloc_av_
                0x2000043c      0x408 c:/maximsdk/tools/gnutools/10.3/bin/../lib/gcc/arm-none-eabi/10.3.1/../../../../arm-none-eabi/lib/thumb/v7e-m+fp/softfp\libc.a(lib_a-mallocr.o)
                0x2000043c                __malloc_av_
 .data.__malloc_sbrk_base
                0x20000844        0x4 c:/maximsdk/tools/gnutools/10.3/bin/../lib/gcc/arm-none-eabi/10.3.1/../../../../arm-none-eabi/lib/thumb/v7e-m+fp/softfp\libc.a(lib_a-mallocr.o)
                0x20000844                __malloc_sbrk_base
 .data.__malloc_trim_threshold
                0x20000848        0x4 c:/maximsdk/tools/gnutools/10.3/bin/../lib/gcc/arm-none-eabi/10.3.1/../../../../arm-none-eabi/lib/thumb/v7e-m+fp/softfp\libc.a(lib_a-mallocr.o)
                0x20000848                __malloc_trim_threshold
 .data.__global_locale
                0x2000084c      0x16c c:/maximsdk/tools/gnutools/10.3/bin/../lib/gcc/arm-none-eabi/10.3.1/../../../../arm-none-eabi/lib/thumb/v7e-m+fp/softfp\libc.a(lib_a-locale.o)
                0x2000084c                __global_locale
 *(.spix_config*)
                0x200009b8                . = ALIGN (0x4)
                0x200009b8                PROVIDE (__preinit_array_start = .)
 *(.preinit_array)
                0x200009b8                PROVIDE (__preinit_array_end = .)
                0x200009b8                . = ALIGN (0x4)
                0x200009b8                PROVIDE (__init_array_start = .)
 *(SORT_BY_NAME(.init_array.*))
 .init_array.00000
                0x200009b8        0x4 c:/maximsdk/tools/gnutools/10.3/bin/../lib/gcc/arm-none-eabi/10.3.1/../../../../arm-none-eabi/lib/thumb/v7e-m+fp/softfp\libc.a(lib_a-__call_atexit.o)
 *(.init_array)
 .init_array    0x200009bc        0x4 c:/maximsdk/tools/gnutools/10.3/bin/../lib/gcc/arm-none-eabi/10.3.1/thumb/v7e-m+fp/softfp/crtbegin.o
                0x200009c0                PROVIDE (__init_array_end = .)
                0x200009c0                . = ALIGN (0x4)
                0x200009c0                PROVIDE (__fini_array_start = .)
 *(SORT_BY_NAME(.fini_array.*))
 *(.fini_array)
 .fini_array    0x200009c0        0x4 c:/maximsdk/tools/gnutools/10.3/bin/../lib/gcc/arm-none-eabi/10.3.1/thumb/v7e-m+fp/softfp/crtbegin.o
                0x200009c4                PROVIDE (__fini_array_end = .)
                0x200009c4                _edata = ALIGN (., 0x4)
                0x000085ac                __load_data = LOADADDR (.data)

.igot.plt       0x200009c4        0x0 load address 0x00008f70
 .igot.plt      0x200009c4        0x0 c:/maximsdk/tools/gnutools/10.3/bin/../lib/gcc/arm-none-eabi/10.3.1/thumb/v7e-m+fp/softfp/crtbegin.o

.bss            0x200009c4      0x10c load address 0x00008f70
                0x200009c4                . = ALIGN (0x4)
                0x200009c4                _bss = .
 *(.bss*)
 .bss           0x200009c4       0x1c c:/maximsdk/tools/gnutools/10.3/bin/../lib/gcc/arm-none-eabi/10.3.1/thumb/v7e-m+fp/softfp/crtbegin.o
 .bss.heap_end  0x200009e0        0x4 c:/Users/ashutoshtiwari/eclipse-workspace/C-140/build/heap.o
 .bss.cbFunc    0x200009e4        0x4 C:/MaximSDK/Libraries/PeriphDrivers/bin/MAX32660/softfp/libPeriphDriver_softfp.a(mxc_delay.o)
 .bss.ctrl_save
                0x200009e8        0x4 C:/MaximSDK/Libraries/PeriphDrivers/bin/MAX32660/softfp/libPeriphDriver_softfp.a(mxc_delay.o)
 .bss.endtick   0x200009ec        0x4 C:/MaximSDK/Libraries/PeriphDrivers/bin/MAX32660/softfp/libPeriphDriver_softfp.a(mxc_delay.o)
 .bss.states    0x200009f0       0x28 C:/MaximSDK/Libraries/PeriphDrivers/bin/MAX32660/softfp/libPeriphDriver_softfp.a(uart_reva.o)
                0x200009f0                states
 .bss.callback  0x20000a18       0x38 C:/MaximSDK/Libraries/PeriphDrivers/bin/MAX32660/softfp/libPeriphDriver_softfp.a(gpio_common.o)
 .bss.cbparam   0x20000a50       0x38 C:/MaximSDK/Libraries/PeriphDrivers/bin/MAX32660/softfp/libPeriphDriver_softfp.a(gpio_common.o)
 .bss.__lock___atexit_recursive_mutex
                0x20000a88        0x1 c:/maximsdk/tools/gnutools/10.3/bin/../lib/gcc/arm-none-eabi/10.3.1/../../../../arm-none-eabi/lib/thumb/v7e-m+fp/softfp\libc.a(lib_a-lock.o)
                0x20000a88                __lock___atexit_recursive_mutex
 *fill*         0x20000a89        0x3 
 .bss.__lock___malloc_recursive_mutex
                0x20000a8c        0x1 c:/maximsdk/tools/gnutools/10.3/bin/../lib/gcc/arm-none-eabi/10.3.1/../../../../arm-none-eabi/lib/thumb/v7e-m+fp/softfp\libc.a(lib_a-lock.o)
                0x20000a8c                __lock___malloc_recursive_mutex
 *fill*         0x20000a8d        0x3 
 .bss.__lock___sfp_recursive_mutex
                0x20000a90        0x1 c:/maximsdk/tools/gnutools/10.3/bin/../lib/gcc/arm-none-eabi/10.3.1/../../../../arm-none-eabi/lib/thumb/v7e-m+fp/softfp\libc.a(lib_a-lock.o)
                0x20000a90                __lock___sfp_recursive_mutex
 *fill*         0x20000a91        0x3 
 .bss.__lock___sinit_recursive_mutex
                0x20000a94        0x1 c:/maximsdk/tools/gnutools/10.3/bin/../lib/gcc/arm-none-eabi/10.3.1/../../../../arm-none-eabi/lib/thumb/v7e-m+fp/softfp\libc.a(lib_a-lock.o)
                0x20000a94                __lock___sinit_recursive_mutex
 *fill*         0x20000a95        0x3 
 .bss.__malloc_current_mallinfo
                0x20000a98       0x28 c:/maximsdk/tools/gnutools/10.3/bin/../lib/gcc/arm-none-eabi/10.3.1/../../../../arm-none-eabi/lib/thumb/v7e-m+fp/softfp\libc.a(lib_a-mallocr.o)
                0x20000a98                __malloc_current_mallinfo
 .bss.__malloc_max_sbrked_mem
                0x20000ac0        0x4 c:/maximsdk/tools/gnutools/10.3/bin/../lib/gcc/arm-none-eabi/10.3.1/../../../../arm-none-eabi/lib/thumb/v7e-m+fp/softfp\libc.a(lib_a-mallocr.o)
                0x20000ac0                __malloc_max_sbrked_mem
 .bss.__malloc_max_total_mem
                0x20000ac4        0x4 c:/maximsdk/tools/gnutools/10.3/bin/../lib/gcc/arm-none-eabi/10.3.1/../../../../arm-none-eabi/lib/thumb/v7e-m+fp/softfp\libc.a(lib_a-mallocr.o)
                0x20000ac4                __malloc_max_total_mem
 .bss.__malloc_top_pad
                0x20000ac8        0x4 c:/maximsdk/tools/gnutools/10.3/bin/../lib/gcc/arm-none-eabi/10.3.1/../../../../arm-none-eabi/lib/thumb/v7e-m+fp/softfp\libc.a(lib_a-mallocr.o)
                0x20000ac8                __malloc_top_pad
 .bss.errno     0x20000acc        0x4 c:/maximsdk/tools/gnutools/10.3/bin/../lib/gcc/arm-none-eabi/10.3.1/../../../../arm-none-eabi/lib/thumb/v7e-m+fp/softfp\libc.a(lib_a-reent.o)
                0x20000acc                errno
 *(COMMON)
                0x20000ad0                _ebss = ALIGN (., 0x4)
                0x20018000                __StackTop = (ORIGIN (SRAM) + LENGTH (SRAM))
                0x20017000                __StackLimit = (__StackTop - SIZEOF (.stack_dummy))

.stack_dummy    0x20000ad0     0x1000 load address 0x00008f70
 *(.stack*)
 .stack         0x20000ad0     0x1000 c:/Users/ashutoshtiwari/eclipse-workspace/C-140/build/startup_max32660.o

.heap           0x20000ad0      0xc00 load address 0x00008f70
                0x20000ad0                . = ALIGN (0x4)
 *(.heap*)
 .heap          0x20000ad0      0xc00 c:/Users/ashutoshtiwari/eclipse-workspace/C-140/build/startup_max32660.o
                0x20000ad0                __HeapBase
                0x20017000                __HeapLimit = ABSOLUTE (__StackLimit)
                0x20018000                PROVIDE (__stack = __StackTop)
                0x00000001                ASSERT ((__StackLimit >= _ebss), region RAM overflowed with stack)
OUTPUT(c:/Users/ashutoshtiwari/eclipse-workspace/C-140/build/C-140.elf elf32-littlearm)
LOAD linker stubs

.ARM.attributes
                0x00000000       0x2e
 .ARM.attributes
                0x00000000       0x1e c:/maximsdk/tools/gnutools/10.3/bin/../lib/gcc/arm-none-eabi/10.3.1/thumb/v7e-m+fp/softfp/crti.o
 .ARM.attributes
                0x0000001e       0x32 c:/maximsdk/tools/gnutools/10.3/bin/../lib/gcc/arm-none-eabi/10.3.1/thumb/v7e-m+fp/softfp/crtbegin.o
 .ARM.attributes
                0x00000050       0x32 c:/Users/ashutoshtiwari/eclipse-workspace/C-140/build/board.o
 .ARM.attributes
                0x00000082       0x32 c:/Users/ashutoshtiwari/eclipse-workspace/C-140/build/main.o
 .ARM.attributes
                0x000000b4       0x32 c:/Users/ashutoshtiwari/eclipse-workspace/C-140/build/stdio.o
 .ARM.attributes
                0x000000e6       0x1b c:/Users/ashutoshtiwari/eclipse-workspace/C-140/build/startup_max32660.o
 .ARM.attributes
                0x00000101       0x32 c:/Users/ashutoshtiwari/eclipse-workspace/C-140/build/heap.o
 .ARM.attributes
                0x00000133       0x32 c:/Users/ashutoshtiwari/eclipse-workspace/C-140/build/system_max32660.o
 .ARM.attributes
                0x00000165       0x32 C:/MaximSDK/Libraries/PeriphDrivers/bin/MAX32660/softfp/libPeriphDriver_softfp.a(mxc_delay.o)
 .ARM.attributes
                0x00000197       0x32 C:/MaximSDK/Libraries/PeriphDrivers/bin/MAX32660/softfp/libPeriphDriver_softfp.a(sys_me11.o)
 .ARM.attributes
                0x000001c9       0x32 C:/MaximSDK/Libraries/PeriphDrivers/bin/MAX32660/softfp/libPeriphDriver_softfp.a(gpio_me11.o)
 .ARM.attributes
                0x000001fb       0x32 C:/MaximSDK/Libraries/PeriphDrivers/bin/MAX32660/softfp/libPeriphDriver_softfp.a(gpio_reva.o)
 .ARM.attributes
                0x0000022d       0x32 C:/MaximSDK/Libraries/PeriphDrivers/bin/MAX32660/softfp/libPeriphDriver_softfp.a(uart_me11.o)
 .ARM.attributes
                0x0000025f       0x32 C:/MaximSDK/Libraries/PeriphDrivers/bin/MAX32660/softfp/libPeriphDriver_softfp.a(uart_reva.o)
 .ARM.attributes
                0x00000291       0x32 C:/MaximSDK/Libraries/PeriphDrivers/bin/MAX32660/softfp/libPeriphDriver_softfp.a(pins_me11.o)
 .ARM.attributes
                0x000002c3       0x32 C:/MaximSDK/Libraries/PeriphDrivers/bin/MAX32660/softfp/libPeriphDriver_softfp.a(gpio_common.o)
 .ARM.attributes
                0x000002f5       0x32 C:/MaximSDK/Libraries/PeriphDrivers/bin/MAX32660/softfp/libPeriphDriver_softfp.a(uart_common.o)
 .ARM.attributes
                0x00000327       0x32 c:/maximsdk/tools/gnutools/10.3/bin/../lib/gcc/arm-none-eabi/10.3.1/../../../../arm-none-eabi/lib/thumb/v7e-m+fp/softfp\libc.a(lib_a-errno.o)
 .ARM.attributes
                0x00000359       0x32 c:/maximsdk/tools/gnutools/10.3/bin/../lib/gcc/arm-none-eabi/10.3.1/../../../../arm-none-eabi/lib/thumb/v7e-m+fp/softfp\libc.a(lib_a-impure.o)
 .ARM.attributes
                0x0000038b       0x32 c:/maximsdk/tools/gnutools/10.3/bin/../lib/gcc/arm-none-eabi/10.3.1/../../../../arm-none-eabi/lib/thumb/v7e-m+fp/softfp\libc.a(lib_a-init.o)
 .ARM.attributes
                0x000003bd       0x1c c:/maximsdk/tools/gnutools/10.3/bin/../lib/gcc/arm-none-eabi/10.3.1/../../../../arm-none-eabi/lib/thumb/v7e-m+fp/softfp\libc.a(lib_a-memcpy.o)
 .ARM.attributes
                0x000003d9       0x32 c:/maximsdk/tools/gnutools/10.3/bin/../lib/gcc/arm-none-eabi/10.3.1/../../../../arm-none-eabi/lib/thumb/v7e-m+fp/softfp\libc.a(lib_a-memset.o)
 .ARM.attributes
                0x0000040b       0x32 c:/maximsdk/tools/gnutools/10.3/bin/../lib/gcc/arm-none-eabi/10.3.1/../../../../arm-none-eabi/lib/thumb/v7e-m+fp/softfp\libc.a(lib_a-printf.o)
 .ARM.attributes
                0x0000043d       0x32 c:/maximsdk/tools/gnutools/10.3/bin/../lib/gcc/arm-none-eabi/10.3.1/../../../../arm-none-eabi/lib/thumb/v7e-m+fp/softfp\libc.a(lib_a-puts.o)
 .ARM.attributes
                0x0000046f       0x1c c:/maximsdk/tools/gnutools/10.3/bin/../lib/gcc/arm-none-eabi/10.3.1/../../../../arm-none-eabi/lib/thumb/v7e-m+fp/softfp\libc.a(lib_a-strlen.o)
 .ARM.attributes
                0x0000048b       0x32 c:/maximsdk/tools/gnutools/10.3/bin/../lib/gcc/arm-none-eabi/10.3.1/../../../../arm-none-eabi/lib/thumb/v7e-m+fp/softfp\libc.a(lib_a-vfprintf.o)
 .ARM.attributes
                0x000004bd       0x32 c:/maximsdk/tools/gnutools/10.3/bin/../lib/gcc/arm-none-eabi/10.3.1/../../../../arm-none-eabi/lib/thumb/v7e-m+fp/softfp\libc.a(lib_a-wsetup.o)
 .ARM.attributes
                0x000004ef       0x32 c:/maximsdk/tools/gnutools/10.3/bin/../lib/gcc/arm-none-eabi/10.3.1/../../../../arm-none-eabi/lib/thumb/v7e-m+fp/softfp\libc.a(lib_a-__call_atexit.o)
 .ARM.attributes
                0x00000521       0x32 c:/maximsdk/tools/gnutools/10.3/bin/../lib/gcc/arm-none-eabi/10.3.1/../../../../arm-none-eabi/lib/thumb/v7e-m+fp/softfp\libc.a(lib_a-atexit.o)
 .ARM.attributes
                0x00000553       0x32 c:/maximsdk/tools/gnutools/10.3/bin/../lib/gcc/arm-none-eabi/10.3.1/../../../../arm-none-eabi/lib/thumb/v7e-m+fp/softfp\libc.a(lib_a-dtoa.o)
 .ARM.attributes
                0x00000585       0x32 c:/maximsdk/tools/gnutools/10.3/bin/../lib/gcc/arm-none-eabi/10.3.1/../../../../arm-none-eabi/lib/thumb/v7e-m+fp/softfp\libc.a(lib_a-fflush.o)
 .ARM.attributes
                0x000005b7       0x32 c:/maximsdk/tools/gnutools/10.3/bin/../lib/gcc/arm-none-eabi/10.3.1/../../../../arm-none-eabi/lib/thumb/v7e-m+fp/softfp\libc.a(lib_a-findfp.o)
 .ARM.attributes
                0x000005e9       0x32 c:/maximsdk/tools/gnutools/10.3/bin/../lib/gcc/arm-none-eabi/10.3.1/../../../../arm-none-eabi/lib/thumb/v7e-m+fp/softfp\libc.a(lib_a-fini.o)
 .ARM.attributes
                0x0000061b       0x32 c:/maximsdk/tools/gnutools/10.3/bin/../lib/gcc/arm-none-eabi/10.3.1/../../../../arm-none-eabi/lib/thumb/v7e-m+fp/softfp\libc.a(lib_a-freer.o)
 .ARM.attributes
                0x0000064d       0x32 c:/maximsdk/tools/gnutools/10.3/bin/../lib/gcc/arm-none-eabi/10.3.1/../../../../arm-none-eabi/lib/thumb/v7e-m+fp/softfp\libc.a(lib_a-fvwrite.o)
 .ARM.attributes
                0x0000067f       0x32 c:/maximsdk/tools/gnutools/10.3/bin/../lib/gcc/arm-none-eabi/10.3.1/../../../../arm-none-eabi/lib/thumb/v7e-m+fp/softfp\libc.a(lib_a-fwalk.o)
 .ARM.attributes
                0x000006b1       0x32 c:/maximsdk/tools/gnutools/10.3/bin/../lib/gcc/arm-none-eabi/10.3.1/../../../../arm-none-eabi/lib/thumb/v7e-m+fp/softfp\libc.a(lib_a-localeconv.o)
 .ARM.attributes
                0x000006e3       0x32 c:/maximsdk/tools/gnutools/10.3/bin/../lib/gcc/arm-none-eabi/10.3.1/../../../../arm-none-eabi/lib/thumb/v7e-m+fp/softfp\libc.a(lib_a-lock.o)
 .ARM.attributes
                0x00000715       0x32 c:/maximsdk/tools/gnutools/10.3/bin/../lib/gcc/arm-none-eabi/10.3.1/../../../../arm-none-eabi/lib/thumb/v7e-m+fp/softfp\libc.a(lib_a-makebuf.o)
 .ARM.attributes
                0x00000747       0x32 c:/maximsdk/tools/gnutools/10.3/bin/../lib/gcc/arm-none-eabi/10.3.1/../../../../arm-none-eabi/lib/thumb/v7e-m+fp/softfp\libc.a(lib_a-mallocr.o)
 .ARM.attributes
                0x00000779       0x1c c:/maximsdk/tools/gnutools/10.3/bin/../lib/gcc/arm-none-eabi/10.3.1/../../../../arm-none-eabi/lib/thumb/v7e-m+fp/softfp\libc.a(lib_a-memchr.o)
 .ARM.attributes
                0x00000795       0x32 c:/maximsdk/tools/gnutools/10.3/bin/../lib/gcc/arm-none-eabi/10.3.1/../../../../arm-none-eabi/lib/thumb/v7e-m+fp/softfp\libc.a(lib_a-memmove.o)
 .ARM.attributes
                0x000007c7       0x32 c:/maximsdk/tools/gnutools/10.3/bin/../lib/gcc/arm-none-eabi/10.3.1/../../../../arm-none-eabi/lib/thumb/v7e-m+fp/softfp\libc.a(lib_a-mlock.o)
 .ARM.attributes
                0x000007f9       0x32 c:/maximsdk/tools/gnutools/10.3/bin/../lib/gcc/arm-none-eabi/10.3.1/../../../../arm-none-eabi/lib/thumb/v7e-m+fp/softfp\libc.a(lib_a-mprec.o)
 .ARM.attributes
                0x0000082b       0x32 c:/maximsdk/tools/gnutools/10.3/bin/../lib/gcc/arm-none-eabi/10.3.1/../../../../arm-none-eabi/lib/thumb/v7e-m+fp/softfp\libc.a(lib_a-reallocr.o)
 .ARM.attributes
                0x0000085d       0x32 c:/maximsdk/tools/gnutools/10.3/bin/../lib/gcc/arm-none-eabi/10.3.1/../../../../arm-none-eabi/lib/thumb/v7e-m+fp/softfp\libc.a(lib_a-s_frexp.o)
 .ARM.attributes
                0x0000088f       0x32 c:/maximsdk/tools/gnutools/10.3/bin/../lib/gcc/arm-none-eabi/10.3.1/../../../../arm-none-eabi/lib/thumb/v7e-m+fp/softfp\libc.a(lib_a-sbrkr.o)
 .ARM.attributes
                0x000008c1       0x32 c:/maximsdk/tools/gnutools/10.3/bin/../lib/gcc/arm-none-eabi/10.3.1/../../../../arm-none-eabi/lib/thumb/v7e-m+fp/softfp\libc.a(lib_a-stdio.o)
 .ARM.attributes
                0x000008f3       0x32 c:/maximsdk/tools/gnutools/10.3/bin/../lib/gcc/arm-none-eabi/10.3.1/../../../../arm-none-eabi/lib/thumb/v7e-m+fp/softfp\libc.a(lib_a-strncpy.o)
 .ARM.attributes
                0x00000925       0x32 c:/maximsdk/tools/gnutools/10.3/bin/../lib/gcc/arm-none-eabi/10.3.1/../../../../arm-none-eabi/lib/thumb/v7e-m+fp/softfp\libc.a(lib_a-vfiprintf.o)
 .ARM.attributes
                0x00000957       0x32 c:/maximsdk/tools/gnutools/10.3/bin/../lib/gcc/arm-none-eabi/10.3.1/../../../../arm-none-eabi/lib/thumb/v7e-m+fp/softfp\libc.a(lib_a-writer.o)
 .ARM.attributes
                0x00000989       0x32 c:/maximsdk/tools/gnutools/10.3/bin/../lib/gcc/arm-none-eabi/10.3.1/../../../../arm-none-eabi/lib/thumb/v7e-m+fp/softfp\libc.a(lib_a-__atexit.o)
 .ARM.attributes
                0x000009bb       0x32 c:/maximsdk/tools/gnutools/10.3/bin/../lib/gcc/arm-none-eabi/10.3.1/../../../../arm-none-eabi/lib/thumb/v7e-m+fp/softfp\libc.a(lib_a-assert.o)
 .ARM.attributes
                0x000009ed       0x32 c:/maximsdk/tools/gnutools/10.3/bin/../lib/gcc/arm-none-eabi/10.3.1/../../../../arm-none-eabi/lib/thumb/v7e-m+fp/softfp\libc.a(lib_a-callocr.o)
 .ARM.attributes
                0x00000a1f       0x32 c:/maximsdk/tools/gnutools/10.3/bin/../lib/gcc/arm-none-eabi/10.3.1/../../../../arm-none-eabi/lib/thumb/v7e-m+fp/softfp\libc.a(lib_a-closer.o)
 .ARM.attributes
                0x00000a51       0x32 c:/maximsdk/tools/gnutools/10.3/bin/../lib/gcc/arm-none-eabi/10.3.1/../../../../arm-none-eabi/lib/thumb/v7e-m+fp/softfp\libc.a(lib_a-fclose.o)
 .ARM.attributes
                0x00000a83       0x32 c:/maximsdk/tools/gnutools/10.3/bin/../lib/gcc/arm-none-eabi/10.3.1/../../../../arm-none-eabi/lib/thumb/v7e-m+fp/softfp\libc.a(lib_a-fiprintf.o)
 .ARM.attributes
                0x00000ab5       0x32 c:/maximsdk/tools/gnutools/10.3/bin/../lib/gcc/arm-none-eabi/10.3.1/../../../../arm-none-eabi/lib/thumb/v7e-m+fp/softfp\libc.a(lib_a-fputwc.o)
 .ARM.attributes
                0x00000ae7       0x32 c:/maximsdk/tools/gnutools/10.3/bin/../lib/gcc/arm-none-eabi/10.3.1/../../../../arm-none-eabi/lib/thumb/v7e-m+fp/softfp\libc.a(lib_a-fstatr.o)
 .ARM.attributes
                0x00000b19       0x32 c:/maximsdk/tools/gnutools/10.3/bin/../lib/gcc/arm-none-eabi/10.3.1/../../../../arm-none-eabi/lib/thumb/v7e-m+fp/softfp\libc.a(lib_a-isattyr.o)
 .ARM.attributes
                0x00000b4b       0x32 c:/maximsdk/tools/gnutools/10.3/bin/../lib/gcc/arm-none-eabi/10.3.1/../../../../arm-none-eabi/lib/thumb/v7e-m+fp/softfp\libc.a(lib_a-locale.o)
 .ARM.attributes
                0x00000b7d       0x32 c:/maximsdk/tools/gnutools/10.3/bin/../lib/gcc/arm-none-eabi/10.3.1/../../../../arm-none-eabi/lib/thumb/v7e-m+fp/softfp\libc.a(lib_a-lseekr.o)
 .ARM.attributes
                0x00000baf       0x32 c:/maximsdk/tools/gnutools/10.3/bin/../lib/gcc/arm-none-eabi/10.3.1/../../../../arm-none-eabi/lib/thumb/v7e-m+fp/softfp\libc.a(lib_a-mbtowc_r.o)
 .ARM.attributes
                0x00000be1       0x32 c:/maximsdk/tools/gnutools/10.3/bin/../lib/gcc/arm-none-eabi/10.3.1/../../../../arm-none-eabi/lib/thumb/v7e-m+fp/softfp\libc.a(lib_a-readr.o)
 .ARM.attributes
                0x00000c13       0x32 c:/maximsdk/tools/gnutools/10.3/bin/../lib/gcc/arm-none-eabi/10.3.1/../../../../arm-none-eabi/lib/thumb/v7e-m+fp/softfp\libc.a(lib_a-reent.o)
 .ARM.attributes
                0x00000c45       0x32 c:/maximsdk/tools/gnutools/10.3/bin/../lib/gcc/arm-none-eabi/10.3.1/../../../../arm-none-eabi/lib/thumb/v7e-m+fp/softfp\libc.a(lib_a-wbuf.o)
 .ARM.attributes
                0x00000c77       0x32 c:/maximsdk/tools/gnutools/10.3/bin/../lib/gcc/arm-none-eabi/10.3.1/../../../../arm-none-eabi/lib/thumb/v7e-m+fp/softfp\libc.a(lib_a-wcrtomb.o)
 .ARM.attributes
                0x00000ca9       0x32 c:/maximsdk/tools/gnutools/10.3/bin/../lib/gcc/arm-none-eabi/10.3.1/../../../../arm-none-eabi/lib/thumb/v7e-m+fp/softfp\libc.a(lib_a-wctomb_r.o)
 .ARM.attributes
                0x00000cdb       0x32 c:/maximsdk/tools/gnutools/10.3/bin/../lib/gcc/arm-none-eabi/10.3.1/../../../../arm-none-eabi/lib/thumb/v7e-m+fp/softfp\libc.a(lib_a-abort.o)
 .ARM.attributes
                0x00000d0d       0x32 c:/maximsdk/tools/gnutools/10.3/bin/../lib/gcc/arm-none-eabi/10.3.1/../../../../arm-none-eabi/lib/thumb/v7e-m+fp/softfp\libc.a(lib_a-ctype_.o)
 .ARM.attributes
                0x00000d3f       0x32 c:/maximsdk/tools/gnutools/10.3/bin/../lib/gcc/arm-none-eabi/10.3.1/../../../../arm-none-eabi/lib/thumb/v7e-m+fp/softfp\libc.a(lib_a-signal.o)
 .ARM.attributes
                0x00000d71       0x32 c:/maximsdk/tools/gnutools/10.3/bin/../lib/gcc/arm-none-eabi/10.3.1/../../../../arm-none-eabi/lib/thumb/v7e-m+fp/softfp\libc.a(lib_a-signalr.o)
 .ARM.attributes
                0x00000da3       0x32 c:/maximsdk/tools/gnutools/10.3/bin/../lib/gcc/arm-none-eabi/10.3.1/../../../../arm-none-eabi/lib/thumb/v7e-m+fp/softfp\libnosys.a(_exit.o)
 .ARM.attributes
                0x00000dd5       0x1e c:/maximsdk/tools/gnutools/10.3/bin/../lib/gcc/arm-none-eabi/10.3.1/thumb/v7e-m+fp/softfp\libgcc.a(_arm_addsubdf3.o)
 .ARM.attributes
                0x00000df3       0x1e c:/maximsdk/tools/gnutools/10.3/bin/../lib/gcc/arm-none-eabi/10.3.1/thumb/v7e-m+fp/softfp\libgcc.a(_arm_muldivdf3.o)
 .ARM.attributes
                0x00000e11       0x1e c:/maximsdk/tools/gnutools/10.3/bin/../lib/gcc/arm-none-eabi/10.3.1/thumb/v7e-m+fp/softfp\libgcc.a(_arm_cmpdf2.o)
 .ARM.attributes
                0x00000e2f       0x1e c:/maximsdk/tools/gnutools/10.3/bin/../lib/gcc/arm-none-eabi/10.3.1/thumb/v7e-m+fp/softfp\libgcc.a(_arm_unorddf2.o)
 .ARM.attributes
                0x00000e4d       0x1e c:/maximsdk/tools/gnutools/10.3/bin/../lib/gcc/arm-none-eabi/10.3.1/thumb/v7e-m+fp/softfp\libgcc.a(_arm_fixdfsi.o)
 .ARM.attributes
                0x00000e6b       0x1e c:/maximsdk/tools/gnutools/10.3/bin/../lib/gcc/arm-none-eabi/10.3.1/thumb/v7e-m+fp/softfp\libgcc.a(_aeabi_uldivmod.o)
 .ARM.attributes
                0x00000e89       0x32 c:/maximsdk/tools/gnutools/10.3/bin/../lib/gcc/arm-none-eabi/10.3.1/thumb/v7e-m+fp/softfp\libgcc.a(_udivmoddi4.o)
 .ARM.attributes
                0x00000ebb       0x1e c:/maximsdk/tools/gnutools/10.3/bin/../lib/gcc/arm-none-eabi/10.3.1/thumb/v7e-m+fp/softfp\libgcc.a(_dvmd_tls.o)
 .ARM.attributes
                0x00000ed9       0x32 c:/maximsdk/tools/gnutools/10.3/bin/../lib/gcc/arm-none-eabi/10.3.1/thumb/v7e-m+fp/softfp/crtend.o
 .ARM.attributes
                0x00000f0b       0x1e c:/maximsdk/tools/gnutools/10.3/bin/../lib/gcc/arm-none-eabi/10.3.1/thumb/v7e-m+fp/softfp/crtn.o

.comment        0x00000000       0x49
 .comment       0x00000000       0x49 c:/Users/ashutoshtiwari/eclipse-workspace/C-140/build/board.o
                                 0x4a (size before relaxing)
 .comment       0x00000049       0x4a c:/Users/ashutoshtiwari/eclipse-workspace/C-140/build/main.o
 .comment       0x00000049       0x4a c:/Users/ashutoshtiwari/eclipse-workspace/C-140/build/stdio.o
 .comment       0x00000049       0x4a c:/Users/ashutoshtiwari/eclipse-workspace/C-140/build/heap.o
 .comment       0x00000049       0x4a c:/Users/ashutoshtiwari/eclipse-workspace/C-140/build/system_max32660.o
 .comment       0x00000049       0x4a C:/MaximSDK/Libraries/PeriphDrivers/bin/MAX32660/softfp/libPeriphDriver_softfp.a(mxc_delay.o)
 .comment       0x00000049       0x4a C:/MaximSDK/Libraries/PeriphDrivers/bin/MAX32660/softfp/libPeriphDriver_softfp.a(sys_me11.o)
 .comment       0x00000049       0x4a C:/MaximSDK/Libraries/PeriphDrivers/bin/MAX32660/softfp/libPeriphDriver_softfp.a(gpio_me11.o)
 .comment       0x00000049       0x4a C:/MaximSDK/Libraries/PeriphDrivers/bin/MAX32660/softfp/libPeriphDriver_softfp.a(gpio_reva.o)
 .comment       0x00000049       0x4a C:/MaximSDK/Libraries/PeriphDrivers/bin/MAX32660/softfp/libPeriphDriver_softfp.a(uart_me11.o)
 .comment       0x00000049       0x4a C:/MaximSDK/Libraries/PeriphDrivers/bin/MAX32660/softfp/libPeriphDriver_softfp.a(uart_reva.o)
 .comment       0x00000049       0x4a C:/MaximSDK/Libraries/PeriphDrivers/bin/MAX32660/softfp/libPeriphDriver_softfp.a(pins_me11.o)
 .comment       0x00000049       0x4a C:/MaximSDK/Libraries/PeriphDrivers/bin/MAX32660/softfp/libPeriphDriver_softfp.a(gpio_common.o)
 .comment       0x00000049       0x4a C:/MaximSDK/Libraries/PeriphDrivers/bin/MAX32660/softfp/libPeriphDriver_softfp.a(uart_common.o)

.debug_info     0x00000000     0x9289
 .debug_info    0x00000000      0x82d c:/Users/ashutoshtiwari/eclipse-workspace/C-140/build/board.o
 .debug_info    0x0000082d      0x128 c:/Users/ashutoshtiwari/eclipse-workspace/C-140/build/main.o
 .debug_info    0x00000955      0x635 c:/Users/ashutoshtiwari/eclipse-workspace/C-140/build/stdio.o
 .debug_info    0x00000f8a      0x112 c:/Users/ashutoshtiwari/eclipse-workspace/C-140/build/heap.o
 .debug_info    0x0000109c      0x703 c:/Users/ashutoshtiwari/eclipse-workspace/C-140/build/system_max32660.o
 .debug_info    0x0000179f      0x37f C:/MaximSDK/Libraries/PeriphDrivers/bin/MAX32660/softfp/libPeriphDriver_softfp.a(mxc_delay.o)
 .debug_info    0x00001b1e      0x728 C:/MaximSDK/Libraries/PeriphDrivers/bin/MAX32660/softfp/libPeriphDriver_softfp.a(sys_me11.o)
 .debug_info    0x00002246     0x1064 C:/MaximSDK/Libraries/PeriphDrivers/bin/MAX32660/softfp/libPeriphDriver_softfp.a(gpio_me11.o)
 .debug_info    0x000032aa      0xaa7 C:/MaximSDK/Libraries/PeriphDrivers/bin/MAX32660/softfp/libPeriphDriver_softfp.a(gpio_reva.o)
 .debug_info    0x00003d51     0x21b5 C:/MaximSDK/Libraries/PeriphDrivers/bin/MAX32660/softfp/libPeriphDriver_softfp.a(uart_me11.o)
 .debug_info    0x00005f06     0x24e3 C:/MaximSDK/Libraries/PeriphDrivers/bin/MAX32660/softfp/libPeriphDriver_softfp.a(uart_reva.o)
 .debug_info    0x000083e9      0x5d3 C:/MaximSDK/Libraries/PeriphDrivers/bin/MAX32660/softfp/libPeriphDriver_softfp.a(pins_me11.o)
 .debug_info    0x000089bc      0x64c C:/MaximSDK/Libraries/PeriphDrivers/bin/MAX32660/softfp/libPeriphDriver_softfp.a(gpio_common.o)
 .debug_info    0x00009008      0x281 C:/MaximSDK/Libraries/PeriphDrivers/bin/MAX32660/softfp/libPeriphDriver_softfp.a(uart_common.o)

.debug_abbrev   0x00000000     0x1747
 .debug_abbrev  0x00000000      0x1bb c:/Users/ashutoshtiwari/eclipse-workspace/C-140/build/board.o
 .debug_abbrev  0x000001bb       0xa7 c:/Users/ashutoshtiwari/eclipse-workspace/C-140/build/main.o
 .debug_abbrev  0x00000262      0x17e c:/Users/ashutoshtiwari/eclipse-workspace/C-140/build/stdio.o
 .debug_abbrev  0x000003e0       0xcd c:/Users/ashutoshtiwari/eclipse-workspace/C-140/build/heap.o
 .debug_abbrev  0x000004ad      0x202 c:/Users/ashutoshtiwari/eclipse-workspace/C-140/build/system_max32660.o
 .debug_abbrev  0x000006af      0x1c0 C:/MaximSDK/Libraries/PeriphDrivers/bin/MAX32660/softfp/libPeriphDriver_softfp.a(mxc_delay.o)
 .debug_abbrev  0x0000086f      0x22b C:/MaximSDK/Libraries/PeriphDrivers/bin/MAX32660/softfp/libPeriphDriver_softfp.a(sys_me11.o)
 .debug_abbrev  0x00000a9a      0x1a9 C:/MaximSDK/Libraries/PeriphDrivers/bin/MAX32660/softfp/libPeriphDriver_softfp.a(gpio_me11.o)
 .debug_abbrev  0x00000c43      0x155 C:/MaximSDK/Libraries/PeriphDrivers/bin/MAX32660/softfp/libPeriphDriver_softfp.a(gpio_reva.o)
 .debug_abbrev  0x00000d98      0x267 C:/MaximSDK/Libraries/PeriphDrivers/bin/MAX32660/softfp/libPeriphDriver_softfp.a(uart_me11.o)
 .debug_abbrev  0x00000fff      0x3aa C:/MaximSDK/Libraries/PeriphDrivers/bin/MAX32660/softfp/libPeriphDriver_softfp.a(uart_reva.o)
 .debug_abbrev  0x000013a9       0xc1 C:/MaximSDK/Libraries/PeriphDrivers/bin/MAX32660/softfp/libPeriphDriver_softfp.a(pins_me11.o)
 .debug_abbrev  0x0000146a      0x1df C:/MaximSDK/Libraries/PeriphDrivers/bin/MAX32660/softfp/libPeriphDriver_softfp.a(gpio_common.o)
 .debug_abbrev  0x00001649       0xfe C:/MaximSDK/Libraries/PeriphDrivers/bin/MAX32660/softfp/libPeriphDriver_softfp.a(uart_common.o)

.debug_loc      0x00000000     0x4758
 .debug_loc     0x00000000       0xbb c:/Users/ashutoshtiwari/eclipse-workspace/C-140/build/board.o
 .debug_loc     0x000000bb       0x30 c:/Users/ashutoshtiwari/eclipse-workspace/C-140/build/main.o
 .debug_loc     0x000000eb      0x2dd c:/Users/ashutoshtiwari/eclipse-workspace/C-140/build/stdio.o
 .debug_loc     0x000003c8       0x71 c:/Users/ashutoshtiwari/eclipse-workspace/C-140/build/heap.o
 .debug_loc     0x00000439       0x8d c:/Users/ashutoshtiwari/eclipse-workspace/C-140/build/system_max32660.o
 .debug_loc     0x000004c6      0x1fc C:/MaximSDK/Libraries/PeriphDrivers/bin/MAX32660/softfp/libPeriphDriver_softfp.a(mxc_delay.o)
 .debug_loc     0x000006c2      0x42f C:/MaximSDK/Libraries/PeriphDrivers/bin/MAX32660/softfp/libPeriphDriver_softfp.a(sys_me11.o)
 .debug_loc     0x00000af1      0x650 C:/MaximSDK/Libraries/PeriphDrivers/bin/MAX32660/softfp/libPeriphDriver_softfp.a(gpio_me11.o)
 .debug_loc     0x00001141      0x469 C:/MaximSDK/Libraries/PeriphDrivers/bin/MAX32660/softfp/libPeriphDriver_softfp.a(gpio_reva.o)
 .debug_loc     0x000015aa      0xf8d C:/MaximSDK/Libraries/PeriphDrivers/bin/MAX32660/softfp/libPeriphDriver_softfp.a(uart_me11.o)
 .debug_loc     0x00002537     0x2020 C:/MaximSDK/Libraries/PeriphDrivers/bin/MAX32660/softfp/libPeriphDriver_softfp.a(uart_reva.o)
 .debug_loc     0x00004557      0x198 C:/MaximSDK/Libraries/PeriphDrivers/bin/MAX32660/softfp/libPeriphDriver_softfp.a(gpio_common.o)
 .debug_loc     0x000046ef       0x69 C:/MaximSDK/Libraries/PeriphDrivers/bin/MAX32660/softfp/libPeriphDriver_softfp.a(uart_common.o)

.debug_aranges  0x00000000      0x790
 .debug_aranges
                0x00000000       0x48 c:/Users/ashutoshtiwari/eclipse-workspace/C-140/build/board.o
 .debug_aranges
                0x00000048       0x20 c:/Users/ashutoshtiwari/eclipse-workspace/C-140/build/main.o
 .debug_aranges
                0x00000068       0x50 c:/Users/ashutoshtiwari/eclipse-workspace/C-140/build/stdio.o
 .debug_aranges
                0x000000b8       0x20 c:/Users/ashutoshtiwari/eclipse-workspace/C-140/build/heap.o
 .debug_aranges
                0x000000d8       0x48 c:/Users/ashutoshtiwari/eclipse-workspace/C-140/build/system_max32660.o
 .debug_aranges
                0x00000120       0x50 C:/MaximSDK/Libraries/PeriphDrivers/bin/MAX32660/softfp/libPeriphDriver_softfp.a(mxc_delay.o)
 .debug_aranges
                0x00000170       0x88 C:/MaximSDK/Libraries/PeriphDrivers/bin/MAX32660/softfp/libPeriphDriver_softfp.a(sys_me11.o)
 .debug_aranges
                0x000001f8       0xc8 C:/MaximSDK/Libraries/PeriphDrivers/bin/MAX32660/softfp/libPeriphDriver_softfp.a(gpio_me11.o)
 .debug_aranges
                0x000002c0       0xa0 C:/MaximSDK/Libraries/PeriphDrivers/bin/MAX32660/softfp/libPeriphDriver_softfp.a(gpio_reva.o)
 .debug_aranges
                0x00000360      0x1f0 C:/MaximSDK/Libraries/PeriphDrivers/bin/MAX32660/softfp/libPeriphDriver_softfp.a(uart_me11.o)
 .debug_aranges
                0x00000550      0x1d0 C:/MaximSDK/Libraries/PeriphDrivers/bin/MAX32660/softfp/libPeriphDriver_softfp.a(uart_reva.o)
 .debug_aranges
                0x00000720       0x18 C:/MaximSDK/Libraries/PeriphDrivers/bin/MAX32660/softfp/libPeriphDriver_softfp.a(pins_me11.o)
 .debug_aranges
                0x00000738       0x30 C:/MaximSDK/Libraries/PeriphDrivers/bin/MAX32660/softfp/libPeriphDriver_softfp.a(gpio_common.o)
 .debug_aranges
                0x00000768       0x28 C:/MaximSDK/Libraries/PeriphDrivers/bin/MAX32660/softfp/libPeriphDriver_softfp.a(uart_common.o)

.debug_ranges   0x00000000      0x6e0
 .debug_ranges  0x00000000       0x38 c:/Users/ashutoshtiwari/eclipse-workspace/C-140/build/board.o
 .debug_ranges  0x00000038       0x10 c:/Users/ashutoshtiwari/eclipse-workspace/C-140/build/main.o
 .debug_ranges  0x00000048       0x40 c:/Users/ashutoshtiwari/eclipse-workspace/C-140/build/stdio.o
 .debug_ranges  0x00000088       0x10 c:/Users/ashutoshtiwari/eclipse-workspace/C-140/build/heap.o
 .debug_ranges  0x00000098       0x38 c:/Users/ashutoshtiwari/eclipse-workspace/C-140/build/system_max32660.o
 .debug_ranges  0x000000d0       0x40 C:/MaximSDK/Libraries/PeriphDrivers/bin/MAX32660/softfp/libPeriphDriver_softfp.a(mxc_delay.o)
 .debug_ranges  0x00000110       0x78 C:/MaximSDK/Libraries/PeriphDrivers/bin/MAX32660/softfp/libPeriphDriver_softfp.a(sys_me11.o)
 .debug_ranges  0x00000188       0xb8 C:/MaximSDK/Libraries/PeriphDrivers/bin/MAX32660/softfp/libPeriphDriver_softfp.a(gpio_me11.o)
 .debug_ranges  0x00000240       0x90 C:/MaximSDK/Libraries/PeriphDrivers/bin/MAX32660/softfp/libPeriphDriver_softfp.a(gpio_reva.o)
 .debug_ranges  0x000002d0      0x1e0 C:/MaximSDK/Libraries/PeriphDrivers/bin/MAX32660/softfp/libPeriphDriver_softfp.a(uart_me11.o)
 .debug_ranges  0x000004b0      0x1d8 C:/MaximSDK/Libraries/PeriphDrivers/bin/MAX32660/softfp/libPeriphDriver_softfp.a(uart_reva.o)
 .debug_ranges  0x00000688       0x40 C:/MaximSDK/Libraries/PeriphDrivers/bin/MAX32660/softfp/libPeriphDriver_softfp.a(gpio_common.o)
 .debug_ranges  0x000006c8       0x18 C:/MaximSDK/Libraries/PeriphDrivers/bin/MAX32660/softfp/libPeriphDriver_softfp.a(uart_common.o)

.debug_macro    0x00000000     0x8d22
 .debug_macro   0x00000000      0x2b2 c:/Users/ashutoshtiwari/eclipse-workspace/C-140/build/board.o
 .debug_macro   0x000002b2      0xa8a c:/Users/ashutoshtiwari/eclipse-workspace/C-140/build/board.o
 .debug_macro   0x00000d3c       0x22 c:/Users/ashutoshtiwari/eclipse-workspace/C-140/build/board.o
 .debug_macro   0x00000d5e       0x5e c:/Users/ashutoshtiwari/eclipse-workspace/C-140/build/board.o
 .debug_macro   0x00000dbc       0x1e c:/Users/ashutoshtiwari/eclipse-workspace/C-140/build/board.o
 .debug_macro   0x00000dda       0x94 c:/Users/ashutoshtiwari/eclipse-workspace/C-140/build/board.o
 .debug_macro   0x00000e6e       0x35 c:/Users/ashutoshtiwari/eclipse-workspace/C-140/build/board.o
 .debug_macro   0x00000ea3       0x34 c:/Users/ashutoshtiwari/eclipse-workspace/C-140/build/board.o
 .debug_macro   0x00000ed7       0x16 c:/Users/ashutoshtiwari/eclipse-workspace/C-140/build/board.o
 .debug_macro   0x00000eed       0x57 c:/Users/ashutoshtiwari/eclipse-workspace/C-140/build/board.o
 .debug_macro   0x00000f44       0x97 c:/Users/ashutoshtiwari/eclipse-workspace/C-140/build/board.o
 .debug_macro   0x00000fdb      0x341 c:/Users/ashutoshtiwari/eclipse-workspace/C-140/build/board.o
 .debug_macro   0x0000131c       0xfd c:/Users/ashutoshtiwari/eclipse-workspace/C-140/build/board.o
 .debug_macro   0x00001419       0x10 c:/Users/ashutoshtiwari/eclipse-workspace/C-140/build/board.o
 .debug_macro   0x00001429       0x16 c:/Users/ashutoshtiwari/eclipse-workspace/C-140/build/board.o
 .debug_macro   0x0000143f       0x43 c:/Users/ashutoshtiwari/eclipse-workspace/C-140/build/board.o
 .debug_macro   0x00001482       0x34 c:/Users/ashutoshtiwari/eclipse-workspace/C-140/build/board.o
 .debug_macro   0x000014b6       0x10 c:/Users/ashutoshtiwari/eclipse-workspace/C-140/build/board.o
 .debug_macro   0x000014c6       0x58 c:/Users/ashutoshtiwari/eclipse-workspace/C-140/build/board.o
 .debug_macro   0x0000151e      0x182 c:/Users/ashutoshtiwari/eclipse-workspace/C-140/build/board.o
 .debug_macro   0x000016a0       0x10 c:/Users/ashutoshtiwari/eclipse-workspace/C-140/build/board.o
 .debug_macro   0x000016b0       0x6a c:/Users/ashutoshtiwari/eclipse-workspace/C-140/build/board.o
 .debug_macro   0x0000171a       0x1c c:/Users/ashutoshtiwari/eclipse-workspace/C-140/build/board.o
 .debug_macro   0x00001736       0x52 c:/Users/ashutoshtiwari/eclipse-workspace/C-140/build/board.o
 .debug_macro   0x00001788       0x22 c:/Users/ashutoshtiwari/eclipse-workspace/C-140/build/board.o
 .debug_macro   0x000017aa       0x10 c:/Users/ashutoshtiwari/eclipse-workspace/C-140/build/board.o
 .debug_macro   0x000017ba       0x52 c:/Users/ashutoshtiwari/eclipse-workspace/C-140/build/board.o
 .debug_macro   0x0000180c       0xd5 c:/Users/ashutoshtiwari/eclipse-workspace/C-140/build/board.o
 .debug_macro   0x000018e1       0x1c c:/Users/ashutoshtiwari/eclipse-workspace/C-140/build/board.o
 .debug_macro   0x000018fd       0x3d c:/Users/ashutoshtiwari/eclipse-workspace/C-140/build/board.o
 .debug_macro   0x0000193a       0x16 c:/Users/ashutoshtiwari/eclipse-workspace/C-140/build/board.o
 .debug_macro   0x00001950      0x16f c:/Users/ashutoshtiwari/eclipse-workspace/C-140/build/board.o
 .debug_macro   0x00001abf       0x10 c:/Users/ashutoshtiwari/eclipse-workspace/C-140/build/board.o
 .debug_macro   0x00001acf      0x103 c:/Users/ashutoshtiwari/eclipse-workspace/C-140/build/board.o
 .debug_macro   0x00001bd2      0x1df c:/Users/ashutoshtiwari/eclipse-workspace/C-140/build/board.o
 .debug_macro   0x00001db1       0x40 c:/Users/ashutoshtiwari/eclipse-workspace/C-140/build/board.o
 .debug_macro   0x00001df1       0x1c c:/Users/ashutoshtiwari/eclipse-workspace/C-140/build/board.o
 .debug_macro   0x00001e0d       0x22 c:/Users/ashutoshtiwari/eclipse-workspace/C-140/build/board.o
 .debug_macro   0x00001e2f       0xfb c:/Users/ashutoshtiwari/eclipse-workspace/C-140/build/board.o
 .debug_macro   0x00001f2a     0x1011 c:/Users/ashutoshtiwari/eclipse-workspace/C-140/build/board.o
 .debug_macro   0x00002f3b      0x11f c:/Users/ashutoshtiwari/eclipse-workspace/C-140/build/board.o
 .debug_macro   0x0000305a       0x22 c:/Users/ashutoshtiwari/eclipse-workspace/C-140/build/board.o
 .debug_macro   0x0000307c      0x37d c:/Users/ashutoshtiwari/eclipse-workspace/C-140/build/board.o
 .debug_macro   0x000033f9       0x82 c:/Users/ashutoshtiwari/eclipse-workspace/C-140/build/board.o
 .debug_macro   0x0000347b       0x28 c:/Users/ashutoshtiwari/eclipse-workspace/C-140/build/board.o
 .debug_macro   0x000034a3      0x44a c:/Users/ashutoshtiwari/eclipse-workspace/C-140/build/board.o
 .debug_macro   0x000038ed       0x11 c:/Users/ashutoshtiwari/eclipse-workspace/C-140/build/board.o
 .debug_macro   0x000038fe       0x16 c:/Users/ashutoshtiwari/eclipse-workspace/C-140/build/board.o
 .debug_macro   0x00003914       0x2e c:/Users/ashutoshtiwari/eclipse-workspace/C-140/build/board.o
 .debug_macro   0x00003942       0x22 c:/Users/ashutoshtiwari/eclipse-workspace/C-140/build/board.o
 .debug_macro   0x00003964      0x41d c:/Users/ashutoshtiwari/eclipse-workspace/C-140/build/board.o
 .debug_macro   0x00003d81      0x52d c:/Users/ashutoshtiwari/eclipse-workspace/C-140/build/board.o
 .debug_macro   0x000042ae       0x5e c:/Users/ashutoshtiwari/eclipse-workspace/C-140/build/board.o
 .debug_macro   0x0000430c      0x268 c:/Users/ashutoshtiwari/eclipse-workspace/C-140/build/main.o
 .debug_macro   0x00004574       0x4c c:/Users/ashutoshtiwari/eclipse-workspace/C-140/build/main.o
 .debug_macro   0x000045c0      0x533 c:/Users/ashutoshtiwari/eclipse-workspace/C-140/build/main.o
 .debug_macro   0x00004af3       0x1c c:/Users/ashutoshtiwari/eclipse-workspace/C-140/build/main.o
 .debug_macro   0x00004b0f      0x356 c:/Users/ashutoshtiwari/eclipse-workspace/C-140/build/stdio.o
 .debug_macro   0x00004e65      0x174 c:/Users/ashutoshtiwari/eclipse-workspace/C-140/build/stdio.o
 .debug_macro   0x00004fd9      0x23b c:/Users/ashutoshtiwari/eclipse-workspace/C-140/build/stdio.o
 .debug_macro   0x00005214       0x35 c:/Users/ashutoshtiwari/eclipse-workspace/C-140/build/stdio.o
 .debug_macro   0x00005249       0x16 c:/Users/ashutoshtiwari/eclipse-workspace/C-140/build/stdio.o
 .debug_macro   0x0000525f       0x16 c:/Users/ashutoshtiwari/eclipse-workspace/C-140/build/stdio.o
 .debug_macro   0x00005275       0x16 c:/Users/ashutoshtiwari/eclipse-workspace/C-140/build/stdio.o
 .debug_macro   0x0000528b       0x29 c:/Users/ashutoshtiwari/eclipse-workspace/C-140/build/stdio.o
 .debug_macro   0x000052b4       0x16 c:/Users/ashutoshtiwari/eclipse-workspace/C-140/build/stdio.o