Archive member included to satisfy reference by file (symbol)

C:/MaximSDK/Libraries/PeriphDrivers/bin/MAX32660/spi-v1_softfp/libPeriphDriver_spi-v1_softfp.a(mxc_delay.o)
                              c:/Users/ashutoshtiwari/eclipse-workspace/I2C_master/build/startup_max32660.o (SysTick_Handler)
C:/MaximSDK/Libraries/PeriphDrivers/bin/MAX32660/spi-v1_softfp/libPeriphDriver_spi-v1_softfp.a(sys_me11.o)
                              c:/Users/ashutoshtiwari/eclipse-workspace/I2C_master/build/system_max32660.o (MXC_SYS_ClockDisable)
C:/MaximSDK/Libraries/PeriphDrivers/bin/MAX32660/spi-v1_softfp/libPeriphDriver_spi-v1_softfp.a(flc_me11.o)
                              C:/MaximSDK/Libraries/PeriphDrivers/bin/MAX32660/spi-v1_softfp/libPeriphDriver_spi-v1_softfp.a(sys_me11.o) (MXC_FLC_UnlockInfoBlock)
C:/MaximSDK/Libraries/PeriphDrivers/bin/MAX32660/spi-v1_softfp/libPeriphDriver_spi-v1_softfp.a(flc_reva.o)
                              C:/MaximSDK/Libraries/PeriphDrivers/bin/MAX32660/spi-v1_softfp/libPeriphDriver_spi-v1_softfp.a(flc_me11.o) (MXC_FLC_RevA_Busy)
C:/MaximSDK/Libraries/PeriphDrivers/bin/MAX32660/spi-v1_softfp/libPeriphDriver_spi-v1_softfp.a(gpio_me11.o)
                              c:/Users/ashutoshtiwari/eclipse-workspace/I2C_master/build/pb.o (MXC_GPIO_InGet)
C:/MaximSDK/Libraries/PeriphDrivers/bin/MAX32660/spi-v1_softfp/libPeriphDriver_spi-v1_softfp.a(gpio_reva.o)
                              C:/MaximSDK/Libraries/PeriphDrivers/bin/MAX32660/spi-v1_softfp/libPeriphDriver_spi-v1_softfp.a(gpio_me11.o) (MXC_GPIO_RevA_InGet)
C:/MaximSDK/Libraries/PeriphDrivers/bin/MAX32660/spi-v1_softfp/libPeriphDriver_spi-v1_softfp.a(i2c_me11.o)
                              c:/Users/ashutoshtiwari/eclipse-workspace/I2C_master/build/i2c_driver.o (MXC_I2C_Shutdown)
C:/MaximSDK/Libraries/PeriphDrivers/bin/MAX32660/spi-v1_softfp/libPeriphDriver_spi-v1_softfp.a(i2c_reva.o)
                              C:/MaximSDK/Libraries/PeriphDrivers/bin/MAX32660/spi-v1_softfp/libPeriphDriver_spi-v1_softfp.a(i2c_me11.o) (MXC_I2C_RevA_DMACallback)
C:/MaximSDK/Libraries/PeriphDrivers/bin/MAX32660/spi-v1_softfp/libPeriphDriver_spi-v1_softfp.a(uart_me11.o)
                              c:/Users/ashutoshtiwari/eclipse-workspace/I2C_master/build/board.o (MXC_UART_Shutdown)
C:/MaximSDK/Libraries/PeriphDrivers/bin/MAX32660/spi-v1_softfp/libPeriphDriver_spi-v1_softfp.a(uart_reva.o)
                              C:/MaximSDK/Libraries/PeriphDrivers/bin/MAX32660/spi-v1_softfp/libPeriphDriver_spi-v1_softfp.a(uart_me11.o) (MXC_UART_RevA_Init)
C:/MaximSDK/Libraries/PeriphDrivers/bin/MAX32660/spi-v1_softfp/libPeriphDriver_spi-v1_softfp.a(nvic_table.o)
                              C:/MaximSDK/Libraries/PeriphDrivers/bin/MAX32660/spi-v1_softfp/libPeriphDriver_spi-v1_softfp.a(i2c_reva.o) (MXC_NVIC_SetVector)
C:/MaximSDK/Libraries/PeriphDrivers/bin/MAX32660/spi-v1_softfp/libPeriphDriver_spi-v1_softfp.a(pins_me11.o)
                              C:/MaximSDK/Libraries/PeriphDrivers/bin/MAX32660/spi-v1_softfp/libPeriphDriver_spi-v1_softfp.a(uart_me11.o) (gpio_cfg_uart1_flow)
C:/MaximSDK/Libraries/PeriphDrivers/bin/MAX32660/spi-v1_softfp/libPeriphDriver_spi-v1_softfp.a(dma_me11.o)
                              C:/MaximSDK/Libraries/PeriphDrivers/bin/MAX32660/spi-v1_softfp/libPeriphDriver_spi-v1_softfp.a(i2c_reva.o) (MXC_DMA_Init)
C:/MaximSDK/Libraries/PeriphDrivers/bin/MAX32660/spi-v1_softfp/libPeriphDriver_spi-v1_softfp.a(dma_reva.o)
                              C:/MaximSDK/Libraries/PeriphDrivers/bin/MAX32660/spi-v1_softfp/libPeriphDriver_spi-v1_softfp.a(dma_me11.o) (MXC_DMA_RevA_Init)
C:/MaximSDK/Libraries/PeriphDrivers/bin/MAX32660/spi-v1_softfp/libPeriphDriver_spi-v1_softfp.a(flc_common.o)
                              C:/MaximSDK/Libraries/PeriphDrivers/bin/MAX32660/spi-v1_softfp/libPeriphDriver_spi-v1_softfp.a(flc_me11.o) (MXC_FLC_Com_VerifyData)
C:/MaximSDK/Libraries/PeriphDrivers/bin/MAX32660/spi-v1_softfp/libPeriphDriver_spi-v1_softfp.a(gpio_common.o)
                              C:/MaximSDK/Libraries/PeriphDrivers/bin/MAX32660/spi-v1_softfp/libPeriphDriver_spi-v1_softfp.a(gpio_me11.o) (MXC_GPIO_Common_Init)
C:/MaximSDK/Libraries/PeriphDrivers/bin/MAX32660/spi-v1_softfp/libPeriphDriver_spi-v1_softfp.a(uart_common.o)
                              C:/MaximSDK/Libraries/PeriphDrivers/bin/MAX32660/spi-v1_softfp/libPeriphDriver_spi-v1_softfp.a(uart_me11.o) (MXC_UART_Common_ReadCharacter)
C:/MaximSDK/Libraries/PeriphDrivers/bin/MAX32660/spi-v1_softfp/libPeriphDriver_spi-v1_softfp.a(mxc_lock.o)
                              C:/MaximSDK/Libraries/PeriphDrivers/bin/MAX32660/spi-v1_softfp/libPeriphDriver_spi-v1_softfp.a(dma_reva.o) (MXC_GetLock)
c:/maximsdk/tools/gnutools/10.3/bin/../lib/gcc/arm-none-eabi/10.3.1/../../../../arm-none-eabi/lib/thumb/v7e-m+fp/softfp\libc.a(lib_a-errno.o)
                              c:/Users/ashutoshtiwari/eclipse-workspace/I2C_master/build/stdio.o (__errno)
[...]
Memory Configuration

Name             Origin             Length             Attributes
FLASH            0x00000000         0x00040000         xr
SRAM             0x20000000         0x00018000         xrw
*default*        0x00000000         0xffffffff

Linker script and memory map

LOAD c:/maximsdk/tools/gnutools/10.3/bin/../lib/gcc/arm-none-eabi/10.3.1/thumb/v7e-m+fp/softfp/crti.o
LOAD c:/maximsdk/tools/gnutools/10.3/bin/../lib/gcc/arm-none-eabi/10.3.1/thumb/v7e-m+fp/softfp/crtbegin.o
LOAD c:/maximsdk/tools/gnutools/10.3/bin/../lib/gcc/arm-none-eabi/10.3.1/../../../../arm-none-eabi/lib/thumb/v7e-m+fp/softfp/crt0.o
LOAD c:/Users/ashutoshtiwari/eclipse-workspace/I2C_master/build/i2c_driver.o
LOAD c:/Users/ashutoshtiwari/eclipse-workspace/I2C_master/build/main.o
LOAD c:/Users/ashutoshtiwari/eclipse-workspace/I2C_master/build/board.o
LOAD c:/Users/ashutoshtiwari/eclipse-workspace/I2C_master/build/stdio.o
LOAD c:/Users/ashutoshtiwari/eclipse-workspace/I2C_master/build/led.o
LOAD c:/Users/ashutoshtiwari/eclipse-workspace/I2C_master/build/pb.o
LOAD c:/Users/ashutoshtiwari/eclipse-workspace/I2C_master/build/startup_max32660.o
LOAD c:/Users/ashutoshtiwari/eclipse-workspace/I2C_master/build/heap.o
LOAD c:/Users/ashutoshtiwari/eclipse-workspace/I2C_master/build/system_max32660.o
START GROUP
LOAD C:/MaximSDK/Libraries/PeriphDrivers/bin/MAX32660/spi-v1_softfp/libPeriphDriver_spi-v1_softfp.a
LOAD c:/maximsdk/tools/gnutools/10.3/bin/../lib/gcc/arm-none-eabi/10.3.1/../../../../arm-none-eabi/lib/thumb/v7e-m+fp/softfp\libc.a
LOAD c:/maximsdk/tools/gnutools/10.3/bin/../lib/gcc/arm-none-eabi/10.3.1/../../../../arm-none-eabi/lib/thumb/v7e-m+fp/softfp\libm.a
LOAD c:/maximsdk/tools/gnutools/10.3/bin/../lib/gcc/arm-none-eabi/10.3.1/../../../../arm-none-eabi/lib/thumb/v7e-m+fp/softfp\libnosys.a
END GROUP
START GROUP
LOAD c:/maximsdk/tools/gnutools/10.3/bin/../lib/gcc/arm-none-eabi/10.3.1/thumb/v7e-m+fp/softfp\libgcc.a
LOAD c:/maximsdk/tools/gnutools/10.3/bin/../lib/gcc/arm-none-eabi/10.3.1/../../../../arm-none-eabi/lib/thumb/v7e-m+fp/softfp\libc.a
END GROUP
LOAD c:/maximsdk/tools/gnutools/10.3/bin/../lib/gcc/arm-none-eabi/10.3.1/thumb/v7e-m+fp/softfp/crtend.o
LOAD c:/maximsdk/tools/gnutools/10.3/bin/../lib/gcc/arm-none-eabi/10.3.1/thumb/v7e-m+fp/softfp/crtn.o

.text           0x00000000     0xa348
                0x00000000                _text = .
 *(.isr_vector)
 .isr_vector    0x00000000      0x11c c:/Users/ashutoshtiwari/eclipse-workspace/I2C_master/build/startup_max32660.o
                0x00000000                __isr_vector
 *(.text*)
 .text          0x0000011c       0x40 c:/maximsdk/tools/gnutools/10.3/bin/../lib/gcc/arm-none-eabi/10.3.1/thumb/v7e-m+fp/softfp/crtbegin.o
 .text.I2C_Master_Init
                0x0000015c       0x3c c:/Users/ashutoshtiwari/eclipse-workspace/I2C_master/build/i2c_driver.o
                0x0000015c                I2C_Master_Init
 .text.I2C_Send
                0x00000198       0x4c c:/Users/ashutoshtiwari/eclipse-workspace/I2C_master/build/i2c_driver.o
                0x00000198                I2C_Send
 .text.I2C_Receive
                0x000001e4       0x4c c:/Users/ashutoshtiwari/eclipse-workspace/I2C_master/build/i2c_driver.o
                0x000001e4                I2C_Receive
 .text.Master_SendCommand
                0x00000230       0x68 c:/Users/ashutoshtiwari/eclipse-workspace/I2C_master/build/main.o
                0x00000230                Master_SendCommand
 .text.Master_Handshake
                0x00000298       0x54 c:/Users/ashutoshtiwari/eclipse-workspace/I2C_master/build/main.o
                0x00000298                Master_Handshake
 .text.Master_EnterBootloader
                0x000002ec       0x4c c:/Users/ashutoshtiwari/eclipse-workspace/I2C_master/build/main.o
                0x000002ec                Master_EnterBootloader
 .text.Master_ErasePartition
                0x00000338       0x34 c:/Users/ashutoshtiwari/eclipse-workspace/I2C_master/build/main.o
                0x00000338                Master_ErasePartition
 .text.Master_ProgramFirmware
                0x0000036c       0x90 c:/Users/ashutoshtiwari/eclipse-workspace/I2C_master/build/main.o
                0x0000036c                Master_ProgramFirmware
 .text.Master_ValidateCRC
                0x000003fc       0x34 c:/Users/ashutoshtiwari/eclipse-workspace/I2C_master/build/main.o
                0x000003fc                Master_ValidateCRC
 .text.Master_MarkActive
                0x00000430       0x34 c:/Users/ashutoshtiwari/eclipse-workspace/I2C_master/build/main.o
                0x00000430                Master_MarkActive
 .text.Master_RebootSlave
                0x00000464       0x34 c:/Users/ashutoshtiwari/eclipse-workspace/I2C_master/build/main.o
                0x00000464                Master_RebootSlave
 .text.FirmwareUpdateProcess
                0x00000498       0xa8 c:/Users/ashutoshtiwari/eclipse-workspace/I2C_master/build/main.o
                0x00000498                FirmwareUpdateProcess
 .text.main     0x00000540       0x30 c:/Users/ashutoshtiwari/eclipse-workspace/I2C_master/build/main.o
                0x00000540                main
 .text.mxc_assert
                0x00000570       0x10 c:/Users/ashutoshtiwari/eclipse-workspace/I2C_master/build/board.o
                0x00000570                mxc_assert
 .text.GPIO0_IRQHandler
                0x00000580        0xa c:/Users/ashutoshtiwari/eclipse-workspace/I2C_master/build/board.o
                0x00000580                GPIO0_IRQHandler
 *fill*         0x0000058a        0x2 
 .text.Console_Init
                0x0000058c       0x18 c:/Users/ashutoshtiwari/eclipse-workspace/I2C_master/build/board.o
                0x0000058c                Console_Init
 .text.Board_Init
                0x000005a4       0x34 c:/Users/ashutoshtiwari/eclipse-workspace/I2C_master/build/board.o
                0x000005a4                Board_Init
 .text.NMI_Handler
                0x000005d8        0x4 c:/Users/ashutoshtiwari/eclipse-workspace/I2C_master/build/board.o
                0x000005d8                NMI_Handler
 .text._open    0x000005dc        0x6 c:/Users/ashutoshtiwari/eclipse-workspace/I2C_master/build/stdio.o
                0x000005dc                _open
 .text._close   0x000005e2        0x6 c:/Users/ashutoshtiwari/eclipse-workspace/I2C_master/build/stdio.o
                0x000005e2                _close
 .text._isatty  0x000005e8        0x6 c:/Users/ashutoshtiwari/eclipse-workspace/I2C_master/build/stdio.o
                0x000005e8                _isatty
 .text._lseek   0x000005ee        0x6 c:/Users/ashutoshtiwari/eclipse-workspace/I2C_master/build/stdio.o
                0x000005ee                _lseek
 .text._fstat   0x000005f4        0x6 c:/Users/ashutoshtiwari/eclipse-workspace/I2C_master/build/stdio.o
                0x000005f4                _fstat
 *fill*         0x000005fa        0x2 
 .text._read    0x000005fc       0x50 c:/Users/ashutoshtiwari/eclipse-workspace/I2C_master/build/stdio.o
                0x000005fc                _read
 .text._write   0x0000064c       0x44 c:/Users/ashutoshtiwari/eclipse-workspace/I2C_master/build/stdio.o
                0x0000064c                _write
 .text.LED_Off  0x00000690       0x44 c:/Users/ashutoshtiwari/eclipse-workspace/I2C_master/build/led.o
                0x00000690                LED_Off
 .text.LED_Init
                0x000006d4       0x3c c:/Users/ashutoshtiwari/eclipse-workspace/I2C_master/build/led.o
                0x000006d4                LED_Init
 .text.PB_Init  0x00000710       0x60 c:/Users/ashutoshtiwari/eclipse-workspace/I2C_master/build/pb.o
                0x00000710                PB_Init
 .text          0x00000770       0xe4 c:/Users/ashutoshtiwari/eclipse-workspace/I2C_master/build/startup_max32660.o
                0x00000770                Reset_Handler
                0x000007ae                HardFault_Handler
                0x000007b0                MemManage_Handler
                0x000007b2                BusFault_Handler
                0x000007b4                UsageFault_Handler
                0x000007b6                SVC_Handler
                0x000007b8                DebugMon_Handler
                0x000007ba                PendSV_Handler
                0x000007bc                Default_Handler
                0x000007be                PF_IRQHandler
                0x000007c0                WDT0_IRQHandler
                0x000007c2                RSV00_IRQHandler
                0x000007c4                RTC_IRQHandler
                0x000007c6                RSV1_IRQHandler
                0x000007c8                TMR0_IRQHandler
                0x000007ca                TMR1_IRQHandler
                0x000007cc                TMR2_IRQHandler
                0x000007ce                RSV02_IRQHandler
                0x000007d0                RSV03_IRQHandler
                0x000007d2                RSV04_IRQHandler
                0x000007d4                RSV05_IRQHandler
                0x000007d6                RSV06_IRQHandler
                0x000007d8                I2C0_IRQHandler
                0x000007da                UART0_IRQHandler
                0x000007dc                UART1_IRQHandler
                0x000007de                SPI0_IRQHandler
                0x000007e0                SPI1_IRQHandler
                0x000007e2                RSV07_IRQHandler
                0x000007e4                RSV08_IRQHandler
                0x000007e6                RSV09_IRQHandler
                0x000007e8                RSV10_IRQHandler
                0x000007ea                RSV11_IRQHandler
                0x000007ec                FLC_IRQHandler
                0x000007f0                RSV12_IRQHandler
                0x000007f2                RSV13_IRQHandler
                0x000007f4                RSV14_IRQHandler
                0x000007f6                DMA0_IRQHandler
                0x000007f8                DMA1_IRQHandler
                0x000007fa                DMA2_IRQHandler
                0x000007fc                DMA3_IRQHandler
                0x000007fe                RSV15_IRQHandler
                0x00000800                RSV16_IRQHandler
                0x00000802                RSV17_IRQHandler
                0x00000804                RSV18_IRQHandler
                0x00000806                I2C1_IRQHandler
                0x00000808                RSV19_IRQHandler
                0x0000080a                RSV20_IRQHandler
                0x0000080c                RSV21_IRQHandler
                0x0000080e                RSV22_IRQHandler
                0x00000810                RSV23_IRQHandler
                0x00000812                RSV24_IRQHandler
                0x00000814                RSV25_IRQHandler
                0x00000816                RSV26_IRQHandler
                0x00000818                RSV27_IRQHandler
                0x0000081a                RSV28_IRQHandler
                0x0000081c                RSV29_IRQHandler
                0x0000081e                RSV30_IRQHandler
                0x00000820                RSV31_IRQHandler
                0x00000822                RSV32_IRQHandler
                0x00000824                RSV33_IRQHandler
                0x00000826                RSV34_IRQHandler
                0x00000828                RSV35_IRQHandler
                0x0000082a                GPIOWAKE_IRQHandler
 .text._sbrk    0x00000854       0x40 c:/Users/ashutoshtiwari/eclipse-workspace/I2C_master/build/heap.o
                0x00000854                _sbrk
 .text._getpid  0x00000894        0x6 c:/Users/ashutoshtiwari/eclipse-workspace/I2C_master/build/system_max32660.o
                0x00000894                _getpid
 .text._kill    0x0000089a        0x6 c:/Users/ashutoshtiwari/eclipse-workspace/I2C_master/build/system_max32660.o
                0x0000089a                _kill
 .text.SystemCoreClockUpdate
                0x000008a0       0x64 c:/Users/ashutoshtiwari/eclipse-workspace/I2C_master/build/system_max32660.o
                0x000008a0                SystemCoreClockUpdate
 .text.PreInit  0x00000904        0x4 c:/Users/ashutoshtiwari/eclipse-workspace/I2C_master/build/system_max32660.o
                0x00000904                PreInit
 .text.PinInit  0x00000908        0x2 c:/Users/ashutoshtiwari/eclipse-workspace/I2C_master/build/system_max32660.o
                0x00000908                PinInit
 *fill*         0x0000090a        0x2 
 .text.SystemInit
                0x0000090c       0x80 c:/Users/ashutoshtiwari/eclipse-workspace/I2C_master/build/system_max32660.o
                0x0000090c                SystemInit
 .text.MXC_DelayInit
                0x0000098c       0x84 C:/MaximSDK/Libraries/PeriphDrivers/bin/MAX32660/spi-v1_softfp/libPeriphDriver_spi-v1_softfp.a(mxc_delay.o)
 .text.MXC_DelayAsync
                0x00000a10       0x44 C:/MaximSDK/Libraries/PeriphDrivers/bin/MAX32660/spi-v1_softfp/libPeriphDriver_spi-v1_softfp.a(mxc_delay.o)
                0x00000a10                MXC_DelayAsync
 .text.MXC_DelayAbort
                0x00000a54       0x34 C:/MaximSDK/Libraries/PeriphDrivers/bin/MAX32660/spi-v1_softfp/libPeriphDriver_spi-v1_softfp.a(mxc_delay.o)
                0x00000a54                MXC_DelayAbort
 .text.MXC_DelayHandler
                0x00000a88       0x40 C:/MaximSDK/Libraries/PeriphDrivers/bin/MAX32660/spi-v1_softfp/libPeriphDriver_spi-v1_softfp.a(mxc_delay.o)
                0x00000a88                MXC_DelayHandler
 .text.SysTick_Handler
                0x00000ac8        0x8 C:/MaximSDK/Libraries/PeriphDrivers/bin/MAX32660/spi-v1_softfp/libPeriphDriver_spi-v1_softfp.a(mxc_delay.o)
                0x00000ac8                SysTick_Handler
 .text.MXC_DelayCheck
                0x00000ad0       0x64 C:/MaximSDK/Libraries/PeriphDrivers/bin/MAX32660/spi-v1_softfp/libPeriphDriver_spi-v1_softfp.a(mxc_delay.o)
                0x00000ad0                MXC_DelayCheck
 .text.MXC_Delay
                0x00000b34       0x58 C:/MaximSDK/Libraries/PeriphDrivers/bin/MAX32660/spi-v1_softfp/libPeriphDriver_spi-v1_softfp.a(mxc_delay.o)
                0x00000b34                MXC_Delay
 .text.MXC_SYS_ClockDisable
                0x00000b8c       0x2c C:/MaximSDK/Libraries/PeriphDrivers/bin/MAX32660/spi-v1_softfp/libPeriphDriver_spi-v1_softfp.a(sys_me11.o)
                0x00000b8c                MXC_SYS_ClockDisable
 .text.MXC_SYS_ClockEnable
                0x00000bb8       0x30 C:/MaximSDK/Libraries/PeriphDrivers/bin/MAX32660/spi-v1_softfp/libPeriphDriver_spi-v1_softfp.a(sys_me11.o)
                0x00000bb8                MXC_SYS_ClockEnable
 .text.MXC_SYS_Clock_Timeout
                0x00000be8       0x30 C:/MaximSDK/Libraries/PeriphDrivers/bin/MAX32660/spi-v1_softfp/libPeriphDriver_spi-v1_softfp.a(sys_me11.o)
                0x00000be8                MXC_SYS_Clock_Timeout
 .text.MXC_SYS_Clock_Select
                0x00000c18       0xd6 C:/MaximSDK/Libraries/PeriphDrivers/bin/MAX32660/spi-v1_softfp/libPeriphDriver_spi-v1_softfp.a(sys_me11.o)
                0x00000c18                MXC_SYS_Clock_Select
 .text.MXC_SYS_Reset_Periph
                0x00000cee       0x38 C:/MaximSDK/Libraries/PeriphDrivers/bin/MAX32660/spi-v1_softfp/libPeriphDriver_spi-v1_softfp.a(sys_me11.o)
                0x00000cee                MXC_SYS_Reset_Periph
 .text.MXC_GPIO_OutClr
                0x00000d26        0x8 C:/MaximSDK/Libraries/PeriphDrivers/bin/MAX32660/spi-v1_softfp/libPeriphDriver_spi-v1_softfp.a(gpio_me11.o)
                0x00000d26                MXC_GPIO_OutClr
 .text.MXC_GPIO_Handler
                0x00000d2e        0x8 C:/MaximSDK/Libraries/PeriphDrivers/bin/MAX32660/spi-v1_softfp/libPeriphDriver_spi-v1_softfp.a(gpio_me11.o)
                0x00000d2e                MXC_GPIO_Handler
 .text.MXC_GPIO_ClearFlags
                0x00000d36        0x8 C:/MaximSDK/Libraries/PeriphDrivers/bin/MAX32660/spi-v1_softfp/libPeriphDriver_spi-v1_softfp.a(gpio_me11.o)
                0x00000d36                MXC_GPIO_ClearFlags
 .text.MXC_GPIO_GetFlags
                0x00000d3e        0x8 C:/MaximSDK/Libraries/PeriphDrivers/bin/MAX32660/spi-v1_softfp/libPeriphDriver_spi-v1_softfp.a(gpio_me11.o)
                0x00000d3e                MXC_GPIO_GetFlags
 .text.MXC_GPIO_SetVSSEL
                0x00000d46        0x8 C:/MaximSDK/Libraries/PeriphDrivers/bin/MAX32660/spi-v1_softfp/libPeriphDriver_spi-v1_softfp.a(gpio_me11.o)
                0x00000d46                MXC_GPIO_SetVSSEL
 .text.MXC_GPIO_SetDriveStrength
                0x00000d4e        0x8 C:/MaximSDK/Libraries/PeriphDrivers/bin/MAX32660/spi-v1_softfp/libPeriphDriver_spi-v1_softfp.a(gpio_me11.o)
                0x00000d4e                MXC_GPIO_SetDriveStrength
 .text.MXC_GPIO_GetConfigLock
                0x00000d56        0x8 C:/MaximSDK/Libraries/PeriphDrivers/bin/MAX32660/spi-v1_softfp/libPeriphDriver_spi-v1_softfp.a(gpio_me11.o)
                0x00000d56                MXC_GPIO_GetConfigLock
 .text.MXC_GPIO_Config
                0x00000d5e       0xca C:/MaximSDK/Libraries/PeriphDrivers/bin/MAX32660/spi-v1_softfp/libPeriphDriver_spi-v1_softfp.a(gpio_me11.o)
                0x00000d5e                MXC_GPIO_Config
 .text.MXC_GPIO_RevA_OutClr
                0x00000e28        0x4 C:/MaximSDK/Libraries/PeriphDrivers/bin/MAX32660/spi-v1_softfp/libPeriphDriver_spi-v1_softfp.a(gpio_reva.o)
                0x00000e28                MXC_GPIO_RevA_OutClr
 .text.MXC_GPIO_RevA_ClearFlags
                0x00000e2c        0x4 C:/MaximSDK/Libraries/PeriphDrivers/bin/MAX32660/spi-v1_softfp/libPeriphDriver_spi-v1_softfp.a(gpio_reva.o)
                0x00000e2c                MXC_GPIO_RevA_ClearFlags
 .text.MXC_GPIO_RevA_GetFlags
                0x00000e30        0x4 C:/MaximSDK/Libraries/PeriphDrivers/bin/MAX32660/spi-v1_softfp/libPeriphDriver_spi-v1_softfp.a(gpio_reva.o)
                0x00000e30                MXC_GPIO_RevA_GetFlags
 .text.MXC_GPIO_RevA_SetVSSEL
                0x00000e34       0x3e C:/MaximSDK/Libraries/PeriphDrivers/bin/MAX32660/spi-v1_softfp/libPeriphDriver_spi-v1_softfp.a(gpio_reva.o)
                0x00000e34                MXC_GPIO_RevA_SetVSSEL
 .text.MXC_GPIO_RevA_SetDriveStrength
                0x00000e72       0x98 C:/MaximSDK/Libraries/PeriphDrivers/bin/MAX32660/spi-v1_softfp/libPeriphDriver_spi-v1_softfp.a(gpio_reva.o)
                0x00000e72                MXC_GPIO_RevA_SetDriveStrength
 .text.MXC_I2C_SetSlaveAddr
                0x00000f0a       0x64 C:/MaximSDK/Libraries/PeriphDrivers/bin/MAX32660/spi-v1_softfp/libPeriphDriver_spi-v1_softfp.a(i2c_me11.o)
                0x00000f0a                MXC_I2C_SetSlaveAddr
 *fill*         0x00000f6e        0x2 
 .text.MXC_I2C_Shutdown
                0x00000f70       0x60 C:/MaximSDK/Libraries/PeriphDrivers/bin/MAX32660/spi-v1_softfp/libPeriphDriver_spi-v1_softfp.a(i2c_me11.o)
                0x00000f70                MXC_I2C_Shutdown
 .text.MXC_I2C_Init
                0x00000fd0       0x5c C:/MaximSDK/Libraries/PeriphDrivers/bin/MAX32660/spi-v1_softfp/libPeriphDriver_spi-v1_softfp.a(i2c_me11.o)
                0x00000fd0                MXC_I2C_Init
 .text.MXC_I2C_SetFrequency
                0x0000102c        0x8 C:/MaximSDK/Libraries/PeriphDrivers/bin/MAX32660/spi-v1_softfp/libPeriphDriver_spi-v1_softfp.a(i2c_me11.o)
                0x0000102c                MXC_I2C_SetFrequency
 .text.MXC_I2C_GetFrequency
                0x00001034        0x8 C:/MaximSDK/Libraries/PeriphDrivers/bin/MAX32660/spi-v1_softfp/libPeriphDriver_spi-v1_softfp.a(i2c_me11.o)
                0x00001034                MXC_I2C_GetFrequency
 .text.MXC_I2C_Start
                0x0000103c        0x8 C:/MaximSDK/Libraries/PeriphDrivers/bin/MAX32660/spi-v1_softfp/libPeriphDriver_spi-v1_softfp.a(i2c_me11.o)
                0x0000103c                MXC_I2C_Start
 .text.MXC_I2C_Stop
                0x00001044        0x8 C:/MaximSDK/Libraries/PeriphDrivers/bin/MAX32660/spi-v1_softfp/libPeriphDriver_spi-v1_softfp.a(i2c_me11.o)
                0x00001044                MXC_I2C_Stop
 .text.MXC_I2C_ReadRXFIFO
                0x0000104c        0x8 C:/MaximSDK/Libraries/PeriphDrivers/bin/MAX32660/spi-v1_softfp/libPeriphDriver_spi-v1_softfp.a(i2c_me11.o)
                0x0000104c                MXC_I2C_ReadRXFIFO
 .text.MXC_I2C_WriteTXFIFO
                0x00001054        0x8 C:/MaximSDK/Libraries/PeriphDrivers/bin/MAX32660/spi-v1_softfp/libPeriphDriver_spi-v1_softfp.a(i2c_me11.o)
                0x00001054                MXC_I2C_WriteTXFIFO
 .text.MXC_I2C_ClearRXFIFO
                0x0000105c        0x8 C:/MaximSDK/Libraries/PeriphDrivers/bin/MAX32660/spi-v1_softfp/libPeriphDriver_spi-v1_softfp.a(i2c_me11.o)
                0x0000105c                MXC_I2C_ClearRXFIFO
 .text.MXC_I2C_ClearTXFIFO
                0x00001064        0x8 C:/MaximSDK/Libraries/PeriphDrivers/bin/MAX32660/spi-v1_softfp/libPeriphDriver_spi-v1_softfp.a(i2c_me11.o)
                0x00001064                MXC_I2C_ClearTXFIFO
 .text.MXC_I2C_ClearFlags
                0x0000106c        0x8 C:/MaximSDK/Libraries/PeriphDrivers/bin/MAX32660/spi-v1_softfp/libPeriphDriver_spi-v1_softfp.a(i2c_me11.o)
                0x0000106c                MXC_I2C_ClearFlags
 .text.MXC_I2C_Recover
                0x00001074        0x8 C:/MaximSDK/Libraries/PeriphDrivers/bin/MAX32660/spi-v1_softfp/libPeriphDriver_spi-v1_softfp.a(i2c_me11.o)
                0x00001074                MXC_I2C_Recover
 .text.MXC_I2C_MasterTransaction
                0x0000107c        0x8 C:/MaximSDK/Libraries/PeriphDrivers/bin/MAX32660/spi-v1_softfp/libPeriphDriver_spi-v1_softfp.a(i2c_me11.o)
                0x0000107c                MXC_I2C_MasterTransaction
 .text.MXC_I2C_SetRXThreshold
                0x00001084        0x8 C:/MaximSDK/Libraries/PeriphDrivers/bin/MAX32660/spi-v1_softfp/libPeriphDriver_spi-v1_softfp.a(i2c_me11.o)
                0x00001084                MXC_I2C_SetRXThreshold
 .text.MXC_I2C_SetTXThreshold
                0x0000108c        0x8 C:/MaximSDK/Libraries/PeriphDrivers/bin/MAX32660/spi-v1_softfp/libPeriphDriver_spi-v1_softfp.a(i2c_me11.o)
                0x0000108c                MXC_I2C_SetTXThreshold
 .text.MXC_I2C_RevA_Init
                0x00001094       0xe4 C:/MaximSDK/Libraries/PeriphDrivers/bin/MAX32660/spi-v1_softfp/libPeriphDriver_spi-v1_softfp.a(i2c_reva.o)
                0x00001094                MXC_I2C_RevA_Init
 .text.MXC_I2C_RevA_Shutdown
                0x00001178       0xa8 C:/MaximSDK/Libraries/PeriphDrivers/bin/MAX32660/spi-v1_softfp/libPeriphDriver_spi-v1_softfp.a(i2c_reva.o)
                0x00001178                MXC_I2C_RevA_Shutdown
 .text.MXC_I2C_RevA_SetFrequency
                0x00001220       0xd4 C:/MaximSDK/Libraries/PeriphDrivers/bin/MAX32660/spi-v1_softfp/libPeriphDriver_spi-v1_softfp.a(i2c_reva.o)
                0x00001220                MXC_I2C_RevA_SetFrequency
 .text.MXC_I2C_RevA_GetFrequency
                0x000012f4       0x38 C:/MaximSDK/Libraries/PeriphDrivers/bin/MAX32660/spi-v1_softfp/libPeriphDriver_spi-v1_softfp.a(i2c_reva.o)
                0x000012f4                MXC_I2C_RevA_GetFrequency
 .text.MXC_I2C_RevA_Start
                0x0000132c       0x28 C:/MaximSDK/Libraries/PeriphDrivers/bin/MAX32660/spi-v1_softfp/libPeriphDriver_spi-v1_softfp.a(i2c_reva.o)
                0x0000132c                MXC_I2C_RevA_Start
 .text.MXC_I2C_RevA_Stop
                0x00001354       0x1e C:/MaximSDK/Libraries/PeriphDrivers/bin/MAX32660/spi-v1_softfp/libPeriphDriver_spi-v1_softfp.a(i2c_reva.o)
                0x00001354                MXC_I2C_RevA_Stop
 .text.MXC_I2C_RevA_ReadRXFIFO
                0x00001372       0x30 C:/MaximSDK/Libraries/PeriphDrivers/bin/MAX32660/spi-v1_softfp/libPeriphDriver_spi-v1_softfp.a(i2c_reva.o)
                0x00001372                MXC_I2C_RevA_ReadRXFIFO
 .text.MXC_I2C_RevA_GetRXFIFOAvailable
                0x000013a2       0x10 C:/MaximSDK/Libraries/PeriphDrivers/bin/MAX32660/spi-v1_softfp/libPeriphDriver_spi-v1_softfp.a(i2c_reva.o)
                0x000013a2                MXC_I2C_RevA_GetRXFIFOAvailable
 .text.MXC_I2C_RevA_WriteTXFIFO
                0x000013b2       0x30 C:/MaximSDK/Libraries/PeriphDrivers/bin/MAX32660/spi-v1_softfp/libPeriphDriver_spi-v1_softfp.a(i2c_reva.o)
                0x000013b2                MXC_I2C_RevA_WriteTXFIFO
 .text.MXC_I2C_RevA_ClearRXFIFO
                0x000013e2       0x12 C:/MaximSDK/Libraries/PeriphDrivers/bin/MAX32660/spi-v1_softfp/libPeriphDriver_spi-v1_softfp.a(i2c_reva.o)
                0x000013e2                MXC_I2C_RevA_ClearRXFIFO
 .text.MXC_I2C_RevA_ClearTXFIFO
                0x000013f4       0x12 C:/MaximSDK/Libraries/PeriphDrivers/bin/MAX32660/spi-v1_softfp/libPeriphDriver_spi-v1_softfp.a(i2c_reva.o)
                0x000013f4                MXC_I2C_RevA_ClearTXFIFO
 .text.MXC_I2C_RevA_ClearFlags
                0x00001406        0x6 C:/MaximSDK/Libraries/PeriphDrivers/bin/MAX32660/spi-v1_softfp/libPeriphDriver_spi-v1_softfp.a(i2c_reva.o)
                0x00001406                MXC_I2C_RevA_ClearFlags
 .text.MXC_I2C_RevA_Recover
                0x0000140c       0xd8 C:/MaximSDK/Libraries/PeriphDrivers/bin/MAX32660/spi-v1_softfp/libPeriphDriver_spi-v1_softfp.a(i2c_reva.o)
                0x0000140c                MXC_I2C_RevA_Recover
 .text.MXC_I2C_RevA_MasterTransaction
                0x000014e4      0x19c C:/MaximSDK/Libraries/PeriphDrivers/bin/MAX32660/spi-v1_softfp/libPeriphDriver_spi-v1_softfp.a(i2c_reva.o)
                0x000014e4                MXC_I2C_RevA_MasterTransaction
 .text.MXC_I2C_RevA_SetRXThreshold
                0x00001680       0x1e C:/MaximSDK/Libraries/PeriphDrivers/bin/MAX32660/spi-v1_softfp/libPeriphDriver_spi-v1_softfp.a(i2c_reva.o)
                0x00001680                MXC_I2C_RevA_SetRXThreshold
 .text.MXC_I2C_RevA_SetTXThreshold
                0x0000169e       0x20 C:/MaximSDK/Libraries/PeriphDrivers/bin/MAX32660/spi-v1_softfp/libPeriphDriver_spi-v1_softfp.a(i2c_reva.o)
                0x0000169e                MXC_I2C_RevA_SetTXThreshold
 *fill*         0x000016be        0x2 
 .text.MXC_UART_Shutdown
                0x000016c0       0x3c C:/MaximSDK/Libraries/PeriphDrivers/bin/MAX32660/spi-v1_softfp/libPeriphDriver_spi-v1_softfp.a(uart_me11.o)
                0x000016c0                MXC_UART_Shutdown
 .text.MXC_UART_Init
                0x000016fc       0x78 C:/MaximSDK/Libraries/PeriphDrivers/bin/MAX32660/spi-v1_softfp/libPeriphDriver_spi-v1_softfp.a(uart_me11.o)
                0x000016fc                MXC_UART_Init
 .text.MXC_UART_SetFrequency
                0x00001774        0x8 C:/MaximSDK/Libraries/PeriphDrivers/bin/MAX32660/spi-v1_softfp/libPeriphDriver_spi-v1_softfp.a(uart_me11.o)
                0x00001774                MXC_UART_SetFrequency
 .text.MXC_UART_GetFrequency
                0x0000177c        0x8 C:/MaximSDK/Libraries/PeriphDrivers/bin/MAX32660/spi-v1_softfp/libPeriphDriver_spi-v1_softfp.a(uart_me11.o)
                0x0000177c                MXC_UART_GetFrequency
 .text.MXC_UART_SetDataSize
                0x00001784        0x8 C:/MaximSDK/Libraries/PeriphDrivers/bin/MAX32660/spi-v1_softfp/libPeriphDriver_spi-v1_softfp.a(uart_me11.o)
                0x00001784                MXC_UART_SetDataSize
 .text.MXC_UART_SetStopBits
                0x0000178c        0x8 C:/MaximSDK/Libraries/PeriphDrivers/bin/MAX32660/spi-v1_softfp/libPeriphDriver_spi-v1_softfp.a(uart_me11.o)
                0x0000178c                MXC_UART_SetStopBits
 .text.MXC_UART_SetParity
                0x00001794        0x8 C:/MaximSDK/Libraries/PeriphDrivers/bin/MAX32660/spi-v1_softfp/libPeriphDriver_spi-v1_softfp.a(uart_me11.o)
                0x00001794                MXC_UART_SetParity
 .text.MXC_UART_ReadCharacterRaw
                0x0000179c        0x8 C:/MaximSDK/Libraries/PeriphDrivers/bin/MAX32660/spi-v1_softfp/libPeriphDriver_spi-v1_softfp.a(uart_me11.o)
                0x0000179c                MXC_UART_ReadCharacterRaw
 .text.MXC_UART_WriteCharacterRaw
                0x000017a4        0x8 C:/MaximSDK/Libraries/PeriphDrivers/bin/MAX32660/spi-v1_softfp/libPeriphDriver_spi-v1_softfp.a(uart_me11.o)
                0x000017a4                MXC_UART_WriteCharacterRaw
 .text.MXC_UART_ReadCharacter
                0x000017ac        0x8 C:/MaximSDK/Libraries/PeriphDrivers/bin/MAX32660/spi-v1_softfp/libPeriphDriver_spi-v1_softfp.a(uart_me11.o)
                0x000017ac                MXC_UART_ReadCharacter
 .text.MXC_UART_WriteCharacter
                0x000017b4        0x8 C:/MaximSDK/Libraries/PeriphDrivers/bin/MAX32660/spi-v1_softfp/libPeriphDriver_spi-v1_softfp.a(uart_me11.o)
                0x000017b4                MXC_UART_WriteCharacter
 .text.MXC_UART_GetRXFIFOAvailable
                0x000017bc        0x8 C:/MaximSDK/Libraries/PeriphDrivers/bin/MAX32660/spi-v1_softfp/libPeriphDriver_spi-v1_softfp.a(uart_me11.o)
                0x000017bc                MXC_UART_GetRXFIFOAvailable
 .text.MXC_UART_GetTXFIFOAvailable
                0x000017c4        0x8 C:/MaximSDK/Libraries/PeriphDrivers/bin/MAX32660/spi-v1_softfp/libPeriphDriver_spi-v1_softfp.a(uart_me11.o)
                0x000017c4                MXC_UART_GetTXFIFOAvailable
 .text.MXC_UART_SetRXThreshold
                0x000017cc        0x8 C:/MaximSDK/Libraries/PeriphDrivers/bin/MAX32660/spi-v1_softfp/libPeriphDriver_spi-v1_softfp.a(uart_me11.o)
                0x000017cc                MXC_UART_SetRXThreshold
 .text.MXC_UART_SetTXThreshold
                0x000017d4        0x8 C:/MaximSDK/Libraries/PeriphDrivers/bin/MAX32660/spi-v1_softfp/libPeriphDriver_spi-v1_softfp.a(uart_me11.o)
                0x000017d4                MXC_UART_SetTXThreshold
 .text.MXC_UART_RevA_Init
                0x000017dc       0xc0 C:/MaximSDK/Libraries/PeriphDrivers/bin/MAX32660/spi-v1_softfp/libPeriphDriver_spi-v1_softfp.a(uart_reva.o)
                0x000017dc                MXC_UART_RevA_Init
 .text.MXC_UART_RevA_SetFrequency
                0x0000189c      0x104 C:/MaximSDK/Libraries/PeriphDrivers/bin/MAX32660/spi-v1_softfp/libPeriphDriver_spi-v1_softfp.a(uart_reva.o)
                0x0000189c                MXC_UART_RevA_SetFrequency
 .text.MXC_UART_RevA_GetFrequency
                0x000019a0       0xb4 C:/MaximSDK/Libraries/PeriphDrivers/bin/MAX32660/spi-v1_softfp/libPeriphDriver_spi-v1_softfp.a(uart_reva.o)
                0x000019a0                MXC_UART_RevA_GetFrequency
 .text.MXC_UART_RevA_SetDataSize
                0x00001a54       0x20 C:/MaximSDK/Libraries/PeriphDrivers/bin/MAX32660/spi-v1_softfp/libPeriphDriver_spi-v1_softfp.a(uart_reva.o)
                0x00001a54                MXC_UART_RevA_SetDataSize
 .text.MXC_UART_RevA_SetStopBits
                0x00001a74       0x24 C:/MaximSDK/Libraries/PeriphDrivers/bin/MAX32660/spi-v1_softfp/libPeriphDriver_spi-v1_softfp.a(uart_reva.o)
                0x00001a74                MXC_UART_RevA_SetStopBits
 .text.MXC_UART_RevA_SetParity
                0x00001a98      0x11a C:/MaximSDK/Libraries/PeriphDrivers/bin/MAX32660/spi-v1_softfp/libPeriphDriver_spi-v1_softfp.a(uart_reva.o)
                0x00001a98                MXC_UART_RevA_SetParity
 .text.MXC_UART_RevA_ReadCharacterRaw
                0x00001bb2       0x12 C:/MaximSDK/Libraries/PeriphDrivers/bin/MAX32660/spi-v1_softfp/libPeriphDriver_spi-v1_softfp.a(uart_reva.o)
                0x00001bb2                MXC_UART_RevA_ReadCharacterRaw
 .text.MXC_UART_RevA_WriteCharacterRaw
                0x00001bc4       0x14 C:/MaximSDK/Libraries/PeriphDrivers/bin/MAX32660/spi-v1_softfp/libPeriphDriver_spi-v1_softfp.a(uart_reva.o)
                0x00001bc4                MXC_UART_RevA_WriteCharacterRaw
 .text.MXC_UART_RevA_GetRXFIFOAvailable
                0x00001bd8        0x8 C:/MaximSDK/Libraries/PeriphDrivers/bin/MAX32660/spi-v1_softfp/libPeriphDriver_spi-v1_softfp.a(uart_reva.o)
                0x00001bd8                MXC_UART_RevA_GetRXFIFOAvailable
 .text.MXC_UART_RevA_GetTXFIFOAvailable
                0x00001be0        0xc C:/MaximSDK/Libraries/PeriphDrivers/bin/MAX32660/spi-v1_softfp/libPeriphDriver_spi-v1_softfp.a(uart_reva.o)
                0x00001be0                MXC_UART_RevA_GetTXFIFOAvailable
 .text.MXC_UART_RevA_SetRXThreshold
                0x00001bec       0x1e C:/MaximSDK/Libraries/PeriphDrivers/bin/MAX32660/spi-v1_softfp/libPeriphDriver_spi-v1_softfp.a(uart_reva.o)
                0x00001bec                MXC_UART_RevA_SetRXThreshold
 .text.MXC_UART_RevA_SetTXThreshold
                0x00001c0a       0x20 C:/MaximSDK/Libraries/PeriphDrivers/bin/MAX32660/spi-v1_softfp/libPeriphDriver_spi-v1_softfp.a(uart_reva.o)
                0x00001c0a                MXC_UART_RevA_SetTXThreshold
 *fill*         0x00001c2a        0x2 
 .text.MXC_DMA_DeInit
                0x00001c2c       0x10 C:/MaximSDK/Libraries/PeriphDrivers/bin/MAX32660/spi-v1_softfp/libPeriphDriver_spi-v1_softfp.a(dma_me11.o)
                0x00001c2c                MXC_DMA_DeInit
 .text.MXC_DMA_ReleaseChannel
                0x00001c3c        0x8 C:/MaximSDK/Libraries/PeriphDrivers/bin/MAX32660/spi-v1_softfp/libPeriphDriver_spi-v1_softfp.a(dma_me11.o)
                0x00001c3c                MXC_DMA_ReleaseChannel
 .text.MXC_DMA_RevA_DeInit
                0x00001c44       0x34 C:/MaximSDK/Libraries/PeriphDrivers/bin/MAX32660/spi-v1_softfp/libPeriphDriver_spi-v1_softfp.a(dma_reva.o)
                0x00001c44                MXC_DMA_RevA_DeInit
 .text.MXC_DMA_RevA_ReleaseChannel
                0x00001c78       0x60 C:/MaximSDK/Libraries/PeriphDrivers/bin/MAX32660/spi-v1_softfp/libPeriphDriver_spi-v1_softfp.a(dma_reva.o)
                0x00001c78                MXC_DMA_RevA_ReleaseChannel
 .text.MXC_GPIO_Common_Handler
                0x00001cd8       0x74 C:/MaximSDK/Libraries/PeriphDrivers/bin/MAX32660/spi-v1_softfp/libPeriphDriver_spi-v1_softfp.a(gpio_common.o)
                0x00001cd8                MXC_GPIO_Common_Handler
 .text.MXC_GPIO_Common_GetConfigLock
                0x00001d4c        0xc C:/MaximSDK/Libraries/PeriphDrivers/bin/MAX32660/spi-v1_softfp/libPeriphDriver_spi-v1_softfp.a(gpio_common.o)
                0x00001d4c                MXC_GPIO_Common_GetConfigLock
 .text.MXC_UART_Common_ReadCharacter
                0x00001d58       0x16 C:/MaximSDK/Libraries/PeriphDrivers/bin/MAX32660/spi-v1_softfp/libPeriphDriver_spi-v1_softfp.a(uart_common.o)
                0x00001d58                MXC_UART_Common_ReadCharacter
 .text.MXC_UART_Common_WriteCharacter
                0x00001d6e       0x1a C:/MaximSDK/Libraries/PeriphDrivers/bin/MAX32660/spi-v1_softfp/libPeriphDriver_spi-v1_softfp.a(uart_common.o)
                0x00001d6e                MXC_UART_Common_WriteCharacter
 .text.MXC_GetLock
                0x00001d88       0x1c C:/MaximSDK/Libraries/PeriphDrivers/bin/MAX32660/spi-v1_softfp/libPeriphDriver_spi-v1_softfp.a(mxc_lock.o)
                0x00001d88                MXC_GetLock
 .text.MXC_FreeLock
                0x00001da4        0xa C:/MaximSDK/Libraries/PeriphDrivers/bin/MAX32660/spi-v1_softfp/libPeriphDriver_spi-v1_softfp.a(mxc_lock.o)
                0x00001da4                MXC_FreeLock
 *fill*         0x00001dae        0x2 
 .text.__errno  0x00001db0        0xc c:/maximsdk/tools/gnutools/10.3/bin/../lib/gcc/arm-none-eabi/10.3.1/../../../../arm-none-eabi/lib/thumb/v7e-m+fp/softfp\libc.a(lib_a-errno.o)
                0x00001db0                __errno
 .text._fclose_r
                0x00001dbc       0xcc c:/maximsdk/tools/gnutools/10.3/bin/../lib/gcc/arm-none-eabi/10.3.1/../../../../arm-none-eabi/lib/thumb/v7e-m+fp/softfp\libc.a(lib_a-fclose.o)
                0x00001dbc                _fclose_r
 .text.fclose   0x00001e88       0x10 c:/maximsdk/tools/gnutools/10.3/bin/../lib/gcc/arm-none-eabi/10.3.1/../../../../arm-none-eabi/lib/thumb/v7e-m+fp/softfp\libc.a(lib_a-fclose.o)
                0x00001e88                fclose
 .text.__sflush_r
                0x00001e98      0x130 c:/maximsdk/tools/gnutools/10.3/bin/../lib/gcc/arm-none-eabi/10.3.1/../../../../arm-none-eabi/lib/thumb/v7e-m+fp/softfp\libc.a(lib_a-fflush.o)
                0x00001e98                __sflush_r
 .text._fflush_r
                0x00001fc8       0x5c c:/maximsdk/tools/gnutools/10.3/bin/../lib/gcc/arm-none-eabi/10.3.1/../../../../arm-none-eabi/lib/thumb/v7e-m+fp/softfp\libc.a(lib_a-fflush.o)
                0x00001fc8                _fflush_r
 .text.fflush   0x00002024       0x74 c:/maximsdk/tools/gnutools/10.3/bin/../lib/gcc/arm-none-eabi/10.3.1/../../../../arm-none-eabi/lib/thumb/v7e-m+fp/softfp\libc.a(lib_a-fflush.o)
                0x00002024                fflush
 .text._cleanup_r
                0x00002098        0xc c:/maximsdk/tools/gnutools/10.3/bin/../lib/gcc/arm-none-eabi/10.3.1/../../../../arm-none-eabi/lib/thumb/v7e-m+fp/softfp\libc.a(lib_a-findfp.o)
                0x00002098                _cleanup_r
 .text.__sinit  0x000020a4      0x10c c:/maximsdk/tools/gnutools/10.3/bin/../lib/gcc/arm-none-eabi/10.3.1/../../../../arm-none-eabi/lib/thumb/v7e-m+fp/softfp\libc.a(lib_a-findfp.o)
                0x000020a4                __sinit
 .text.__sfp    0x000021b0       0xc8 c:/maximsdk/tools/gnutools/10.3/bin/../lib/gcc/arm-none-eabi/10.3.1/../../../../arm-none-eabi/lib/thumb/v7e-m+fp/softfp\libc.a(lib_a-findfp.o)
                0x000021b0                __sfp
 .text.__sfp_lock_acquire
                0x00002278        0xc c:/maximsdk/tools/gnutools/10.3/bin/../lib/gcc/arm-none-eabi/10.3.1/../../../../arm-none-eabi/lib/thumb/v7e-m+fp/softfp\libc.a(lib_a-findfp.o)
                0x00002278                __sfp_lock_acquire
 .text.__sfp_lock_release
                0x00002284        0xc c:/maximsdk/tools/gnutools/10.3/bin/../lib/gcc/arm-none-eabi/10.3.1/../../../../arm-none-eabi/lib/thumb/v7e-m+fp/softfp\libc.a(lib_a-findfp.o)
                0x00002284                __sfp_lock_release
 .text._fopen_r
                0x00002290       0xbc c:/maximsdk/tools/gnutools/10.3/bin/../lib/gcc/arm-none-eabi/10.3.1/../../../../arm-none-eabi/lib/thumb/v7e-m+fp/softfp\libc.a(lib_a-fopen.o)
                0x00002290                _fopen_r
 .text.fopen    0x0000234c       0x18 c:/maximsdk/tools/gnutools/10.3/bin/../lib/gcc/arm-none-eabi/10.3.1/../../../../arm-none-eabi/lib/thumb/v7e-m+fp/softfp\libc.a(lib_a-fopen.o)
                0x0000234c                fopen
 .text._fread_r
                0x00002364      0x1b4 c:/maximsdk/tools/gnutools/10.3/bin/../lib/gcc/arm-none-eabi/10.3.1/../../../../arm-none-eabi/lib/thumb/v7e-m+fp/softfp\libc.a(lib_a-fread.o)
                0x00002364                _fread_r
 .text.fread    0x00002518       0x20 c:/maximsdk/tools/gnutools/10.3/bin/../lib/gcc/arm-none-eabi/10.3.1/../../../../arm-none-eabi/lib/thumb/v7e-m+fp/softfp\libc.a(lib_a-fread.o)
                0x00002518                fread
 .text._malloc_trim_r
                0x00002538       0xa0 c:/maximsdk/tools/gnutools/10.3/bin/../lib/gcc/arm-none-eabi/10.3.1/../../../../arm-none-eabi/lib/thumb/v7e-m+fp/softfp\libc.a(lib_a-freer.o)
                0x00002538                _malloc_trim_r
 .text._free_r  0x000025d8      0x20c c:/maximsdk/tools/gnutools/10.3/bin/../lib/gcc/arm-none-eabi/10.3.1/../../../../arm-none-eabi/lib/thumb/v7e-m+fp/softfp\libc.a(lib_a-freer.o)
                0x000025d8                _free_r
 .text._fseek_r
                0x000027e4        0x4 c:/maximsdk/tools/gnutools/10.3/bin/../lib/gcc/arm-none-eabi/10.3.1/../../../../arm-none-eabi/lib/thumb/v7e-m+fp/softfp\libc.a(lib_a-fseek.o)
                0x000027e4                _fseek_r
 .text._fseeko_r
                0x000027e8      0x324 c:/maximsdk/tools/gnutools/10.3/bin/../lib/gcc/arm-none-eabi/10.3.1/../../../../arm-none-eabi/lib/thumb/v7e-m+fp/softfp\libc.a(lib_a-fseeko.o)
                0x000027e8                _fseeko_r
 .text._fstat_r
                0x00002b0c       0x2c c:/maximsdk/tools/gnutools/10.3/bin/../lib/gcc/arm-none-eabi/10.3.1/../../../../arm-none-eabi/lib/thumb/v7e-m+fp/softfp\libc.a(lib_a-fstatr.o)
                0x00002b0c                _fstat_r
 .text._fwalk   0x00002b38       0x40 c:/maximsdk/tools/gnutools/10.3/bin/../lib/gcc/arm-none-eabi/10.3.1/../../../../arm-none-eabi/lib/thumb/v7e-m+fp/softfp\libc.a(lib_a-fwalk.o)
                0x00002b38                _fwalk
 .text._fwalk_reent
                0x00002b78       0x48 c:/maximsdk/tools/gnutools/10.3/bin/../lib/gcc/arm-none-eabi/10.3.1/../../../../arm-none-eabi/lib/thumb/v7e-m+fp/softfp\libc.a(lib_a-fwalk.o)
                0x00002b78                _fwalk_reent
 .text.__libc_init_array
                0x00002bc0       0x48 c:/maximsdk/tools/gnutools/10.3/bin/../lib/gcc/arm-none-eabi/10.3.1/../../../../arm-none-eabi/lib/thumb/v7e-m+fp/softfp\libc.a(lib_a-init.o)
                0x00002bc0                __libc_init_array
 .text.__retarget_lock_init_recursive
                0x00002c08        0x4 c:/maximsdk/tools/gnutools/10.3/bin/../lib/gcc/arm-none-eabi/10.3.1/../../../../arm-none-eabi/lib/thumb/v7e-m+fp/softfp\libc.a(lib_a-lock.o)
                0x00002c08                __retarget_lock_init_recursive
 .text.__retarget_lock_close_recursive
                0x00002c0c        0x4 c:/maximsdk/tools/gnutools/10.3/bin/../lib/gcc/arm-none-eabi/10.3.1/../../../../arm-none-eabi/lib/thumb/v7e-m+fp/softfp\libc.a(lib_a-lock.o)
                0x00002c0c                __retarget_lock_close_recursive
 .text.__retarget_lock_acquire_recursive
                0x00002c10        0x4 c:/maximsdk/tools/gnutools/10.3/bin/../lib/gcc/arm-none-eabi/10.3.1/../../../../arm-none-eabi/lib/thumb/v7e-m+fp/softfp\libc.a(lib_a-lock.o)
                0x00002c10                __retarget_lock_acquire_recursive
 .text.__retarget_lock_release_recursive
                0x00002c14        0x4 c:/maximsdk/tools/gnutools/10.3/bin/../lib/gcc/arm-none-eabi/10.3.1/../../../../arm-none-eabi/lib/thumb/v7e-m+fp/softfp\libc.a(lib_a-lock.o)
                0x00002c14                __retarget_lock_release_recursive
 .text.__smakebuf_r
                0x00002c18       0xe0 c:/maximsdk/tools/gnutools/10.3/bin/../lib/gcc/arm-none-eabi/10.3.1/../../../../arm-none-eabi/lib/thumb/v7e-m+fp/softfp\libc.a(lib_a-makebuf.o)
                0x00002c18                __smakebuf_r
 .text.malloc   0x00002cf8       0x10 c:/maximsdk/tools/gnutools/10.3/bin/../lib/gcc/arm-none-eabi/10.3.1/../../../../arm-none-eabi/lib/thumb/v7e-m+fp/softfp\libc.a(lib_a-malloc.o)
                0x00002cf8                malloc
 .text._malloc_r
                0x00002d08      0x560 c:/maximsdk/tools/gnutools/10.3/bin/../lib/gcc/arm-none-eabi/10.3.1/../../../../arm-none-eabi/lib/thumb/v7e-m+fp/softfp\libc.a(lib_a-mallocr.o)
                0x00002d08                _malloc_r
 .text          0x00003268      0x134 c:/maximsdk/tools/gnutools/10.3/bin/../lib/gcc/arm-none-eabi/10.3.1/../../../../arm-none-eabi/lib/thumb/v7e-m+fp/softfp\libc.a(lib_a-memcpy.o)
                0x00003268                memcpy
 .text.memset   0x0000339c       0xa4 c:/maximsdk/tools/gnutools/10.3/bin/../lib/gcc/arm-none-eabi/10.3.1/../../../../arm-none-eabi/lib/thumb/v7e-m+fp/softfp\libc.a(lib_a-memset.o)
                0x0000339c                memset
 .text.__malloc_lock
                0x00003440        0xc c:/maximsdk/tools/gnutools/10.3/bin/../lib/gcc/arm-none-eabi/10.3.1/../../../../arm-none-eabi/lib/thumb/v7e-m+fp/softfp\libc.a(lib_a-mlock.o)
                0x00003440                __malloc_lock
 .text.__malloc_unlock
                0x0000344c        0xc c:/maximsdk/tools/gnutools/10.3/bin/../lib/gcc/arm-none-eabi/10.3.1/../../../../arm-none-eabi/lib/thumb/v7e-m+fp/softfp\libc.a(lib_a-mlock.o)
                0x0000344c                __malloc_unlock
 .text._open_r  0x00003458       0x2c c:/maximsdk/tools/gnutools/10.3/bin/../lib/gcc/arm-none-eabi/10.3.1/../../../../arm-none-eabi/lib/thumb/v7e-m+fp/softfp\libc.a(lib_a-openr.o)
                0x00003458                _open_r
 .text.printf   0x00003484       0x28 c:/maximsdk/tools/gnutools/10.3/bin/../lib/gcc/arm-none-eabi/10.3.1/../../../../arm-none-eabi/lib/thumb/v7e-m+fp/softfp\libc.a(lib_a-printf.o)
                0x00003484                printf
 .text._puts_r  0x000034ac       0x9c c:/maximsdk/tools/gnutools/10.3/bin/../lib/gcc/arm-none-eabi/10.3.1/../../../../arm-none-eabi/lib/thumb/v7e-m+fp/softfp\libc.a(lib_a-puts.o)
                0x000034ac                _puts_r
 .text.puts     0x00003548       0x10 c:/maximsdk/tools/gnutools/10.3/bin/../lib/gcc/arm-none-eabi/10.3.1/../../../../arm-none-eabi/lib/thumb/v7e-m+fp/softfp\libc.a(lib_a-puts.o)
                0x00003548                puts
 .text.lflush   0x00003558       0x14 c:/maximsdk/tools/gnutools/10.3/bin/../lib/gcc/arm-none-eabi/10.3.1/../../../../arm-none-eabi/lib/thumb/v7e-m+fp/softfp\libc.a(lib_a-refill.o)
 .text.__srefill_r
                0x0000356c      0x114 c:/maximsdk/tools/gnutools/10.3/bin/../lib/gcc/arm-none-eabi/10.3.1/../../../../arm-none-eabi/lib/thumb/v7e-m+fp/softfp\libc.a(lib_a-refill.o)
                0x0000356c                __srefill_r
 .text._sbrk_r  0x00003680       0x24 c:/maximsdk/tools/gnutools/10.3/bin/../lib/gcc/arm-none-eabi/10.3.1/../../../../arm-none-eabi/lib/thumb/v7e-m+fp/softfp\libc.a(lib_a-sbrkr.o)
                0x00003680                _sbrk_r
 .text.__sread  0x000036a4       0x24 c:/maximsdk/tools/gnutools/10.3/bin/../lib/gcc/arm-none-eabi/10.3.1/../../../../arm-none-eabi/lib/thumb/v7e-m+fp/softfp\libc.a(lib_a-stdio.o)
                0x000036a4                __sread
 .text.__swrite
                0x000036c8       0x40 c:/maximsdk/tools/gnutools/10.3/bin/../lib/gcc/arm-none-eabi/10.3.1/../../../../arm-none-eabi/lib/thumb/v7e-m+fp/softfp\libc.a(lib_a-stdio.o)
                0x000036c8                __swrite
 .text.__sseek  0x00003708       0x20 c:/maximsdk/tools/gnutools/10.3/bin/../lib/gcc/arm-none-eabi/10.3.1/../../../../arm-none-eabi/lib/thumb/v7e-m+fp/softfp\libc.a(lib_a-stdio.o)
                0x00003708                __sseek
 .text.__sclose
                0x00003728        0x8 c:/maximsdk/tools/gnutools/10.3/bin/../lib/gcc/arm-none-eabi/10.3.1/../../../../arm-none-eabi/lib/thumb/v7e-m+fp/softfp\libc.a(lib_a-stdio.o)
                0x00003728                __sclose
 *fill*         0x00003730       0x10 
 .text          0x00003740       0xdc c:/maximsdk/tools/gnutools/10.3/bin/../lib/gcc/arm-none-eabi/10.3.1/../../../../arm-none-eabi/lib/thumb/v7e-m+fp/softfp\libc.a(lib_a-strlen.o)
                0x00003740                strlen
 *fill*         0x0000381c        0x4 
 .text._vfprintf_r
                0x00003820     0x1b8c c:/maximsdk/tools/gnutools/10.3/bin/../lib/gcc/arm-none-eabi/10.3.1/../../../../arm-none-eabi/lib/thumb/v7e-m+fp/softfp\libc.a(lib_a-vfprintf.o)
                0x00003820                _vfprintf_r
 .text.__sbprintf
                0x000053ac       0x80 c:/maximsdk/tools/gnutools/10.3/bin/../lib/gcc/arm-none-eabi/10.3.1/../../../../arm-none-eabi/lib/thumb/v7e-m+fp/softfp\libc.a(lib_a-vfprintf.o)
 .text._write_r
                0x0000542c       0x2c c:/maximsdk/tools/gnutools/10.3/bin/../lib/gcc/arm-none-eabi/10.3.1/../../../../arm-none-eabi/lib/thumb/v7e-m+fp/softfp\libc.a(lib_a-writer.o)
                0x0000542c                _write_r
 .text.__swsetup_r
                0x00005458       0xd4 c:/maximsdk/tools/gnutools/10.3/bin/../lib/gcc/arm-none-eabi/10.3.1/../../../../arm-none-eabi/lib/thumb/v7e-m+fp/softfp\libc.a(lib_a-wsetup.o)
                0x00005458                __swsetup_r
 .text.startup.register_fini
                0x0000552c       0x14 c:/maximsdk/tools/gnutools/10.3/bin/../lib/gcc/arm-none-eabi/10.3.1/../../../../arm-none-eabi/lib/thumb/v7e-m+fp/softfp\libc.a(lib_a-__call_atexit.o)
 .text.atexit   0x00005540        0xc c:/maximsdk/tools/gnutools/10.3/bin/../lib/gcc/arm-none-eabi/10.3.1/../../../../arm-none-eabi/lib/thumb/v7e-m+fp/softfp\libc.a(lib_a-atexit.o)
                0x00005540                atexit
 .text._close_r
                0x0000554c       0x24 c:/maximsdk/tools/gnutools/10.3/bin/../lib/gcc/arm-none-eabi/10.3.1/../../../../arm-none-eabi/lib/thumb/v7e-m+fp/softfp\libc.a(lib_a-closer.o)
                0x0000554c                _close_r
 .text.quorem   0x00005570      0x128 c:/maximsdk/tools/gnutools/10.3/bin/../lib/gcc/arm-none-eabi/10.3.1/../../../../arm-none-eabi/lib/thumb/v7e-m+fp/softfp\libc.a(lib_a-dtoa.o)
 .text._dtoa_r  0x00005698      0xf34 c:/maximsdk/tools/gnutools/10.3/bin/../lib/gcc/arm-none-eabi/10.3.1/../../../../arm-none-eabi/lib/thumb/v7e-m+fp/softfp\libc.a(lib_a-dtoa.o)
                0x00005698                _dtoa_r
 .text.__libc_fini_array
                0x000065cc       0x2c c:/maximsdk/tools/gnutools/10.3/bin/../lib/gcc/arm-none-eabi/10.3.1/../../../../arm-none-eabi/lib/thumb/v7e-m+fp/softfp\libc.a(lib_a-fini.o)
                0x000065cc                __libc_fini_array
 .text.__sflags
                0x000065f8       0x84 c:/maximsdk/tools/gnutools/10.3/bin/../lib/gcc/arm-none-eabi/10.3.1/../../../../arm-none-eabi/lib/thumb/v7e-m+fp/softfp\libc.a(lib_a-flags.o)
                0x000065f8                __sflags
 .text.__sfvwrite_r
                0x0000667c      0x2f0 c:/maximsdk/tools/gnutools/10.3/bin/../lib/gcc/arm-none-eabi/10.3.1/../../../../arm-none-eabi/lib/thumb/v7e-m+fp/softfp\libc.a(lib_a-fvwrite.o)
                0x0000667c                __sfvwrite_r
 .text._isatty_r
                0x0000696c       0x24 c:/maximsdk/tools/gnutools/10.3/bin/../lib/gcc/arm-none-eabi/10.3.1/../../../../arm-none-eabi/lib/thumb/v7e-m+fp/softfp\libc.a(lib_a-isattyr.o)
                0x0000696c                _isatty_r
 .text._localeconv_r
                0x00006990        0x8 c:/maximsdk/tools/gnutools/10.3/bin/../lib/gcc/arm-none-eabi/10.3.1/../../../../arm-none-eabi/lib/thumb/v7e-m+fp/softfp\libc.a(lib_a-localeconv.o)
                0x00006990                _localeconv_r
 .text._lseek_r
                0x00006998       0x2c c:/maximsdk/tools/gnutools/10.3/bin/../lib/gcc/arm-none-eabi/10.3.1/../../../../arm-none-eabi/lib/thumb/v7e-m+fp/softfp\libc.a(lib_a-lseekr.o)
                0x00006998                _lseek_r
 *fill*         0x000069c4        0xc 
 .text          0x000069d0       0xa0 c:/maximsdk/tools/gnutools/10.3/bin/../lib/gcc/arm-none-eabi/10.3.1/../../../../arm-none-eabi/lib/thumb/v7e-m+fp/softfp\libc.a(lib_a-memchr.o)
                0x000069d0                memchr
 .text.memmove  0x00006a70       0xf8 c:/maximsdk/tools/gnutools/10.3/bin/../lib/gcc/arm-none-eabi/10.3.1/../../../../arm-none-eabi/lib/thumb/v7e-m+fp/softfp\libc.a(lib_a-memmove.o)
                0x00006a70                memmove
 .text._Balloc  0x00006b68       0x4c c:/maximsdk/tools/gnutools/10.3/bin/../lib/gcc/arm-none-eabi/10.3.1/../../../../arm-none-eabi/lib/thumb/v7e-m+fp/softfp\libc.a(lib_a-mprec.o)
                0x00006b68                _Balloc
 .text._Bfree   0x00006bb4       0x14 c:/maximsdk/tools/gnutools/10.3/bin/../lib/gcc/arm-none-eabi/10.3.1/../../../../arm-none-eabi/lib/thumb/v7e-m+fp/softfp\libc.a(lib_a-mprec.o)
                0x00006bb4                _Bfree
 .text.__multadd
                0x00006bc8       0xa8 c:/maximsdk/tools/gnutools/10.3/bin/../lib/gcc/arm-none-eabi/10.3.1/../../../../arm-none-eabi/lib/thumb/v7e-m+fp/softfp\libc.a(lib_a-mprec.o)
                0x00006bc8                __multadd
 .text.__hi0bits
                0x00006c70       0x40 c:/maximsdk/tools/gnutools/10.3/bin/../lib/gcc/arm-none-eabi/10.3.1/../../../../arm-none-eabi/lib/thumb/v7e-m+fp/softfp\libc.a(lib_a-mprec.o)
                0x00006c70                __hi0bits
 .text.__lo0bits
                0x00006cb0       0x60 c:/maximsdk/tools/gnutools/10.3/bin/../lib/gcc/arm-none-eabi/10.3.1/../../../../arm-none-eabi/lib/thumb/v7e-m+fp/softfp\libc.a(lib_a-mprec.o)
                0x00006cb0                __lo0bits
 .text.__i2b    0x00006d10       0x5c c:/maximsdk/tools/gnutools/10.3/bin/../lib/gcc/arm-none-eabi/10.3.1/../../../../arm-none-eabi/lib/thumb/v7e-m+fp/softfp\libc.a(lib_a-mprec.o)
                0x00006d10                __i2b
 .text.__multiply
                0x00006d6c      0x15c c:/maximsdk/tools/gnutools/10.3/bin/../lib/gcc/arm-none-eabi/10.3.1/../../../../arm-none-eabi/lib/thumb/v7e-m+fp/softfp\libc.a(lib_a-mprec.o)
                0x00006d6c                __multiply
 .text.__pow5mult
                0x00006ec8       0xc0 c:/maximsdk/tools/gnutools/10.3/bin/../lib/gcc/arm-none-eabi/10.3.1/../../../../arm-none-eabi/lib/thumb/v7e-m+fp/softfp\libc.a(lib_a-mprec.o)
                0x00006ec8                __pow5mult
 .text.__lshift
                0x00006f88       0xf0 c:/maximsdk/tools/gnutools/10.3/bin/../lib/gcc/arm-none-eabi/10.3.1/../../../../arm-none-eabi/lib/thumb/v7e-m+fp/softfp\libc.a(lib_a-mprec.o)
                0x00006f88                __lshift
 .text.__mcmp   0x00007078       0x44 c:/maximsdk/tools/gnutools/10.3/bin/../lib/gcc/arm-none-eabi/10.3.1/../../../../arm-none-eabi/lib/thumb/v7e-m+fp/softfp\libc.a(lib_a-mprec.o)
                0x00007078                __mcmp
 .text.__mdiff  0x000070bc      0x14c c:/maximsdk/tools/gnutools/10.3/bin/../lib/gcc/arm-none-eabi/10.3.1/../../../../arm-none-eabi/lib/thumb/v7e-m+fp/softfp\libc.a(lib_a-mprec.o)
                0x000070bc                __mdiff
 .text.__d2b    0x00007208       0xc4 c:/maximsdk/tools/gnutools/10.3/bin/../lib/gcc/arm-none-eabi/10.3.1/../../../../arm-none-eabi/lib/thumb/v7e-m+fp/softfp\libc.a(lib_a-mprec.o)
                0x00007208                __d2b
 .text._read_r  0x000072cc       0x2c c:/maximsdk/tools/gnutools/10.3/bin/../lib/gcc/arm-none-eabi/10.3.1/../../../../arm-none-eabi/lib/thumb/v7e-m+fp/softfp\libc.a(lib_a-readr.o)
                0x000072cc                _read_r
 .text._realloc_r
                0x000072f8      0x3d8 c:/maximsdk/tools/gnutools/10.3/bin/../lib/gcc/arm-none-eabi/10.3.1/../../../../arm-none-eabi/lib/thumb/v7e-m+fp/softfp\libc.a(lib_a-reallocr.o)
                0x000072f8                _realloc_r
 .text.frexp    0x000076d0       0x70 c:/maximsdk/tools/gnutools/10.3/bin/../lib/gcc/arm-none-eabi/10.3.1/../../../../arm-none-eabi/lib/thumb/v7e-m+fp/softfp\libc.a(lib_a-s_frexp.o)
                0x000076d0                frexp
 .text.strncpy  0x00007740       0x64 c:/maximsdk/tools/gnutools/10.3/bin/../lib/gcc/arm-none-eabi/10.3.1/../../../../arm-none-eabi/lib/thumb/v7e-m+fp/softfp\libc.a(lib_a-strncpy.o)
                0x00007740                strncpy
 .text.__sprint_r.part.0
                0x000077a4       0x78 c:/maximsdk/tools/gnutools/10.3/bin/../lib/gcc/arm-none-eabi/10.3.1/../../../../arm-none-eabi/lib/thumb/v7e-m+fp/softfp\libc.a(lib_a-vfiprintf.o)
 .text.__sprint_r
                0x0000781c       0x18 c:/maximsdk/tools/gnutools/10.3/bin/../lib/gcc/arm-none-eabi/10.3.1/../../../../arm-none-eabi/lib/thumb/v7e-m+fp/softfp\libc.a(lib_a-vfiprintf.o)
                0x0000781c                __sprint_r
 .text._vfiprintf_r
                0x00007834      0xdfc c:/maximsdk/tools/gnutools/10.3/bin/../lib/gcc/arm-none-eabi/10.3.1/../../../../arm-none-eabi/lib/thumb/v7e-m+fp/softfp\libc.a(lib_a-vfiprintf.o)
                0x00007834                _vfiprintf_r
 .text.__sbprintf
                0x00008630       0x80 c:/maximsdk/tools/gnutools/10.3/bin/../lib/gcc/arm-none-eabi/10.3.1/../../../../arm-none-eabi/lib/thumb/v7e-m+fp/softfp\libc.a(lib_a-vfiprintf.o)
 .text.__register_exitproc
                0x000086b0       0x8c c:/maximsdk/tools/gnutools/10.3/bin/../lib/gcc/arm-none-eabi/10.3.1/../../../../arm-none-eabi/lib/thumb/v7e-m+fp/softfp\libc.a(lib_a-__atexit.o)
                0x000086b0                __register_exitproc
 .text.__assert_func
                0x0000873c       0x40 c:/maximsdk/tools/gnutools/10.3/bin/../lib/gcc/arm-none-eabi/10.3.1/../../../../arm-none-eabi/lib/thumb/v7e-m+fp/softfp\libc.a(lib_a-assert.o)
                0x0000873c                __assert_func
 .text._calloc_r
                0x0000877c       0x78 c:/maximsdk/tools/gnutools/10.3/bin/../lib/gcc/arm-none-eabi/10.3.1/../../../../arm-none-eabi/lib/thumb/v7e-m+fp/softfp\libc.a(lib_a-callocr.o)
                0x0000877c                _calloc_r
 .text.fiprintf
                0x000087f4       0x28 c:/maximsdk/tools/gnutools/10.3/bin/../lib/gcc/arm-none-eabi/10.3.1/../../../../arm-none-eabi/lib/thumb/v7e-m+fp/softfp\libc.a(lib_a-fiprintf.o)
                0x000087f4                fiprintf
 .text.__fputwc
                0x0000881c       0xa8 c:/maximsdk/tools/gnutools/10.3/bin/../lib/gcc/arm-none-eabi/10.3.1/../../../../arm-none-eabi/lib/thumb/v7e-m+fp/softfp\libc.a(lib_a-fputwc.o)
                0x0000881c                __fputwc
 .text._fputwc_r
                0x000088c4       0x68 c:/maximsdk/tools/gnutools/10.3/bin/../lib/gcc/arm-none-eabi/10.3.1/../../../../arm-none-eabi/lib/thumb/v7e-m+fp/softfp\libc.a(lib_a-fputwc.o)
                0x000088c4                _fputwc_r
 .text.__locale_mb_cur_max
                0x0000892c        0xc c:/maximsdk/tools/gnutools/10.3/bin/../lib/gcc/arm-none-eabi/10.3.1/../../../../arm-none-eabi/lib/thumb/v7e-m+fp/softfp\libc.a(lib_a-locale.o)
                0x0000892c                __locale_mb_cur_max
 .text.__ascii_mbtowc
                0x00008938       0x2c c:/maximsdk/tools/gnutools/10.3/bin/../lib/gcc/arm-none-eabi/10.3.1/../../../../arm-none-eabi/lib/thumb/v7e-m+fp/softfp\libc.a(lib_a-mbtowc_r.o)
                0x00008938                __ascii_mbtowc
 .text.__swbuf_r
                0x00008964       0xb0 c:/maximsdk/tools/gnutools/10.3/bin/../lib/gcc/arm-none-eabi/10.3.1/../../../../arm-none-eabi/lib/thumb/v7e-m+fp/softfp\libc.a(lib_a-wbuf.o)
                0x00008964                __swbuf_r
 .text._wcrtomb_r
                0x00008a14       0x3c c:/maximsdk/tools/gnutools/10.3/bin/../lib/gcc/arm-none-eabi/10.3.1/../../../../arm-none-eabi/lib/thumb/v7e-m+fp/softfp\libc.a(lib_a-wcrtomb.o)
                0x00008a14                _wcrtomb_r
 .text.__ascii_wctomb
                0x00008a50       0x1c c:/maximsdk/tools/gnutools/10.3/bin/../lib/gcc/arm-none-eabi/10.3.1/../../../../arm-none-eabi/lib/thumb/v7e-m+fp/softfp\libc.a(lib_a-wctomb_r.o)
                0x00008a50                __ascii_wctomb
 .text.abort    0x00008a6c       0x10 c:/maximsdk/tools/gnutools/10.3/bin/../lib/gcc/arm-none-eabi/10.3.1/../../../../arm-none-eabi/lib/thumb/v7e-m+fp/softfp\libc.a(lib_a-abort.o)
                0x00008a6c                abort
 .text.raise    0x00008a7c       0x5c c:/maximsdk/tools/gnutools/10.3/bin/../lib/gcc/arm-none-eabi/10.3.1/../../../../arm-none-eabi/lib/thumb/v7e-m+fp/softfp\libc.a(lib_a-signal.o)
                0x00008a7c                raise
 .text._kill_r  0x00008ad8       0x2c c:/maximsdk/tools/gnutools/10.3/bin/../lib/gcc/arm-none-eabi/10.3.1/../../../../arm-none-eabi/lib/thumb/v7e-m+fp/softfp\libc.a(lib_a-signalr.o)
                0x00008ad8                _kill_r
 .text._getpid_r
                0x00008b04        0x4 c:/maximsdk/tools/gnutools/10.3/bin/../lib/gcc/arm-none-eabi/10.3.1/../../../../arm-none-eabi/lib/thumb/v7e-m+fp/softfp\libc.a(lib_a-signalr.o)
                0x00008b04                _getpid_r
 .text._exit    0x00008b08        0x4 c:/maximsdk/tools/gnutools/10.3/bin/../lib/gcc/arm-none-eabi/10.3.1/../../../../arm-none-eabi/lib/thumb/v7e-m+fp/softfp\libnosys.a(_exit.o)
                0x00008b08                _exit
 .text          0x00008b0c      0x378 c:/maximsdk/tools/gnutools/10.3/bin/../lib/gcc/arm-none-eabi/10.3.1/thumb/v7e-m+fp/softfp\libgcc.a(_arm_addsubdf3.o)
                0x00008b0c                __aeabi_drsub
                0x00008b14                __aeabi_dsub
                0x00008b14                __subdf3
                0x00008b18                __aeabi_dadd
                0x00008b18                __adddf3
                0x00008d90                __floatunsidf
                0x00008d90                __aeabi_ui2d
                0x00008db0                __floatsidf
                0x00008db0                __aeabi_i2d
                0x00008dd4                __aeabi_f2d
                0x00008dd4                __extendsfdf2
                0x00008e18                __floatundidf
                0x00008e18                __aeabi_ul2d
                0x00008e28                __floatdidf
                0x00008e28                __aeabi_l2d
 .text          0x00008e84      0x424 c:/maximsdk/tools/gnutools/10.3/bin/../lib/gcc/arm-none-eabi/10.3.1/thumb/v7e-m+fp/softfp\libgcc.a(_arm_muldivdf3.o)
                0x00008e84                __aeabi_dmul
                0x00008e84                __muldf3
                0x000090d8                __divdf3
                0x000090d8                __aeabi_ddiv
 .text          0x000092a8      0x110 c:/maximsdk/tools/gnutools/10.3/bin/../lib/gcc/arm-none-eabi/10.3.1/thumb/v7e-m+fp/softfp\libgcc.a(_arm_cmpdf2.o)
                0x000092a8                __gtdf2
                0x000092a8                __gedf2
                0x000092b0                __ltdf2
                0x000092b0                __ledf2
                0x000092b8                __nedf2
                0x000092b8                __eqdf2
                0x000092b8                __cmpdf2
                0x00009334                __aeabi_cdrcmple
                0x00009344                __aeabi_cdcmpeq
                0x00009344                __aeabi_cdcmple
                0x00009354                __aeabi_dcmpeq
                0x00009368                __aeabi_dcmplt
                0x0000937c                __aeabi_dcmple
                0x00009390                __aeabi_dcmpge
                0x000093a4                __aeabi_dcmpgt
 .text          0x000093b8       0x2c c:/maximsdk/tools/gnutools/10.3/bin/../lib/gcc/arm-none-eabi/10.3.1/thumb/v7e-m+fp/softfp\libgcc.a(_arm_unorddf2.o)
                0x000093b8                __unorddf2
                0x000093b8                __aeabi_dcmpun
 .text          0x000093e4       0x50 c:/maximsdk/tools/gnutools/10.3/bin/../lib/gcc/arm-none-eabi/10.3.1/thumb/v7e-m+fp/softfp\libgcc.a(_arm_fixdfsi.o)
                0x000093e4                __aeabi_d2iz
                0x000093e4                __fixdfsi
 .text          0x00009434       0x30 c:/maximsdk/tools/gnutools/10.3/bin/../lib/gcc/arm-none-eabi/10.3.1/thumb/v7e-m+fp/softfp\libgcc.a(_aeabi_uldivmod.o)
                0x00009434                __aeabi_uldivmod
 .text          0x00009464      0x2d0 c:/maximsdk/tools/gnutools/10.3/bin/../lib/gcc/arm-none-eabi/10.3.1/thumb/v7e-m+fp/softfp\libgcc.a(_udivmoddi4.o)
                0x00009464                __udivmoddi4
 .text          0x00009734        0x4 c:/maximsdk/tools/gnutools/10.3/bin/../lib/gcc/arm-none-eabi/10.3.1/thumb/v7e-m+fp/softfp\libgcc.a(_dvmd_tls.o)
                0x00009734                __aeabi_idiv0
                0x00009734                __aeabi_ldiv0
 *(.rodata*)
 .rodata.I2C_Master_Init.str1.4
                0x00009738       0x69 c:/Users/ashutoshtiwari/eclipse-workspace/I2C_master/build/i2c_driver.o
 *fill*         0x000097a1        0x3 
 .rodata.I2C_Send.str1.4
                0x000097a4       0x3e c:/Users/ashutoshtiwari/eclipse-workspace/I2C_master/build/i2c_driver.o
 *fill*         0x000097e2        0x2 
 .rodata.I2C_Receive.str1.4
                0x000097e4       0x42 c:/Users/ashutoshtiwari/eclipse-workspace/I2C_master/build/i2c_driver.o
 *fill*         0x00009826        0x2 
 .rodata.Master_SendCommand.str1.4
                0x00009828       0x59 c:/Users/ashutoshtiwari/eclipse-workspace/I2C_master/build/main.o
 *fill*         0x00009881        0x3 
 .rodata.Master_Handshake.str1.4
                0x00009884       0xaf c:/Users/ashutoshtiwari/eclipse-workspace/I2C_master/build/main.o
 *fill*         0x00009933        0x1 
 .rodata.Master_EnterBootloader.str1.4
                0x00009934       0x2d c:/Users/ashutoshtiwari/eclipse-workspace/I2C_master/build/main.o
 *fill*         0x00009961        0x3 
 .rodata.Master_ErasePartition.str1.4
                0x00009964       0x2c c:/Users/ashutoshtiwari/eclipse-workspace/I2C_master/build/main.o
 .rodata.Master_ProgramFirmware.str1.4
                0x00009990       0xce c:/Users/ashutoshtiwari/eclipse-workspace/I2C_master/build/main.o
 *fill*         0x00009a5e        0x2 
 .rodata.Master_ValidateCRC.str1.4
                0x00009a60       0x29 c:/Users/ashutoshtiwari/eclipse-workspace/I2C_master/build/main.o
 *fill*         0x00009a89        0x3 
 .rodata.Master_MarkActive.str1.4
                0x00009a8c       0x32 c:/Users/ashutoshtiwari/eclipse-workspace/I2C_master/build/main.o
 *fill*         0x00009abe        0x2 
 .rodata.Master_RebootSlave.str1.4
                0x00009ac0       0x23 c:/Users/ashutoshtiwari/eclipse-workspace/I2C_master/build/main.o
 *fill*         0x00009ae3        0x1 
 .rodata.FirmwareUpdateProcess.str1.4
                0x00009ae4      0x189 c:/Users/ashutoshtiwari/eclipse-workspace/I2C_master/build/main.o
 *fill*         0x00009c6d        0x3 
 .rodata.main.str1.4
                0x00009c70       0x7e c:/Users/ashutoshtiwari/eclipse-workspace/I2C_master/build/main.o
 *fill*         0x00009cee        0x2 
 .rodata        0x00009cf0        0x3 c:/Users/ashutoshtiwari/eclipse-workspace/I2C_master/build/main.o
 *fill*         0x00009cf3        0x1 
 .rodata.mxc_assert.str1.4
                0x00009cf4       0x19 c:/Users/ashutoshtiwari/eclipse-workspace/I2C_master/build/board.o
 *fill*         0x00009d0d        0x3 
 .rodata.Board_Init.str1.4
                0x00009d10       0x45 c:/Users/ashutoshtiwari/eclipse-workspace/I2C_master/build/board.o
 *fill*         0x00009d55        0x3 
 .rodata.led_pin
                0x00009d58        0xc c:/Users/ashutoshtiwari/eclipse-workspace/I2C_master/build/board.o
                0x00009d58                led_pin
 .rodata.num_leds
                0x00009d64        0x4 c:/Users/ashutoshtiwari/eclipse-workspace/I2C_master/build/board.o
                0x00009d64                num_leds
 .rodata.num_pbs
                0x00009d68        0x4 c:/Users/ashutoshtiwari/eclipse-workspace/I2C_master/build/board.o
                0x00009d68                num_pbs
 .rodata.pb_pin
                0x00009d6c        0xc c:/Users/ashutoshtiwari/eclipse-workspace/I2C_master/build/board.o
                0x00009d6c                pb_pin
 .rodata.LED_On.str1.4
                0x00009d78       0x3b c:/Users/ashutoshtiwari/eclipse-workspace/I2C_master/build/led.o
 *fill*         0x00009db3        0x1 
 .rodata.MXC_UART_RevA_Init.str1.4
                0x00009db4       0x77 C:/MaximSDK/Libraries/PeriphDrivers/bin/MAX32660/spi-v1_softfp/libPeriphDriver_spi-v1_softfp.a(uart_reva.o)
 *fill*         0x00009e2b        0x1 
 .rodata.gpio_cfg_i2c0
                0x00009e2c        0xc C:/MaximSDK/Libraries/PeriphDrivers/bin/MAX32660/spi-v1_softfp/libPeriphDriver_spi-v1_softfp.a(pins_me11.o)
                0x00009e2c                gpio_cfg_i2c0
 .rodata.gpio_cfg_i2c1
                0x00009e38        0xc C:/MaximSDK/Libraries/PeriphDrivers/bin/MAX32660/spi-v1_softfp/libPeriphDriver_spi-v1_softfp.a(pins_me11.o)
                0x00009e38                gpio_cfg_i2c1
 .rodata.gpio_cfg_uart0
                0x00009e44        0xc C:/MaximSDK/Libraries/PeriphDrivers/bin/MAX32660/spi-v1_softfp/libPeriphDriver_spi-v1_softfp.a(pins_me11.o)
                0x00009e44                gpio_cfg_uart0
 .rodata.gpio_cfg_uart1a
                0x00009e50        0xc C:/MaximSDK/Libraries/PeriphDrivers/bin/MAX32660/spi-v1_softfp/libPeriphDriver_spi-v1_softfp.a(pins_me11.o)
                0x00009e50                gpio_cfg_uart1a
 .rodata.gpio_cfg_uart1b
                0x00009e5c        0xc C:/MaximSDK/Libraries/PeriphDrivers/bin/MAX32660/spi-v1_softfp/libPeriphDriver_spi-v1_softfp.a(pins_me11.o)
                0x00009e5c                gpio_cfg_uart1b
 .rodata.gpio_cfg_uart1c
                0x00009e68        0xc C:/MaximSDK/Libraries/PeriphDrivers/bin/MAX32660/spi-v1_softfp/libPeriphDriver_spi-v1_softfp.a(pins_me11.o)
                0x00009e68                gpio_cfg_uart1c
 .rodata.MXC_DMA_RevA_Init.str1.4
                0x00009e74       0x51 C:/MaximSDK/Libraries/PeriphDrivers/bin/MAX32660/spi-v1_softfp/libPeriphDriver_spi-v1_softfp.a(dma_reva.o)
 *fill*         0x00009ec5        0x3 
 .rodata.MXC_GPIO_Common_Handler.str1.4
                0x00009ec8       0x66 C:/MaximSDK/Libraries/PeriphDrivers/bin/MAX32660/spi-v1_softfp/libPeriphDriver_spi-v1_softfp.a(gpio_common.o)
 *fill*         0x00009f2e        0x2 
 .rodata._global_impure_ptr
                0x00009f30        0x4 c:/maximsdk/tools/gnutools/10.3/bin/../lib/gcc/arm-none-eabi/10.3.1/../../../../arm-none-eabi/lib/thumb/v7e-m+fp/softfp\libc.a(lib_a-impure.o)
                0x00009f30                _global_impure_ptr
 .rodata._puts_r.str1.4
                0x00009f34       0x66 c:/maximsdk/tools/gnutools/10.3/bin/../lib/gcc/arm-none-eabi/10.3.1/../../../../arm-none-eabi/lib/thumb/v7e-m+fp/softfp\libc.a(lib_a-puts.o)
                                  0x2 (size before relaxing)
 .rodata._vfprintf_r.str1.4
                0x00009f34       0x42 c:/maximsdk/tools/gnutools/10.3/bin/../lib/gcc/arm-none-eabi/10.3.1/../../../../arm-none-eabi/lib/thumb/v7e-m+fp/softfp\libc.a(lib_a-vfprintf.o)
 *fill*         0x00009f76        0x2 
 .rodata.blanks.1
                0x00009f78       0x10 c:/maximsdk/tools/gnutools/10.3/bin/../lib/gcc/arm-none-eabi/10.3.1/../../../../arm-none-eabi/lib/thumb/v7e-m+fp/softfp\libc.a(lib_a-vfprintf.o)
 .rodata.zeroes.0
                0x00009f88       0x10 c:/maximsdk/tools/gnutools/10.3/bin/../lib/gcc/arm-none-eabi/10.3.1/../../../../arm-none-eabi/lib/thumb/v7e-m+fp/softfp\libc.a(lib_a-vfprintf.o)
 .rodata._dtoa_r.str1.4
                0x00009f98       0xa2 c:/maximsdk/tools/gnutools/10.3/bin/../lib/gcc/arm-none-eabi/10.3.1/../../../../arm-none-eabi/lib/thumb/v7e-m+fp/softfp\libc.a(lib_a-dtoa.o)
                                 0xa6 (size before relaxing)
 *fill*         0x0000a03a        0x2 
 .rodata.__multadd.str1.4
                0x0000a03c       0x7f c:/maximsdk/tools/gnutools/10.3/bin/../lib/gcc/arm-none-eabi/10.3.1/../../../../arm-none-eabi/lib/thumb/v7e-m+fp/softfp\libc.a(lib_a-mprec.o)
                                 0x93 (size before relaxing)
 *fill*         0x0000a0bb        0x5 
 .rodata.__mprec_bigtens
                0x0000a0c0       0x28 c:/maximsdk/tools/gnutools/10.3/bin/../lib/gcc/arm-none-eabi/10.3.1/../../../../arm-none-eabi/lib/thumb/v7e-m+fp/softfp\libc.a(lib_a-mprec.o)
                0x0000a0c0                __mprec_bigtens
 .rodata.__mprec_tens
                0x0000a0e8       0xc8 c:/maximsdk/tools/gnutools/10.3/bin/../lib/gcc/arm-none-eabi/10.3.1/../../../../arm-none-eabi/lib/thumb/v7e-m+fp/softfp\libc.a(lib_a-mprec.o)
                0x0000a0e8                __mprec_tens
 .rodata.p05.0  0x0000a1b0        0xc c:/maximsdk/tools/gnutools/10.3/bin/../lib/gcc/arm-none-eabi/10.3.1/../../../../arm-none-eabi/lib/thumb/v7e-m+fp/softfp\libc.a(lib_a-mprec.o)
 .rodata._vfiprintf_r.str1.4
                0x0000a1bc       0x2f c:/maximsdk/tools/gnutools/10.3/bin/../lib/gcc/arm-none-eabi/10.3.1/../../../../arm-none-eabi/lib/thumb/v7e-m+fp/softfp\libc.a(lib_a-vfiprintf.o)
 .rodata.blanks.1
                0x0000a1bc       0x10 c:/maximsdk/tools/gnutools/10.3/bin/../lib/gcc/arm-none-eabi/10.3.1/../../../../arm-none-eabi/lib/thumb/v7e-m+fp/softfp\libc.a(lib_a-vfiprintf.o)
 .rodata.zeroes.0
                0x0000a1cc       0x10 c:/maximsdk/tools/gnutools/10.3/bin/../lib/gcc/arm-none-eabi/10.3.1/../../../../arm-none-eabi/lib/thumb/v7e-m+fp/softfp\libc.a(lib_a-vfiprintf.o)
 .rodata.__assert_func.str1.4
                0x0000a1dc       0x3f c:/maximsdk/tools/gnutools/10.3/bin/../lib/gcc/arm-none-eabi/10.3.1/../../../../arm-none-eabi/lib/thumb/v7e-m+fp/softfp\libc.a(lib_a-assert.o)
                                 0x43 (size before relaxing)
 *fill*         0x0000a21b        0x1 
 .rodata._setlocale_r.str1.4
                0x0000a21c        0xa c:/maximsdk/tools/gnutools/10.3/bin/../lib/gcc/arm-none-eabi/10.3.1/../../../../arm-none-eabi/lib/thumb/v7e-m+fp/softfp\libc.a(lib_a-locale.o)
                                  0xd (size before relaxing)
 .rodata.str1.4
                0x0000a226        0xa c:/maximsdk/tools/gnutools/10.3/bin/../lib/gcc/arm-none-eabi/10.3.1/../../../../arm-none-eabi/lib/thumb/v7e-m+fp/softfp\libc.a(lib_a-locale.o)
                                  0x2 (size before relaxing)
 *fill*         0x0000a226        0x2 
 .rodata._ctype_
                0x0000a228      0x101 c:/maximsdk/tools/gnutools/10.3/bin/../lib/gcc/arm-none-eabi/10.3.1/../../../../arm-none-eabi/lib/thumb/v7e-m+fp/softfp\libc.a(lib_a-ctype_.o)
                0x0000a228                _ctype_
 *(.flashprog*)
 *(.init)
 *fill*         0x0000a329        0x3 
 .init          0x0000a32c        0x4 c:/maximsdk/tools/gnutools/10.3/bin/../lib/gcc/arm-none-eabi/10.3.1/thumb/v7e-m+fp/softfp/crti.o
                0x0000a32c                _init
 .init          0x0000a330        0x8 c:/maximsdk/tools/gnutools/10.3/bin/../lib/gcc/arm-none-eabi/10.3.1/thumb/v7e-m+fp/softfp/crtn.o
 *(.fini)
 .fini          0x0000a338        0x4 c:/maximsdk/tools/gnutools/10.3/bin/../lib/gcc/arm-none-eabi/10.3.1/thumb/v7e-m+fp/softfp/crti.o
                0x0000a338                _fini
 .fini          0x0000a33c        0x8 c:/maximsdk/tools/gnutools/10.3/bin/../lib/gcc/arm-none-eabi/10.3.1/thumb/v7e-m+fp/softfp/crtn.o
 *crtbegin.o(.ctors)
 *crtbegin?.o(.ctors)
 *(EXCLUDE_FILE(*crtend.o *crtend?.o) .ctors)
 *(SORT_BY_NAME(.ctors.*))
 *(.ctors)
 *crtbegin.o(.dtors)
 *crtbegin?.o(.dtors)
 *(EXCLUDE_FILE(*crtend.o *crtend?.o) .dtors)
 *(SORT_BY_NAME(.dtors.*))
 *(.dtors)
 *(.eh_frame*)
 .eh_frame      0x0000a344        0x0 c:/maximsdk/tools/gnutools/10.3/bin/../lib/gcc/arm-none-eabi/10.3.1/thumb/v7e-m+fp/softfp/crtbegin.o
 .eh_frame      0x0000a344        0x4 c:/maximsdk/tools/gnutools/10.3/bin/../lib/gcc/arm-none-eabi/10.3.1/thumb/v7e-m+fp/softfp/crtend.o
                0x0000a348                _etext = .

.glue_7         0x0000a348        0x0
 .glue_7        0x0000a348        0x0 linker stubs

.glue_7t        0x0000a348        0x0
 .glue_7t       0x0000a348        0x0 linker stubs

.vfp11_veneer   0x0000a348        0x0
 .vfp11_veneer  0x0000a348        0x0 linker stubs

.v4_bx          0x0000a348        0x0
 .v4_bx         0x0000a348        0x0 linker stubs

.iplt           0x0000a348        0x0
 .iplt          0x0000a348        0x0 c:/maximsdk/tools/gnutools/10.3/bin/../lib/gcc/arm-none-eabi/10.3.1/thumb/v7e-m+fp/softfp/crtbegin.o

.ARM.extab
 *(.ARM.extab* .gnu.linkonce.armextab.*)

.ARM.exidx      0x0000a348        0x8
                0x0000a348                __exidx_start = .
 *(.ARM.exidx* .gnu.linkonce.armexidx.*)
 .ARM.exidx     0x0000a348        0x8 c:/maximsdk/tools/gnutools/10.3/bin/../lib/gcc/arm-none-eabi/10.3.1/thumb/v7e-m+fp/softfp\libgcc.a(_udivmoddi4.o)
                0x0000a350                __exidx_end = .

.rel.dyn        0x0000a350        0x0
 .rel.iplt      0x0000a350        0x0 c:/maximsdk/tools/gnutools/10.3/bin/../lib/gcc/arm-none-eabi/10.3.1/thumb/v7e-m+fp/softfp/crtbegin.o

.data           0x20000000      0x9f4 load address 0x0000a350
                0x20000000                _data = ALIGN (., 0x4)
 *(vtable)
 *(.data*)
 .data.ConsoleUart
                0x20000000        0x4 c:/Users/ashutoshtiwari/eclipse-workspace/I2C_master/build/board.o
                0x20000000                ConsoleUart
 .data.SystemCoreClock
                0x20000004        0x4 c:/Users/ashutoshtiwari/eclipse-workspace/I2C_master/build/system_max32660.o
                0x20000004                SystemCoreClock
 .data.overflows
                0x20000008        0x4 C:/MaximSDK/Libraries/PeriphDrivers/bin/MAX32660/spi-v1_softfp/libPeriphDriver_spi-v1_softfp.a(mxc_delay.o)
 .data.states   0x2000000c       0x30 C:/MaximSDK/Libraries/PeriphDrivers/bin/MAX32660/spi-v1_softfp/libPeriphDriver_spi-v1_softfp.a(uart_reva.o)
 .data._impure_ptr
                0x2000003c        0x4 c:/maximsdk/tools/gnutools/10.3/bin/../lib/gcc/arm-none-eabi/10.3.1/../../../../arm-none-eabi/lib/thumb/v7e-m+fp/softfp\libc.a(lib_a-impure.o)
                0x2000003c                _impure_ptr
 .data.impure_data
                0x20000040      0x428 c:/maximsdk/tools/gnutools/10.3/bin/../lib/gcc/arm-none-eabi/10.3.1/../../../../arm-none-eabi/lib/thumb/v7e-m+fp/softfp\libc.a(lib_a-impure.o)
 .data.__malloc_av_
                0x20000468      0x408 c:/maximsdk/tools/gnutools/10.3/bin/../lib/gcc/arm-none-eabi/10.3.1/../../../../arm-none-eabi/lib/thumb/v7e-m+fp/softfp\libc.a(lib_a-mallocr.o)
                0x20000468                __malloc_av_
 .data.__malloc_sbrk_base
                0x20000870        0x4 c:/maximsdk/tools/gnutools/10.3/bin/../lib/gcc/arm-none-eabi/10.3.1/../../../../arm-none-eabi/lib/thumb/v7e-m+fp/softfp\libc.a(lib_a-mallocr.o)
                0x20000870                __malloc_sbrk_base
 .data.__malloc_trim_threshold
                0x20000874        0x4 c:/maximsdk/tools/gnutools/10.3/bin/../lib/gcc/arm-none-eabi/10.3.1/../../../../arm-none-eabi/lib/thumb/v7e-m+fp/softfp\libc.a(lib_a-mallocr.o)
                0x20000874                __malloc_trim_threshold
 .data.__atexit_recursive_mutex
                0x20000878        0x4 c:/maximsdk/tools/gnutools/10.3/bin/../lib/gcc/arm-none-eabi/10.3.1/../../../../arm-none-eabi/lib/thumb/v7e-m+fp/softfp\libc.a(lib_a-__call_atexit.o)
                0x20000878                __atexit_recursive_mutex
 .data.__global_locale
                0x2000087c      0x16c c:/maximsdk/tools/gnutools/10.3/bin/../lib/gcc/arm-none-eabi/10.3.1/../../../../arm-none-eabi/lib/thumb/v7e-m+fp/softfp\libc.a(lib_a-locale.o)
                0x2000087c                __global_locale
 *(.spix_config*)
                0x200009e8                . = ALIGN (0x4)
                0x200009e8                PROVIDE (__preinit_array_start = .)
 *(.preinit_array)
                0x200009e8                PROVIDE (__preinit_array_end = .)
                0x200009e8                . = ALIGN (0x4)
                0x200009e8                PROVIDE (__init_array_start = .)
 *(SORT_BY_NAME(.init_array.*))
 .init_array.00000
                0x200009e8        0x4 c:/maximsdk/tools/gnutools/10.3/bin/../lib/gcc/arm-none-eabi/10.3.1/../../../../arm-none-eabi/lib/thumb/v7e-m+fp/softfp\libc.a(lib_a-__call_atexit.o)
 *(.init_array)
 .init_array    0x200009ec        0x4 c:/maximsdk/tools/gnutools/10.3/bin/../lib/gcc/arm-none-eabi/10.3.1/thumb/v7e-m+fp/softfp/crtbegin.o
                0x200009f0                PROVIDE (__init_array_end = .)
                0x200009f0                . = ALIGN (0x4)
                0x200009f0                PROVIDE (__fini_array_start = .)
 *(SORT_BY_NAME(.fini_array.*))
 *(.fini_array)
 .fini_array    0x200009f0        0x4 c:/maximsdk/tools/gnutools/10.3/bin/../lib/gcc/arm-none-eabi/10.3.1/thumb/v7e-m+fp/softfp/crtbegin.o
                0x200009f4                PROVIDE (__fini_array_end = .)
                0x200009f4                _edata = ALIGN (., 0x4)
                0x0000a350                __load_data = LOADADDR (.data)

.igot.plt       0x200009f4        0x0 load address 0x0000ad44
 .igot.plt      0x200009f4        0x0 c:/maximsdk/tools/gnutools/10.3/bin/../lib/gcc/arm-none-eabi/10.3.1/thumb/v7e-m+fp/softfp/crtbegin.o

.bss            0x200009f4      0x184 load address 0x0000ad44
                0x200009f4                . = ALIGN (0x4)
                0x200009f4                _bss = .
 *(.bss*)
 .bss           0x200009f4       0x1c c:/maximsdk/tools/gnutools/10.3/bin/../lib/gcc/arm-none-eabi/10.3.1/thumb/v7e-m+fp/softfp/crtbegin.o
 .bss.g_pb_polarity
                0x20000a10        0x4 c:/Users/ashutoshtiwari/eclipse-workspace/I2C_master/build/pb.o
 .bss.heap_end  0x20000a14        0x4 c:/Users/ashutoshtiwari/eclipse-workspace/I2C_master/build/heap.o
 .bss.cbFunc    0x20000a18        0x4 C:/MaximSDK/Libraries/PeriphDrivers/bin/MAX32660/spi-v1_softfp/libPeriphDriver_spi-v1_softfp.a(mxc_delay.o)
 .bss.ctrl_save
                0x20000a1c        0x4 C:/MaximSDK/Libraries/PeriphDrivers/bin/MAX32660/spi-v1_softfp/libPeriphDriver_spi-v1_softfp.a(mxc_delay.o)
 .bss.endtick   0x20000a20        0x4 C:/MaximSDK/Libraries/PeriphDrivers/bin/MAX32660/spi-v1_softfp/libPeriphDriver_spi-v1_softfp.a(mxc_delay.o)
 .bss.states    0x20000a24       0x40 C:/MaximSDK/Libraries/PeriphDrivers/bin/MAX32660/spi-v1_softfp/libPeriphDriver_spi-v1_softfp.a(i2c_reva.o)
 .bss.dma_initialized
                0x20000a64        0x4 C:/MaximSDK/Libraries/PeriphDrivers/bin/MAX32660/spi-v1_softfp/libPeriphDriver_spi-v1_softfp.a(dma_reva.o)
 .bss.dma_lock  0x20000a68        0x4 C:/MaximSDK/Libraries/PeriphDrivers/bin/MAX32660/spi-v1_softfp/libPeriphDriver_spi-v1_softfp.a(dma_reva.o)
 .bss.dma_resource
                0x20000a6c       0x50 C:/MaximSDK/Libraries/PeriphDrivers/bin/MAX32660/spi-v1_softfp/libPeriphDriver_spi-v1_softfp.a(dma_reva.o)
 .bss.callback  0x20000abc       0x38 C:/MaximSDK/Libraries/PeriphDrivers/bin/MAX32660/spi-v1_softfp/libPeriphDriver_spi-v1_softfp.a(gpio_common.o)
 .bss.cbparam   0x20000af4       0x38 C:/MaximSDK/Libraries/PeriphDrivers/bin/MAX32660/spi-v1_softfp/libPeriphDriver_spi-v1_softfp.a(gpio_common.o)
 .bss.cfg_lock  0x20000b2c        0x1 C:/MaximSDK/Libraries/PeriphDrivers/bin/MAX32660/spi-v1_softfp/libPeriphDriver_spi-v1_softfp.a(gpio_common.o)
 *fill*         0x20000b2d        0x3 
 .bss.__lock___atexit_recursive_mutex
                0x20000b30        0x1 c:/maximsdk/tools/gnutools/10.3/bin/../lib/gcc/arm-none-eabi/10.3.1/../../../../arm-none-eabi/lib/thumb/v7e-m+fp/softfp\libc.a(lib_a-lock.o)
                0x20000b30                __lock___atexit_recursive_mutex
 *fill*         0x20000b31        0x3 
 .bss.__lock___malloc_recursive_mutex
                0x20000b34        0x1 c:/maximsdk/tools/gnutools/10.3/bin/../lib/gcc/arm-none-eabi/10.3.1/../../../../arm-none-eabi/lib/thumb/v7e-m+fp/softfp\libc.a(lib_a-lock.o)
                0x20000b34                __lock___malloc_recursive_mutex
 *fill*         0x20000b35        0x3 
 .bss.__lock___sfp_recursive_mutex
                0x20000b38        0x1 c:/maximsdk/tools/gnutools/10.3/bin/../lib/gcc/arm-none-eabi/10.3.1/../../../../arm-none-eabi/lib/thumb/v7e-m+fp/softfp\libc.a(lib_a-lock.o)
                0x20000b38                __lock___sfp_recursive_mutex
 *fill*         0x20000b39        0x3 
 .bss.__lock___sinit_recursive_mutex
                0x20000b3c        0x1 c:/maximsdk/tools/gnutools/10.3/bin/../lib/gcc/arm-none-eabi/10.3.1/../../../../arm-none-eabi/lib/thumb/v7e-m+fp/softfp\libc.a(lib_a-lock.o)
                0x20000b3c                __lock___sinit_recursive_mutex
 *fill*         0x20000b3d        0x3 
 .bss.__malloc_current_mallinfo
                0x20000b40       0x28 c:/maximsdk/tools/gnutools/10.3/bin/../lib/gcc/arm-none-eabi/10.3.1/../../../../arm-none-eabi/lib/thumb/v7e-m+fp/softfp\libc.a(lib_a-mallocr.o)
                0x20000b40                __malloc_current_mallinfo
 .bss.__malloc_max_sbrked_mem
                0x20000b68        0x4 c:/maximsdk/tools/gnutools/10.3/bin/../lib/gcc/arm-none-eabi/10.3.1/../../../../arm-none-eabi/lib/thumb/v7e-m+fp/softfp\libc.a(lib_a-mallocr.o)
                0x20000b68                __malloc_max_sbrked_mem
 .bss.__malloc_max_total_mem
                0x20000b6c        0x4 c:/maximsdk/tools/gnutools/10.3/bin/../lib/gcc/arm-none-eabi/10.3.1/../../../../arm-none-eabi/lib/thumb/v7e-m+fp/softfp\libc.a(lib_a-mallocr.o)
                0x20000b6c                __malloc_max_total_mem
 .bss.__malloc_top_pad
                0x20000b70        0x4 c:/maximsdk/tools/gnutools/10.3/bin/../lib/gcc/arm-none-eabi/10.3.1/../../../../arm-none-eabi/lib/thumb/v7e-m+fp/softfp\libc.a(lib_a-mallocr.o)
                0x20000b70                __malloc_top_pad
 .bss.errno     0x20000b74        0x4 c:/maximsdk/tools/gnutools/10.3/bin/../lib/gcc/arm-none-eabi/10.3.1/../../../../arm-none-eabi/lib/thumb/v7e-m+fp/softfp\libc.a(lib_a-reent.o)
                0x20000b74                errno
 *(COMMON)
                0x20000b78                _ebss = ALIGN (., 0x4)
                0x20018000                __StackTop = (ORIGIN (SRAM) + LENGTH (SRAM))
                0x20017000                __StackLimit = (__StackTop - SIZEOF (.stack_dummy))

.stack_dummy    0x20000b78     0x1000 load address 0x0000ad44
 *(.stack*)
 .stack         0x20000b78     0x1000 c:/Users/ashutoshtiwari/eclipse-workspace/I2C_master/build/startup_max32660.o

.heap           0x20000b78      0xc00 load address 0x0000ad44
                0x20000b78                . = ALIGN (0x4)
 *(.heap*)
 .heap          0x20000b78      0xc00 c:/Users/ashutoshtiwari/eclipse-workspace/I2C_master/build/startup_max32660.o
                0x20000b78                __HeapBase
                0x20017000                __HeapLimit = ABSOLUTE (__StackLimit)
                0x20018000                PROVIDE (__stack = __StackTop)
                0x00000001                ASSERT ((__StackLimit >= _ebss), region RAM overflowed with stack)
OUTPUT(c:/Users/ashutoshtiwari/eclipse-workspace/I2C_master/build/I2C_master.elf elf32-littlearm)
LOAD linker stubs

.ARM.attributes
                0x00000000       0x2e
 .ARM.attributes
                0x00000000       0x1e c:/maximsdk/tools/gnutools/10.3/bin/../lib/gcc/arm-none-eabi/10.3.1/thumb/v7e-m+fp/softfp/crti.o
 .ARM.attributes
                0x0000001e       0x32 c:/maximsdk/tools/gnutools/10.3/bin/../lib/gcc/arm-none-eabi/10.3.1/thumb/v7e-m+fp/softfp/crtbegin.o
 .ARM.attributes
                0x00000050       0x32 c:/Users/ashutoshtiwari/eclipse-workspace/I2C_master/build/i2c_driver.o
 .ARM.attributes
                0x00000082       0x32 c:/Users/ashutoshtiwari/eclipse-workspace/I2C_master/build/main.o
 .ARM.attributes
                0x000000b4       0x32 c:/Users/ashutoshtiwari/eclipse-workspace/I2C_master/build/board.o
 .ARM.attributes
                0x000000e6       0x32 c:/Users/ashutoshtiwari/eclipse-workspace/I2C_master/build/stdio.o
 .ARM.attributes
                0x00000118       0x32 c:/Users/ashutoshtiwari/eclipse-workspace/I2C_master/build/led.o
 .ARM.attributes
                0x0000014a       0x32 c:/Users/ashutoshtiwari/eclipse-workspace/I2C_master/build/pb.o
 .ARM.attributes
                0x0000017c       0x1b c:/Users/ashutoshtiwari/eclipse-workspace/I2C_master/build/startup_max32660.o
 .ARM.attributes
                0x00000197       0x32 c:/Users/ashutoshtiwari/eclipse-workspace/I2C_master/build/heap.o
 .ARM.attributes
                0x000001c9       0x32 c:/Users/ashutoshtiwari/eclipse-workspace/I2C_master/build/system_max32660.o
 .ARM.attributes
                0x000001fb       0x32 C:/MaximSDK/Libraries/PeriphDrivers/bin/MAX32660/spi-v1_softfp/libPeriphDriver_spi-v1_softfp.a(mxc_delay.o)
 .ARM.attributes
                0x0000022d       0x32 C:/MaximSDK/Libraries/PeriphDrivers/bin/MAX32660/spi-v1_softfp/libPeriphDriver_spi-v1_softfp.a(sys_me11.o)
 .ARM.attributes
                0x0000025f       0x32 C:/MaximSDK/Libraries/PeriphDrivers/bin/MAX32660/spi-v1_softfp/libPeriphDriver_spi-v1_softfp.a(gpio_me11.o)
 .ARM.attributes
                0x00000291       0x32 C:/MaximSDK/Libraries/PeriphDrivers/bin/MAX32660/spi-v1_softfp/libPeriphDriver_spi-v1_softfp.a(gpio_reva.o)
 .ARM.attributes
                0x000002c3       0x32 C:/MaximSDK/Libraries/PeriphDrivers/bin/MAX32660/spi-v1_softfp/libPeriphDriver_spi-v1_softfp.a(i2c_me11.o)
 .ARM.attributes
                0x000002f5       0x32 C:/MaximSDK/Libraries/PeriphDrivers/bin/MAX32660/spi-v1_softfp/libPeriphDriver_spi-v1_softfp.a(i2c_reva.o)
 .ARM.attributes
                0x00000327       0x32 C:/MaximSDK/Libraries/PeriphDrivers/bin/MAX32660/spi-v1_softfp/libPeriphDriver_spi-v1_softfp.a(uart_me11.o)
 .ARM.attributes
                0x00000359       0x32 C:/MaximSDK/Libraries/PeriphDrivers/bin/MAX32660/spi-v1_softfp/libPeriphDriver_spi-v1_softfp.a(uart_reva.o)
 .ARM.attributes
                0x0000038b       0x32 C:/MaximSDK/Libraries/PeriphDrivers/bin/MAX32660/spi-v1_softfp/libPeriphDriver_spi-v1_softfp.a(pins_me11.o)
 .ARM.attributes
                0x000003bd       0x32 C:/MaximSDK/Libraries/PeriphDrivers/bin/MAX32660/spi-v1_softfp/libPeriphDriver_spi-v1_softfp.a(dma_me11.o)
 .ARM.attributes
                0x000003ef       0x32 C:/MaximSDK/Libraries/PeriphDrivers/bin/MAX32660/spi-v1_softfp/libPeriphDriver_spi-v1_softfp.a(dma_reva.o)
 .ARM.attributes
                0x00000421       0x32 C:/MaximSDK/Libraries/PeriphDrivers/bin/MAX32660/spi-v1_softfp/libPeriphDriver_spi-v1_softfp.a(gpio_common.o)
 .ARM.attributes
                0x00000453       0x32 C:/MaximSDK/Libraries/PeriphDrivers/bin/MAX32660/spi-v1_softfp/libPeriphDriver_spi-v1_softfp.a(uart_common.o)
 .ARM.attributes
                0x00000485       0x32 C:/MaximSDK/Libraries/PeriphDrivers/bin/MAX32660/spi-v1_softfp/libPeriphDriver_spi-v1_softfp.a(mxc_lock.o)
 .ARM.attributes
                0x000004b7       0x32 c:/maximsdk/tools/gnutools/10.3/bin/../lib/gcc/arm-none-eabi/10.3.1/../../../../arm-none-eabi/lib/thumb/v7e-m+fp/softfp\libc.a(lib_a-errno.o)
 .ARM.attributes
                0x000004e9       0x32 c:/maximsdk/tools/gnutools/10.3/bin/../lib/gcc/arm-none-eabi/10.3.1/../../../../arm-none-eabi/lib/thumb/v7e-m+fp/softfp\libc.a(lib_a-fclose.o)
 .ARM.attributes
                0x0000051b       0x32 c:/maximsdk/tools/gnutools/10.3/bin/../lib/gcc/arm-none-eabi/10.3.1/../../../../arm-none-eabi/lib/thumb/v7e-m+fp/softfp\libc.a(lib_a-fflush.o)
 .ARM.attributes
                0x0000054d       0x32 c:/maximsdk/tools/gnutools/10.3/bin/../lib/gcc/arm-none-eabi/10.3.1/../../../../arm-none-eabi/lib/thumb/v7e-m+fp/softfp\libc.a(lib_a-findfp.o)
 .ARM.attributes
                0x0000057f       0x32 c:/maximsdk/tools/gnutools/10.3/bin/../lib/gcc/arm-none-eabi/10.3.1/../../../../arm-none-eabi/lib/thumb/v7e-m+fp/softfp\libc.a(lib_a-fopen.o)
 .ARM.attributes
                0x000005b1       0x32 c:/maximsdk/tools/gnutools/10.3/bin/../lib/gcc/arm-none-eabi/10.3.1/../../../../arm-none-eabi/lib/thumb/v7e-m+fp/softfp\libc.a(lib_a-fread.o)
 .ARM.attributes
                0x000005e3       0x32 c:/maximsdk/tools/gnutools/10.3/bin/../lib/gcc/arm-none-eabi/10.3.1/../../../../arm-none-eabi/lib/thumb/v7e-m+fp/softfp\libc.a(lib_a-freer.o)
 .ARM.attributes
                0x00000615       0x32 c:/maximsdk/tools/gnutools/10.3/bin/../lib/gcc/arm-none-eabi/10.3.1/../../../../arm-none-eabi/lib/thumb/v7e-m+fp/softfp\libc.a(lib_a-fseek.o)
 .ARM.attributes
                0x00000647       0x32 c:/maximsdk/tools/gnutools/10.3/bin/../lib/gcc/arm-none-eabi/10.3.1/../../../../arm-none-eabi/lib/thumb/v7e-m+fp/softfp\libc.a(lib_a-fseeko.o)
 .ARM.attributes
                0x00000679       0x32 c:/maximsdk/tools/gnutools/10.3/bin/../lib/gcc/arm-none-eabi/10.3.1/../../../../arm-none-eabi/lib/thumb/v7e-m+fp/softfp\libc.a(lib_a-fstatr.o)
 .ARM.attributes
                0x000006ab       0x32 c:/maximsdk/tools/gnutools/10.3/bin/../lib/gcc/arm-none-eabi/10.3.1/../../../../arm-none-eabi/lib/thumb/v7e-m+fp/softfp\libc.a(lib_a-fwalk.o)
 .ARM.attributes
                0x000006dd       0x32 c:/maximsdk/tools/gnutools/10.3/bin/../lib/gcc/arm-none-eabi/10.3.1/../../../../arm-none-eabi/lib/thumb/v7e-m+fp/softfp\libc.a(lib_a-impure.o)
 .ARM.attributes
                0x0000070f       0x32 c:/maximsdk/tools/gnutools/10.3/bin/../lib/gcc/arm-none-eabi/10.3.1/../../../../arm-none-eabi/lib/thumb/v7e-m+fp/softfp\libc.a(lib_a-init.o)
 .ARM.attributes
                0x00000741       0x32 c:/maximsdk/tools/gnutools/10.3/bin/../lib/gcc/arm-none-eabi/10.3.1/../../../../arm-none-eabi/lib/thumb/v7e-m+fp/softfp\libc.a(lib_a-lock.o)
 .ARM.attributes
                0x00000773       0x32 c:/maximsdk/tools/gnutools/10.3/bin/../lib/gcc/arm-none-eabi/10.3.1/../../../../arm-none-eabi/lib/thumb/v7e-m+fp/softfp\libc.a(lib_a-makebuf.o)
 .ARM.attributes
                0x000007a5       0x32 c:/maximsdk/tools/gnutools/10.3/bin/../lib/gcc/arm-none-eabi/10.3.1/../../../../arm-none-eabi/lib/thumb/v7e-m+fp/softfp\libc.a(lib_a-malloc.o)
 .ARM.attributes
                0x000007d7       0x32 c:/maximsdk/tools/gnutools/10.3/bin/../lib/gcc/arm-none-eabi/10.3.1/../../../../arm-none-eabi/lib/thumb/v7e-m+fp/softfp\libc.a(lib_a-mallocr.o)
 .ARM.attributes
                0x00000809       0x1c c:/maximsdk/tools/gnutools/10.3/bin/../lib/gcc/arm-none-eabi/10.3.1/../../../../arm-none-eabi/lib/thumb/v7e-m+fp/softfp\libc.a(lib_a-memcpy.o)
 .ARM.attributes
                0x00000825       0x32 c:/maximsdk/tools/gnutools/10.3/bin/../lib/gcc/arm-none-eabi/10.3.1/../../../../arm-none-eabi/lib/thumb/v7e-m+fp/softfp\libc.a(lib_a-memset.o)
 .ARM.attributes
                0x00000857       0x32 c:/maximsdk/tools/gnutools/10.3/bin/../lib/gcc/arm-none-eabi/10.3.1/../../../../arm-none-eabi/lib/thumb/v7e-m+fp/softfp\libc.a(lib_a-mlock.o)
 .ARM.attributes
                0x00000889       0x32 c:/maximsdk/tools/gnutools/10.3/bin/../lib/gcc/arm-none-eabi/10.3.1/../../../../arm-none-eabi/lib/thumb/v7e-m+fp/softfp\libc.a(lib_a-openr.o)
 .ARM.attributes
                0x000008bb       0x32 c:/maximsdk/tools/gnutools/10.3/bin/../lib/gcc/arm-none-eabi/10.3.1/../../../../arm-none-eabi/lib/thumb/v7e-m+fp/softfp\libc.a(lib_a-printf.o)
 .ARM.attributes
                0x000008ed       0x32 c:/maximsdk/tools/gnutools/10.3/bin/../lib/gcc/arm-none-eabi/10.3.1/../../../../arm-none-eabi/lib/thumb/v7e-m+fp/softfp\libc.a(lib_a-puts.o)
 .ARM.attributes
                0x0000091f       0x32 c:/maximsdk/tools/gnutools/10.3/bin/../lib/gcc/arm-none-eabi/10.3.1/../../../../arm-none-eabi/lib/thumb/v7e-m+fp/softfp\libc.a(lib_a-reent.o)
 .ARM.attributes
                0x00000951       0x32 c:/maximsdk/tools/gnutools/10.3/bin/../lib/gcc/arm-none-eabi/10.3.1/../../../../arm-none-eabi/lib/thumb/v7e-m+fp/softfp\libc.a(lib_a-refill.o)
 .ARM.attributes
                0x00000983       0x32 c:/maximsdk/tools/gnutools/10.3/bin/../lib/gcc/arm-none-eabi/10.3.1/../../../../arm-none-eabi/lib/thumb/v7e-m+fp/softfp\libc.a(lib_a-sbrkr.o)
 .ARM.attributes
                0x000009b5       0x32 c:/maximsdk/tools/gnutools/10.3/bin/../lib/gcc/arm-none-eabi/10.3.1/../../../../arm-none-eabi/lib/thumb/v7e-m+fp/softfp\libc.a(lib_a-stdio.o)
 .ARM.attributes
                0x000009e7       0x1c c:/maximsdk/tools/gnutools/10.3/bin/../lib/gcc/arm-none-eabi/10.3.1/../../../../arm-none-eabi/lib/thumb/v7e-m+fp/softfp\libc.a(lib_a-strlen.o)
 .ARM.attributes
                0x00000a03       0x32 c:/maximsdk/tools/gnutools/10.3/bin/../lib/gcc/arm-none-eabi/10.3.1/../../../../arm-none-eabi/lib/thumb/v7e-m+fp/softfp\libc.a(lib_a-vfprintf.o)
 .ARM.attributes