Archive member included to satisfy reference by file (symbol)

C:/MaximSDK/Libraries/PeriphDrivers/bin/MAX32660/spi-v1_softfp/libPeriphDriver_spi-v1_softfp.a(mxc_delay.o)
                              c:/Users/ashutoshtiwari/eclipse-workspace/test/build/startup_max32660.o (SysTick_Handler)
C:/MaximSDK/Libraries/PeriphDrivers/bin/MAX32660/spi-v1_softfp/libPeriphDriver_spi-v1_softfp.a(sys_me11.o)
                              c:/Users/ashutoshtiwari/eclipse-workspace/test/build/system_max32660.o (MXC_SYS_ClockDisable)
C:/MaximSDK/Libraries/PeriphDrivers/bin/MAX32660/spi-v1_softfp/libPeriphDriver_spi-v1_softfp.a(flc_me11.o)
                              C:/MaximSDK/Libraries/PeriphDrivers/bin/MAX32660/spi-v1_softfp/libPeriphDriver_spi-v1_softfp.a(sys_me11.o) (MXC_FLC_UnlockInfoBlock)
C:/MaximSDK/Libraries/PeriphDrivers/bin/MAX32660/spi-v1_softfp/libPeriphDriver_spi-v1_softfp.a(flc_reva.o)
                              C:/MaximSDK/Libraries/PeriphDrivers/bin/MAX32660/spi-v1_softfp/libPeriphDriver_spi-v1_softfp.a(flc_me11.o) (MXC_FLC_RevA_Busy)
C:/MaximSDK/Libraries/PeriphDrivers/bin/MAX32660/spi-v1_softfp/libPeriphDriver_spi-v1_softfp.a(gpio_me11.o)
                              c:/Users/ashutoshtiwari/eclipse-workspace/test/build/pb.o (MXC_GPIO_InGet)
C:/MaximSDK/Libraries/PeriphDrivers/bin/MAX32660/spi-v1_softfp/libPeriphDriver_spi-v1_softfp.a(gpio_reva.o)
                              C:/MaximSDK/Libraries/PeriphDrivers/bin/MAX32660/spi-v1_softfp/libPeriphDriver_spi-v1_softfp.a(gpio_me11.o) (MXC_GPIO_RevA_InGet)
C:/MaximSDK/Libraries/PeriphDrivers/bin/MAX32660/spi-v1_softfp/libPeriphDriver_spi-v1_softfp.a(uart_me11.o)
                              c:/Users/ashutoshtiwari/eclipse-workspace/test/build/board.o (MXC_UART_Shutdown)
C:/MaximSDK/Libraries/PeriphDrivers/bin/MAX32660/spi-v1_softfp/libPeriphDriver_spi-v1_softfp.a(uart_reva.o)
                              C:/MaximSDK/Libraries/PeriphDrivers/bin/MAX32660/spi-v1_softfp/libPeriphDriver_spi-v1_softfp.a(uart_me11.o) (MXC_UART_RevA_Init)
C:/MaximSDK/Libraries/PeriphDrivers/bin/MAX32660/spi-v1_softfp/libPeriphDriver_spi-v1_softfp.a(nvic_table.o)
                              C:/MaximSDK/Libraries/PeriphDrivers/bin/MAX32660/spi-v1_softfp/libPeriphDriver_spi-v1_softfp.a(uart_reva.o) (MXC_NVIC_SetVector)
C:/MaximSDK/Libraries/PeriphDrivers/bin/MAX32660/spi-v1_softfp/libPeriphDriver_spi-v1_softfp.a(pins_me11.o)
                              C:/MaximSDK/Libraries/PeriphDrivers/bin/MAX32660/spi-v1_softfp/libPeriphDriver_spi-v1_softfp.a(uart_me11.o) (gpio_cfg_uart1_flow)
C:/MaximSDK/Libraries/PeriphDrivers/bin/MAX32660/spi-v1_softfp/libPeriphDriver_spi-v1_softfp.a(dma_me11.o)
                              C:/MaximSDK/Libraries/PeriphDrivers/bin/MAX32660/spi-v1_softfp/libPeriphDriver_spi-v1_softfp.a(uart_reva.o) (MXC_DMA_Init)
C:/MaximSDK/Libraries/PeriphDrivers/bin/MAX32660/spi-v1_softfp/libPeriphDriver_spi-v1_softfp.a(dma_reva.o)
                              C:/MaximSDK/Libraries/PeriphDrivers/bin/MAX32660/spi-v1_softfp/libPeriphDriver_spi-v1_softfp.a(dma_me11.o) (MXC_DMA_RevA_Init)
C:/MaximSDK/Libraries/PeriphDrivers/bin/MAX32660/spi-v1_softfp/libPeriphDriver_spi-v1_softfp.a(flc_common.o)
                              C:/MaximSDK/Libraries/PeriphDrivers/bin/MAX32660/spi-v1_softfp/libPeriphDriver_spi-v1_softfp.a(flc_me11.o) (MXC_FLC_Com_VerifyData)
C:/MaximSDK/Libraries/PeriphDrivers/bin/MAX32660/spi-v1_softfp/libPeriphDriver_spi-v1_softfp.a(gpio_common.o)
                              C:/MaximSDK/Libraries/PeriphDrivers/bin/MAX32660/spi-v1_softfp/libPeriphDriver_spi-v1_softfp.a(gpio_me11.o) (MXC_GPIO_Common_Init)
C:/MaximSDK/Libraries/PeriphDrivers/bin/MAX32660/spi-v1_softfp/libPeriphDriver_spi-v1_softfp.a(uart_common.o)
                              C:/MaximSDK/Libraries/PeriphDrivers/bin/MAX32660/spi-v1_softfp/libPeriphDriver_spi-v1_softfp.a(uart_me11.o) (MXC_UART_Common_ReadCharacter)
C:/MaximSDK/Libraries/PeriphDrivers/bin/MAX32660/spi-v1_softfp/libPeriphDriver_spi-v1_softfp.a(mxc_lock.o)
                              C:/MaximSDK/Libraries/PeriphDrivers/bin/MAX32660/spi-v1_softfp/libPeriphDriver_spi-v1_softfp.a(dma_reva.o) (MXC_GetLock)
c:/maximsdk/tools/gnutools/10.3/bin/../lib/gcc/arm-none-eabi/10.3.1/../../../../arm-none-eabi/lib/thumb/v7e-m+fp/softfp\libc.a(lib_a-errno.o)
                              c:/Users/ashutoshtiwari/eclipse-workspace/test/build/stdio.o (__errno)
c:/maximsdk/tools/gnutools/10.3/bin/../lib/gcc/arm-none-eabi/10.3.1/../../../../arm-none-eabi/lib/thumb/v7e-m+fp/softfp\libc.a(lib_a-exit.o)
                              c:/maximsdk/tools/gnutools/10.3/bin/../lib/gcc/arm-none-eabi/10.3.1/../../../../arm-none-eabi/lib/thumb/v7e-m+fp/softfp/crt0.o (exit)
c:/maximsdk/tools/gnutools/10.3/bin/../lib/gcc/arm-none-eabi/10.3.1/../../../../arm-none-eabi/lib/thumb/v7e-m+fp/softfp\libc.a(lib_a-impure.o)
[...]
Memory Configuration

Name             Origin             Length             Attributes
FLASH            0x00000000         0x00040000         xr
SRAM             0x20000000         0x00018000         xrw
*default*        0x00000000         0xffffffff

Linker script and memory map

LOAD c:/maximsdk/tools/gnutools/10.3/bin/../lib/gcc/arm-none-eabi/10.3.1/thumb/v7e-m+fp/softfp/crti.o
LOAD c:/maximsdk/tools/gnutools/10.3/bin/../lib/gcc/arm-none-eabi/10.3.1/thumb/v7e-m+fp/softfp/crtbegin.o
LOAD c:/maximsdk/tools/gnutools/10.3/bin/../lib/gcc/arm-none-eabi/10.3.1/../../../../arm-none-eabi/lib/thumb/v7e-m+fp/softfp/crt0.o
LOAD c:/Users/ashutoshtiwari/eclipse-workspace/test/build/main.o
LOAD c:/Users/ashutoshtiwari/eclipse-workspace/test/build/board.o
LOAD c:/Users/ashutoshtiwari/eclipse-workspace/test/build/stdio.o
LOAD c:/Users/ashutoshtiwari/eclipse-workspace/test/build/led.o
LOAD c:/Users/ashutoshtiwari/eclipse-workspace/test/build/pb.o
LOAD c:/Users/ashutoshtiwari/eclipse-workspace/test/build/startup_max32660.o
LOAD c:/Users/ashutoshtiwari/eclipse-workspace/test/build/heap.o
LOAD c:/Users/ashutoshtiwari/eclipse-workspace/test/build/system_max32660.o
START GROUP
LOAD C:/MaximSDK/Libraries/PeriphDrivers/bin/MAX32660/spi-v1_softfp/libPeriphDriver_spi-v1_softfp.a
LOAD c:/maximsdk/tools/gnutools/10.3/bin/../lib/gcc/arm-none-eabi/10.3.1/../../../../arm-none-eabi/lib/thumb/v7e-m+fp/softfp\libc.a
LOAD c:/maximsdk/tools/gnutools/10.3/bin/../lib/gcc/arm-none-eabi/10.3.1/../../../../arm-none-eabi/lib/thumb/v7e-m+fp/softfp\libm.a
LOAD c:/maximsdk/tools/gnutools/10.3/bin/../lib/gcc/arm-none-eabi/10.3.1/../../../../arm-none-eabi/lib/thumb/v7e-m+fp/softfp\libnosys.a
END GROUP
START GROUP
LOAD c:/maximsdk/tools/gnutools/10.3/bin/../lib/gcc/arm-none-eabi/10.3.1/thumb/v7e-m+fp/softfp\libgcc.a
LOAD c:/maximsdk/tools/gnutools/10.3/bin/../lib/gcc/arm-none-eabi/10.3.1/../../../../arm-none-eabi/lib/thumb/v7e-m+fp/softfp\libc.a
END GROUP
LOAD c:/maximsdk/tools/gnutools/10.3/bin/../lib/gcc/arm-none-eabi/10.3.1/thumb/v7e-m+fp/softfp/crtend.o
LOAD c:/maximsdk/tools/gnutools/10.3/bin/../lib/gcc/arm-none-eabi/10.3.1/thumb/v7e-m+fp/softfp/crtn.o

.text           0x00000000     0x87fc
                0x00000000                _text = .
 *(.isr_vector)
 .isr_vector    0x00000000      0x11c c:/Users/ashutoshtiwari/eclipse-workspace/test/build/startup_max32660.o
                0x00000000                __isr_vector
 *(.text*)
 .text          0x0000011c       0x40 c:/maximsdk/tools/gnutools/10.3/bin/../lib/gcc/arm-none-eabi/10.3.1/thumb/v7e-m+fp/softfp/crtbegin.o
 .text.main     0x0000015c       0x34 c:/Users/ashutoshtiwari/eclipse-workspace/test/build/main.o
                0x0000015c                main
 .text.mxc_assert
                0x00000190       0x10 c:/Users/ashutoshtiwari/eclipse-workspace/test/build/board.o
                0x00000190                mxc_assert
 .text.GPIO0_IRQHandler
                0x000001a0        0xa c:/Users/ashutoshtiwari/eclipse-workspace/test/build/board.o
                0x000001a0                GPIO0_IRQHandler
 *fill*         0x000001aa        0x2 
 .text.Console_Init
                0x000001ac       0x18 c:/Users/ashutoshtiwari/eclipse-workspace/test/build/board.o
                0x000001ac                Console_Init
 .text.Board_Init
                0x000001c4       0x34 c:/Users/ashutoshtiwari/eclipse-workspace/test/build/board.o
                0x000001c4                Board_Init
 .text.NMI_Handler
                0x000001f8        0x4 c:/Users/ashutoshtiwari/eclipse-workspace/test/build/board.o
                0x000001f8                NMI_Handler
 .text._close   0x000001fc        0x6 c:/Users/ashutoshtiwari/eclipse-workspace/test/build/stdio.o
                0x000001fc                _close
 .text._isatty  0x00000202        0x6 c:/Users/ashutoshtiwari/eclipse-workspace/test/build/stdio.o
                0x00000202                _isatty
 .text._lseek   0x00000208        0x6 c:/Users/ashutoshtiwari/eclipse-workspace/test/build/stdio.o
                0x00000208                _lseek
 .text._fstat   0x0000020e        0x6 c:/Users/ashutoshtiwari/eclipse-workspace/test/build/stdio.o
                0x0000020e                _fstat
 .text._read    0x00000214       0x50 c:/Users/ashutoshtiwari/eclipse-workspace/test/build/stdio.o
                0x00000214                _read
 .text._write   0x00000264       0x44 c:/Users/ashutoshtiwari/eclipse-workspace/test/build/stdio.o
                0x00000264                _write
 .text.LED_Off  0x000002a8       0x44 c:/Users/ashutoshtiwari/eclipse-workspace/test/build/led.o
                0x000002a8                LED_Off
 .text.LED_Init
                0x000002ec       0x3c c:/Users/ashutoshtiwari/eclipse-workspace/test/build/led.o
                0x000002ec                LED_Init
 .text.PB_Init  0x00000328       0x60 c:/Users/ashutoshtiwari/eclipse-workspace/test/build/pb.o
                0x00000328                PB_Init
 .text          0x00000388       0xe4 c:/Users/ashutoshtiwari/eclipse-workspace/test/build/startup_max32660.o
                0x00000388                Reset_Handler
                0x000003c6                HardFault_Handler
                0x000003c8                MemManage_Handler
                0x000003ca                BusFault_Handler
                0x000003cc                UsageFault_Handler
                0x000003ce                SVC_Handler
                0x000003d0                DebugMon_Handler
                0x000003d2                PendSV_Handler
                0x000003d4                Default_Handler
                0x000003d6                PF_IRQHandler
                0x000003d8                WDT0_IRQHandler
                0x000003da                RSV00_IRQHandler
                0x000003dc                RTC_IRQHandler
                0x000003de                RSV1_IRQHandler
                0x000003e0                TMR0_IRQHandler
                0x000003e2                TMR1_IRQHandler
                0x000003e4                TMR2_IRQHandler
                0x000003e6                RSV02_IRQHandler
                0x000003e8                RSV03_IRQHandler
                0x000003ea                RSV04_IRQHandler
                0x000003ec                RSV05_IRQHandler
                0x000003ee                RSV06_IRQHandler
                0x000003f0                I2C0_IRQHandler
                0x000003f2                UART0_IRQHandler
                0x000003f4                UART1_IRQHandler
                0x000003f6                SPI0_IRQHandler
                0x000003f8                SPI1_IRQHandler
                0x000003fa                RSV07_IRQHandler
                0x000003fc                RSV08_IRQHandler
                0x000003fe                RSV09_IRQHandler
                0x00000400                RSV10_IRQHandler
                0x00000402                RSV11_IRQHandler
                0x00000404                FLC_IRQHandler
                0x00000408                RSV12_IRQHandler
                0x0000040a                RSV13_IRQHandler
                0x0000040c                RSV14_IRQHandler
                0x0000040e                DMA0_IRQHandler
                0x00000410                DMA1_IRQHandler
                0x00000412                DMA2_IRQHandler
                0x00000414                DMA3_IRQHandler
                0x00000416                RSV15_IRQHandler
                0x00000418                RSV16_IRQHandler
                0x0000041a                RSV17_IRQHandler
                0x0000041c                RSV18_IRQHandler
                0x0000041e                I2C1_IRQHandler
                0x00000420                RSV19_IRQHandler
                0x00000422                RSV20_IRQHandler
                0x00000424                RSV21_IRQHandler
                0x00000426                RSV22_IRQHandler
                0x00000428                RSV23_IRQHandler
                0x0000042a                RSV24_IRQHandler
                0x0000042c                RSV25_IRQHandler
                0x0000042e                RSV26_IRQHandler
                0x00000430                RSV27_IRQHandler
                0x00000432                RSV28_IRQHandler
                0x00000434                RSV29_IRQHandler
                0x00000436                RSV30_IRQHandler
                0x00000438                RSV31_IRQHandler
                0x0000043a                RSV32_IRQHandler
                0x0000043c                RSV33_IRQHandler
                0x0000043e                RSV34_IRQHandler
                0x00000440                RSV35_IRQHandler
                0x00000442                GPIOWAKE_IRQHandler
 .text._sbrk    0x0000046c       0x40 c:/Users/ashutoshtiwari/eclipse-workspace/test/build/heap.o
                0x0000046c                _sbrk
 .text._getpid  0x000004ac        0x6 c:/Users/ashutoshtiwari/eclipse-workspace/test/build/system_max32660.o
                0x000004ac                _getpid
 .text._kill    0x000004b2        0x6 c:/Users/ashutoshtiwari/eclipse-workspace/test/build/system_max32660.o
                0x000004b2                _kill
 .text.SystemCoreClockUpdate
                0x000004b8       0x64 c:/Users/ashutoshtiwari/eclipse-workspace/test/build/system_max32660.o
                0x000004b8                SystemCoreClockUpdate
 .text.PreInit  0x0000051c        0x4 c:/Users/ashutoshtiwari/eclipse-workspace/test/build/system_max32660.o
                0x0000051c                PreInit
 .text.PinInit  0x00000520        0x2 c:/Users/ashutoshtiwari/eclipse-workspace/test/build/system_max32660.o
                0x00000520                PinInit
 *fill*         0x00000522        0x2 
 .text.SystemInit
                0x00000524       0x80 c:/Users/ashutoshtiwari/eclipse-workspace/test/build/system_max32660.o
                0x00000524                SystemInit
 .text.MXC_DelayInit
                0x000005a4       0x84 C:/MaximSDK/Libraries/PeriphDrivers/bin/MAX32660/spi-v1_softfp/libPeriphDriver_spi-v1_softfp.a(mxc_delay.o)
 .text.MXC_DelayAsync
                0x00000628       0x44 C:/MaximSDK/Libraries/PeriphDrivers/bin/MAX32660/spi-v1_softfp/libPeriphDriver_spi-v1_softfp.a(mxc_delay.o)
                0x00000628                MXC_DelayAsync
 .text.MXC_DelayAbort
                0x0000066c       0x34 C:/MaximSDK/Libraries/PeriphDrivers/bin/MAX32660/spi-v1_softfp/libPeriphDriver_spi-v1_softfp.a(mxc_delay.o)
                0x0000066c                MXC_DelayAbort
 .text.MXC_DelayHandler
                0x000006a0       0x40 C:/MaximSDK/Libraries/PeriphDrivers/bin/MAX32660/spi-v1_softfp/libPeriphDriver_spi-v1_softfp.a(mxc_delay.o)
                0x000006a0                MXC_DelayHandler
 .text.SysTick_Handler
                0x000006e0        0x8 C:/MaximSDK/Libraries/PeriphDrivers/bin/MAX32660/spi-v1_softfp/libPeriphDriver_spi-v1_softfp.a(mxc_delay.o)
                0x000006e0                SysTick_Handler
 .text.MXC_DelayCheck
                0x000006e8       0x64 C:/MaximSDK/Libraries/PeriphDrivers/bin/MAX32660/spi-v1_softfp/libPeriphDriver_spi-v1_softfp.a(mxc_delay.o)
                0x000006e8                MXC_DelayCheck
 .text.MXC_Delay
                0x0000074c       0x58 C:/MaximSDK/Libraries/PeriphDrivers/bin/MAX32660/spi-v1_softfp/libPeriphDriver_spi-v1_softfp.a(mxc_delay.o)
                0x0000074c                MXC_Delay
 .text.MXC_SYS_ClockDisable
                0x000007a4       0x2c C:/MaximSDK/Libraries/PeriphDrivers/bin/MAX32660/spi-v1_softfp/libPeriphDriver_spi-v1_softfp.a(sys_me11.o)
                0x000007a4                MXC_SYS_ClockDisable
 .text.MXC_SYS_ClockEnable
                0x000007d0       0x30 C:/MaximSDK/Libraries/PeriphDrivers/bin/MAX32660/spi-v1_softfp/libPeriphDriver_spi-v1_softfp.a(sys_me11.o)
                0x000007d0                MXC_SYS_ClockEnable
 .text.MXC_SYS_Clock_Timeout
                0x00000800       0x30 C:/MaximSDK/Libraries/PeriphDrivers/bin/MAX32660/spi-v1_softfp/libPeriphDriver_spi-v1_softfp.a(sys_me11.o)
                0x00000800                MXC_SYS_Clock_Timeout
 .text.MXC_SYS_Clock_Select
                0x00000830       0xd6 C:/MaximSDK/Libraries/PeriphDrivers/bin/MAX32660/spi-v1_softfp/libPeriphDriver_spi-v1_softfp.a(sys_me11.o)
                0x00000830                MXC_SYS_Clock_Select
 .text.MXC_SYS_Reset_Periph
                0x00000906       0x38 C:/MaximSDK/Libraries/PeriphDrivers/bin/MAX32660/spi-v1_softfp/libPeriphDriver_spi-v1_softfp.a(sys_me11.o)
                0x00000906                MXC_SYS_Reset_Periph
 .text.MXC_GPIO_OutClr
                0x0000093e        0x8 C:/MaximSDK/Libraries/PeriphDrivers/bin/MAX32660/spi-v1_softfp/libPeriphDriver_spi-v1_softfp.a(gpio_me11.o)
                0x0000093e                MXC_GPIO_OutClr
 .text.MXC_GPIO_Handler
                0x00000946        0x8 C:/MaximSDK/Libraries/PeriphDrivers/bin/MAX32660/spi-v1_softfp/libPeriphDriver_spi-v1_softfp.a(gpio_me11.o)
                0x00000946                MXC_GPIO_Handler
 .text.MXC_GPIO_ClearFlags
                0x0000094e        0x8 C:/MaximSDK/Libraries/PeriphDrivers/bin/MAX32660/spi-v1_softfp/libPeriphDriver_spi-v1_softfp.a(gpio_me11.o)
                0x0000094e                MXC_GPIO_ClearFlags
 .text.MXC_GPIO_GetFlags
                0x00000956        0x8 C:/MaximSDK/Libraries/PeriphDrivers/bin/MAX32660/spi-v1_softfp/libPeriphDriver_spi-v1_softfp.a(gpio_me11.o)
                0x00000956                MXC_GPIO_GetFlags
 .text.MXC_GPIO_SetVSSEL
                0x0000095e        0x8 C:/MaximSDK/Libraries/PeriphDrivers/bin/MAX32660/spi-v1_softfp/libPeriphDriver_spi-v1_softfp.a(gpio_me11.o)
                0x0000095e                MXC_GPIO_SetVSSEL
 .text.MXC_GPIO_SetDriveStrength
                0x00000966        0x8 C:/MaximSDK/Libraries/PeriphDrivers/bin/MAX32660/spi-v1_softfp/libPeriphDriver_spi-v1_softfp.a(gpio_me11.o)
                0x00000966                MXC_GPIO_SetDriveStrength
 .text.MXC_GPIO_GetConfigLock
                0x0000096e        0x8 C:/MaximSDK/Libraries/PeriphDrivers/bin/MAX32660/spi-v1_softfp/libPeriphDriver_spi-v1_softfp.a(gpio_me11.o)
                0x0000096e                MXC_GPIO_GetConfigLock
 .text.MXC_GPIO_Config
                0x00000976       0xca C:/MaximSDK/Libraries/PeriphDrivers/bin/MAX32660/spi-v1_softfp/libPeriphDriver_spi-v1_softfp.a(gpio_me11.o)
                0x00000976                MXC_GPIO_Config
 .text.MXC_GPIO_RevA_OutClr
                0x00000a40        0x4 C:/MaximSDK/Libraries/PeriphDrivers/bin/MAX32660/spi-v1_softfp/libPeriphDriver_spi-v1_softfp.a(gpio_reva.o)
                0x00000a40                MXC_GPIO_RevA_OutClr
 .text.MXC_GPIO_RevA_ClearFlags
                0x00000a44        0x4 C:/MaximSDK/Libraries/PeriphDrivers/bin/MAX32660/spi-v1_softfp/libPeriphDriver_spi-v1_softfp.a(gpio_reva.o)
                0x00000a44                MXC_GPIO_RevA_ClearFlags
 .text.MXC_GPIO_RevA_GetFlags
                0x00000a48        0x4 C:/MaximSDK/Libraries/PeriphDrivers/bin/MAX32660/spi-v1_softfp/libPeriphDriver_spi-v1_softfp.a(gpio_reva.o)
                0x00000a48                MXC_GPIO_RevA_GetFlags
 .text.MXC_GPIO_RevA_SetVSSEL
                0x00000a4c       0x3e C:/MaximSDK/Libraries/PeriphDrivers/bin/MAX32660/spi-v1_softfp/libPeriphDriver_spi-v1_softfp.a(gpio_reva.o)
                0x00000a4c                MXC_GPIO_RevA_SetVSSEL
 .text.MXC_GPIO_RevA_SetDriveStrength
                0x00000a8a       0x98 C:/MaximSDK/Libraries/PeriphDrivers/bin/MAX32660/spi-v1_softfp/libPeriphDriver_spi-v1_softfp.a(gpio_reva.o)
                0x00000a8a                MXC_GPIO_RevA_SetDriveStrength
 *fill*         0x00000b22        0x2 
 .text.MXC_UART_Shutdown
                0x00000b24       0x3c C:/MaximSDK/Libraries/PeriphDrivers/bin/MAX32660/spi-v1_softfp/libPeriphDriver_spi-v1_softfp.a(uart_me11.o)
                0x00000b24                MXC_UART_Shutdown
 .text.MXC_UART_Init
                0x00000b60       0x78 C:/MaximSDK/Libraries/PeriphDrivers/bin/MAX32660/spi-v1_softfp/libPeriphDriver_spi-v1_softfp.a(uart_me11.o)
                0x00000b60                MXC_UART_Init
 .text.MXC_UART_SetFrequency
                0x00000bd8        0x8 C:/MaximSDK/Libraries/PeriphDrivers/bin/MAX32660/spi-v1_softfp/libPeriphDriver_spi-v1_softfp.a(uart_me11.o)
                0x00000bd8                MXC_UART_SetFrequency
 .text.MXC_UART_GetFrequency
                0x00000be0        0x8 C:/MaximSDK/Libraries/PeriphDrivers/bin/MAX32660/spi-v1_softfp/libPeriphDriver_spi-v1_softfp.a(uart_me11.o)
                0x00000be0                MXC_UART_GetFrequency
 .text.MXC_UART_SetDataSize
                0x00000be8        0x8 C:/MaximSDK/Libraries/PeriphDrivers/bin/MAX32660/spi-v1_softfp/libPeriphDriver_spi-v1_softfp.a(uart_me11.o)
                0x00000be8                MXC_UART_SetDataSize
 .text.MXC_UART_SetStopBits
                0x00000bf0        0x8 C:/MaximSDK/Libraries/PeriphDrivers/bin/MAX32660/spi-v1_softfp/libPeriphDriver_spi-v1_softfp.a(uart_me11.o)
                0x00000bf0                MXC_UART_SetStopBits
 .text.MXC_UART_SetParity
                0x00000bf8        0x8 C:/MaximSDK/Libraries/PeriphDrivers/bin/MAX32660/spi-v1_softfp/libPeriphDriver_spi-v1_softfp.a(uart_me11.o)
                0x00000bf8                MXC_UART_SetParity
 .text.MXC_UART_ReadCharacterRaw
                0x00000c00        0x8 C:/MaximSDK/Libraries/PeriphDrivers/bin/MAX32660/spi-v1_softfp/libPeriphDriver_spi-v1_softfp.a(uart_me11.o)
                0x00000c00                MXC_UART_ReadCharacterRaw
 .text.MXC_UART_WriteCharacterRaw
                0x00000c08        0x8 C:/MaximSDK/Libraries/PeriphDrivers/bin/MAX32660/spi-v1_softfp/libPeriphDriver_spi-v1_softfp.a(uart_me11.o)
                0x00000c08                MXC_UART_WriteCharacterRaw
 .text.MXC_UART_ReadCharacter
                0x00000c10        0x8 C:/MaximSDK/Libraries/PeriphDrivers/bin/MAX32660/spi-v1_softfp/libPeriphDriver_spi-v1_softfp.a(uart_me11.o)
                0x00000c10                MXC_UART_ReadCharacter
 .text.MXC_UART_WriteCharacter
                0x00000c18        0x8 C:/MaximSDK/Libraries/PeriphDrivers/bin/MAX32660/spi-v1_softfp/libPeriphDriver_spi-v1_softfp.a(uart_me11.o)
                0x00000c18                MXC_UART_WriteCharacter
 .text.MXC_UART_GetRXFIFOAvailable
                0x00000c20        0x8 C:/MaximSDK/Libraries/PeriphDrivers/bin/MAX32660/spi-v1_softfp/libPeriphDriver_spi-v1_softfp.a(uart_me11.o)
                0x00000c20                MXC_UART_GetRXFIFOAvailable
 .text.MXC_UART_GetTXFIFOAvailable
                0x00000c28        0x8 C:/MaximSDK/Libraries/PeriphDrivers/bin/MAX32660/spi-v1_softfp/libPeriphDriver_spi-v1_softfp.a(uart_me11.o)
                0x00000c28                MXC_UART_GetTXFIFOAvailable
 .text.MXC_UART_SetRXThreshold
                0x00000c30        0x8 C:/MaximSDK/Libraries/PeriphDrivers/bin/MAX32660/spi-v1_softfp/libPeriphDriver_spi-v1_softfp.a(uart_me11.o)
                0x00000c30                MXC_UART_SetRXThreshold
 .text.MXC_UART_SetTXThreshold
                0x00000c38        0x8 C:/MaximSDK/Libraries/PeriphDrivers/bin/MAX32660/spi-v1_softfp/libPeriphDriver_spi-v1_softfp.a(uart_me11.o)
                0x00000c38                MXC_UART_SetTXThreshold
 .text.MXC_UART_RevA_Init
                0x00000c40       0xc0 C:/MaximSDK/Libraries/PeriphDrivers/bin/MAX32660/spi-v1_softfp/libPeriphDriver_spi-v1_softfp.a(uart_reva.o)
                0x00000c40                MXC_UART_RevA_Init
 .text.MXC_UART_RevA_SetFrequency
                0x00000d00      0x104 C:/MaximSDK/Libraries/PeriphDrivers/bin/MAX32660/spi-v1_softfp/libPeriphDriver_spi-v1_softfp.a(uart_reva.o)
                0x00000d00                MXC_UART_RevA_SetFrequency
 .text.MXC_UART_RevA_GetFrequency
                0x00000e04       0xb4 C:/MaximSDK/Libraries/PeriphDrivers/bin/MAX32660/spi-v1_softfp/libPeriphDriver_spi-v1_softfp.a(uart_reva.o)
                0x00000e04                MXC_UART_RevA_GetFrequency
 .text.MXC_UART_RevA_SetDataSize
                0x00000eb8       0x20 C:/MaximSDK/Libraries/PeriphDrivers/bin/MAX32660/spi-v1_softfp/libPeriphDriver_spi-v1_softfp.a(uart_reva.o)
                0x00000eb8                MXC_UART_RevA_SetDataSize
 .text.MXC_UART_RevA_SetStopBits
                0x00000ed8       0x24 C:/MaximSDK/Libraries/PeriphDrivers/bin/MAX32660/spi-v1_softfp/libPeriphDriver_spi-v1_softfp.a(uart_reva.o)
                0x00000ed8                MXC_UART_RevA_SetStopBits
 .text.MXC_UART_RevA_SetParity
                0x00000efc      0x11a C:/MaximSDK/Libraries/PeriphDrivers/bin/MAX32660/spi-v1_softfp/libPeriphDriver_spi-v1_softfp.a(uart_reva.o)
                0x00000efc                MXC_UART_RevA_SetParity
 .text.MXC_UART_RevA_ReadCharacterRaw
                0x00001016       0x12 C:/MaximSDK/Libraries/PeriphDrivers/bin/MAX32660/spi-v1_softfp/libPeriphDriver_spi-v1_softfp.a(uart_reva.o)
                0x00001016                MXC_UART_RevA_ReadCharacterRaw
 .text.MXC_UART_RevA_WriteCharacterRaw
                0x00001028       0x14 C:/MaximSDK/Libraries/PeriphDrivers/bin/MAX32660/spi-v1_softfp/libPeriphDriver_spi-v1_softfp.a(uart_reva.o)
                0x00001028                MXC_UART_RevA_WriteCharacterRaw
 .text.MXC_UART_RevA_GetRXFIFOAvailable
                0x0000103c        0x8 C:/MaximSDK/Libraries/PeriphDrivers/bin/MAX32660/spi-v1_softfp/libPeriphDriver_spi-v1_softfp.a(uart_reva.o)
                0x0000103c                MXC_UART_RevA_GetRXFIFOAvailable
 .text.MXC_UART_RevA_GetTXFIFOAvailable
                0x00001044        0xc C:/MaximSDK/Libraries/PeriphDrivers/bin/MAX32660/spi-v1_softfp/libPeriphDriver_spi-v1_softfp.a(uart_reva.o)
                0x00001044                MXC_UART_RevA_GetTXFIFOAvailable
 .text.MXC_UART_RevA_SetRXThreshold
                0x00001050       0x1e C:/MaximSDK/Libraries/PeriphDrivers/bin/MAX32660/spi-v1_softfp/libPeriphDriver_spi-v1_softfp.a(uart_reva.o)
                0x00001050                MXC_UART_RevA_SetRXThreshold
 .text.MXC_UART_RevA_SetTXThreshold
                0x0000106e       0x20 C:/MaximSDK/Libraries/PeriphDrivers/bin/MAX32660/spi-v1_softfp/libPeriphDriver_spi-v1_softfp.a(uart_reva.o)
                0x0000106e                MXC_UART_RevA_SetTXThreshold
 *fill*         0x0000108e        0x2 
 .text.MXC_GPIO_Common_Handler
                0x00001090       0x74 C:/MaximSDK/Libraries/PeriphDrivers/bin/MAX32660/spi-v1_softfp/libPeriphDriver_spi-v1_softfp.a(gpio_common.o)
                0x00001090                MXC_GPIO_Common_Handler
 .text.MXC_GPIO_Common_GetConfigLock
                0x00001104        0xc C:/MaximSDK/Libraries/PeriphDrivers/bin/MAX32660/spi-v1_softfp/libPeriphDriver_spi-v1_softfp.a(gpio_common.o)
                0x00001104                MXC_GPIO_Common_GetConfigLock
 .text.MXC_UART_Common_ReadCharacter
                0x00001110       0x16 C:/MaximSDK/Libraries/PeriphDrivers/bin/MAX32660/spi-v1_softfp/libPeriphDriver_spi-v1_softfp.a(uart_common.o)
                0x00001110                MXC_UART_Common_ReadCharacter
 .text.MXC_UART_Common_WriteCharacter
                0x00001126       0x1a C:/MaximSDK/Libraries/PeriphDrivers/bin/MAX32660/spi-v1_softfp/libPeriphDriver_spi-v1_softfp.a(uart_common.o)
                0x00001126                MXC_UART_Common_WriteCharacter
 .text.__errno  0x00001140        0xc c:/maximsdk/tools/gnutools/10.3/bin/../lib/gcc/arm-none-eabi/10.3.1/../../../../arm-none-eabi/lib/thumb/v7e-m+fp/softfp\libc.a(lib_a-errno.o)
                0x00001140                __errno
 .text.__libc_init_array
                0x0000114c       0x48 c:/maximsdk/tools/gnutools/10.3/bin/../lib/gcc/arm-none-eabi/10.3.1/../../../../arm-none-eabi/lib/thumb/v7e-m+fp/softfp\libc.a(lib_a-init.o)
                0x0000114c                __libc_init_array
 .text.malloc   0x00001194       0x10 c:/maximsdk/tools/gnutools/10.3/bin/../lib/gcc/arm-none-eabi/10.3.1/../../../../arm-none-eabi/lib/thumb/v7e-m+fp/softfp\libc.a(lib_a-malloc.o)
                0x00001194                malloc
 .text._malloc_r
                0x000011a4      0x560 c:/maximsdk/tools/gnutools/10.3/bin/../lib/gcc/arm-none-eabi/10.3.1/../../../../arm-none-eabi/lib/thumb/v7e-m+fp/softfp\libc.a(lib_a-mallocr.o)
                0x000011a4                _malloc_r
 .text          0x00001704      0x134 c:/maximsdk/tools/gnutools/10.3/bin/../lib/gcc/arm-none-eabi/10.3.1/../../../../arm-none-eabi/lib/thumb/v7e-m+fp/softfp\libc.a(lib_a-memcpy.o)
                0x00001704                memcpy
 .text.memset   0x00001838       0xa4 c:/maximsdk/tools/gnutools/10.3/bin/../lib/gcc/arm-none-eabi/10.3.1/../../../../arm-none-eabi/lib/thumb/v7e-m+fp/softfp\libc.a(lib_a-memset.o)
                0x00001838                memset
 .text.__malloc_lock
                0x000018dc        0xc c:/maximsdk/tools/gnutools/10.3/bin/../lib/gcc/arm-none-eabi/10.3.1/../../../../arm-none-eabi/lib/thumb/v7e-m+fp/softfp\libc.a(lib_a-mlock.o)
                0x000018dc                __malloc_lock
 .text.__malloc_unlock
                0x000018e8        0xc c:/maximsdk/tools/gnutools/10.3/bin/../lib/gcc/arm-none-eabi/10.3.1/../../../../arm-none-eabi/lib/thumb/v7e-m+fp/softfp\libc.a(lib_a-mlock.o)
                0x000018e8                __malloc_unlock
 .text.printf   0x000018f4       0x28 c:/maximsdk/tools/gnutools/10.3/bin/../lib/gcc/arm-none-eabi/10.3.1/../../../../arm-none-eabi/lib/thumb/v7e-m+fp/softfp\libc.a(lib_a-printf.o)
                0x000018f4                printf
 .text._puts_r  0x0000191c       0x9c c:/maximsdk/tools/gnutools/10.3/bin/../lib/gcc/arm-none-eabi/10.3.1/../../../../arm-none-eabi/lib/thumb/v7e-m+fp/softfp\libc.a(lib_a-puts.o)
                0x0000191c                _puts_r
 .text.puts     0x000019b8       0x10 c:/maximsdk/tools/gnutools/10.3/bin/../lib/gcc/arm-none-eabi/10.3.1/../../../../arm-none-eabi/lib/thumb/v7e-m+fp/softfp\libc.a(lib_a-puts.o)
                0x000019b8                puts
 .text._sbrk_r  0x000019c8       0x24 c:/maximsdk/tools/gnutools/10.3/bin/../lib/gcc/arm-none-eabi/10.3.1/../../../../arm-none-eabi/lib/thumb/v7e-m+fp/softfp\libc.a(lib_a-sbrkr.o)
                0x000019c8                _sbrk_r
 *fill*         0x000019ec       0x14 
 .text          0x00001a00       0xdc c:/maximsdk/tools/gnutools/10.3/bin/../lib/gcc/arm-none-eabi/10.3.1/../../../../arm-none-eabi/lib/thumb/v7e-m+fp/softfp\libc.a(lib_a-strlen.o)
                0x00001a00                strlen
 *fill*         0x00001adc        0x4 
 .text._vfprintf_r
                0x00001ae0     0x1b8c c:/maximsdk/tools/gnutools/10.3/bin/../lib/gcc/arm-none-eabi/10.3.1/../../../../arm-none-eabi/lib/thumb/v7e-m+fp/softfp\libc.a(lib_a-vfprintf.o)
                0x00001ae0                _vfprintf_r
 .text.__sbprintf
                0x0000366c       0x80 c:/maximsdk/tools/gnutools/10.3/bin/../lib/gcc/arm-none-eabi/10.3.1/../../../../arm-none-eabi/lib/thumb/v7e-m+fp/softfp\libc.a(lib_a-vfprintf.o)
 .text.__swsetup_r
                0x000036ec       0xd4 c:/maximsdk/tools/gnutools/10.3/bin/../lib/gcc/arm-none-eabi/10.3.1/../../../../arm-none-eabi/lib/thumb/v7e-m+fp/softfp\libc.a(lib_a-wsetup.o)
                0x000036ec                __swsetup_r
 .text.startup.register_fini
                0x000037c0       0x14 c:/maximsdk/tools/gnutools/10.3/bin/../lib/gcc/arm-none-eabi/10.3.1/../../../../arm-none-eabi/lib/thumb/v7e-m+fp/softfp\libc.a(lib_a-__call_atexit.o)
 .text.atexit   0x000037d4        0xc c:/maximsdk/tools/gnutools/10.3/bin/../lib/gcc/arm-none-eabi/10.3.1/../../../../arm-none-eabi/lib/thumb/v7e-m+fp/softfp\libc.a(lib_a-atexit.o)
                0x000037d4                atexit
 .text.quorem   0x000037e0      0x128 c:/maximsdk/tools/gnutools/10.3/bin/../lib/gcc/arm-none-eabi/10.3.1/../../../../arm-none-eabi/lib/thumb/v7e-m+fp/softfp\libc.a(lib_a-dtoa.o)
 .text._dtoa_r  0x00003908      0xf34 c:/maximsdk/tools/gnutools/10.3/bin/../lib/gcc/arm-none-eabi/10.3.1/../../../../arm-none-eabi/lib/thumb/v7e-m+fp/softfp\libc.a(lib_a-dtoa.o)
                0x00003908                _dtoa_r
 .text.__sflush_r
                0x0000483c      0x130 c:/maximsdk/tools/gnutools/10.3/bin/../lib/gcc/arm-none-eabi/10.3.1/../../../../arm-none-eabi/lib/thumb/v7e-m+fp/softfp\libc.a(lib_a-fflush.o)
                0x0000483c                __sflush_r
 .text._fflush_r
                0x0000496c       0x5c c:/maximsdk/tools/gnutools/10.3/bin/../lib/gcc/arm-none-eabi/10.3.1/../../../../arm-none-eabi/lib/thumb/v7e-m+fp/softfp\libc.a(lib_a-fflush.o)
                0x0000496c                _fflush_r
 .text._cleanup_r
                0x000049c8        0xc c:/maximsdk/tools/gnutools/10.3/bin/../lib/gcc/arm-none-eabi/10.3.1/../../../../arm-none-eabi/lib/thumb/v7e-m+fp/softfp\libc.a(lib_a-findfp.o)
                0x000049c8                _cleanup_r
 .text.__sinit  0x000049d4      0x10c c:/maximsdk/tools/gnutools/10.3/bin/../lib/gcc/arm-none-eabi/10.3.1/../../../../arm-none-eabi/lib/thumb/v7e-m+fp/softfp\libc.a(lib_a-findfp.o)
                0x000049d4                __sinit
 .text.__sfp_lock_acquire
                0x00004ae0        0xc c:/maximsdk/tools/gnutools/10.3/bin/../lib/gcc/arm-none-eabi/10.3.1/../../../../arm-none-eabi/lib/thumb/v7e-m+fp/softfp\libc.a(lib_a-findfp.o)
                0x00004ae0                __sfp_lock_acquire
 .text.__sfp_lock_release
                0x00004aec        0xc c:/maximsdk/tools/gnutools/10.3/bin/../lib/gcc/arm-none-eabi/10.3.1/../../../../arm-none-eabi/lib/thumb/v7e-m+fp/softfp\libc.a(lib_a-findfp.o)
                0x00004aec                __sfp_lock_release
 .text.__libc_fini_array
                0x00004af8       0x2c c:/maximsdk/tools/gnutools/10.3/bin/../lib/gcc/arm-none-eabi/10.3.1/../../../../arm-none-eabi/lib/thumb/v7e-m+fp/softfp\libc.a(lib_a-fini.o)
                0x00004af8                __libc_fini_array
 .text._malloc_trim_r
                0x00004b24       0xa0 c:/maximsdk/tools/gnutools/10.3/bin/../lib/gcc/arm-none-eabi/10.3.1/../../../../arm-none-eabi/lib/thumb/v7e-m+fp/softfp\libc.a(lib_a-freer.o)
                0x00004b24                _malloc_trim_r
 .text._free_r  0x00004bc4      0x20c c:/maximsdk/tools/gnutools/10.3/bin/../lib/gcc/arm-none-eabi/10.3.1/../../../../arm-none-eabi/lib/thumb/v7e-m+fp/softfp\libc.a(lib_a-freer.o)
                0x00004bc4                _free_r
 .text.__sfvwrite_r
                0x00004dd0      0x2f0 c:/maximsdk/tools/gnutools/10.3/bin/../lib/gcc/arm-none-eabi/10.3.1/../../../../arm-none-eabi/lib/thumb/v7e-m+fp/softfp\libc.a(lib_a-fvwrite.o)
                0x00004dd0                __sfvwrite_r
 .text._fwalk_reent
                0x000050c0       0x48 c:/maximsdk/tools/gnutools/10.3/bin/../lib/gcc/arm-none-eabi/10.3.1/../../../../arm-none-eabi/lib/thumb/v7e-m+fp/softfp\libc.a(lib_a-fwalk.o)
                0x000050c0                _fwalk_reent
 .text._localeconv_r
                0x00005108        0x8 c:/maximsdk/tools/gnutools/10.3/bin/../lib/gcc/arm-none-eabi/10.3.1/../../../../arm-none-eabi/lib/thumb/v7e-m+fp/softfp\libc.a(lib_a-localeconv.o)
                0x00005108                _localeconv_r
 .text.__retarget_lock_init_recursive
                0x00005110        0x4 c:/maximsdk/tools/gnutools/10.3/bin/../lib/gcc/arm-none-eabi/10.3.1/../../../../arm-none-eabi/lib/thumb/v7e-m+fp/softfp\libc.a(lib_a-lock.o)
                0x00005110                __retarget_lock_init_recursive
 .text.__retarget_lock_close_recursive
                0x00005114        0x4 c:/maximsdk/tools/gnutools/10.3/bin/../lib/gcc/arm-none-eabi/10.3.1/../../../../arm-none-eabi/lib/thumb/v7e-m+fp/softfp\libc.a(lib_a-lock.o)
                0x00005114                __retarget_lock_close_recursive
 .text.__retarget_lock_acquire_recursive
                0x00005118        0x4 c:/maximsdk/tools/gnutools/10.3/bin/../lib/gcc/arm-none-eabi/10.3.1/../../../../arm-none-eabi/lib/thumb/v7e-m+fp/softfp\libc.a(lib_a-lock.o)
                0x00005118                __retarget_lock_acquire_recursive
 .text.__retarget_lock_release_recursive
                0x0000511c        0x4 c:/maximsdk/tools/gnutools/10.3/bin/../lib/gcc/arm-none-eabi/10.3.1/../../../../arm-none-eabi/lib/thumb/v7e-m+fp/softfp\libc.a(lib_a-lock.o)
                0x0000511c                __retarget_lock_release_recursive
 .text.__smakebuf_r
                0x00005120       0xe0 c:/maximsdk/tools/gnutools/10.3/bin/../lib/gcc/arm-none-eabi/10.3.1/../../../../arm-none-eabi/lib/thumb/v7e-m+fp/softfp\libc.a(lib_a-makebuf.o)
                0x00005120                __smakebuf_r
 .text          0x00005200       0xa0 c:/maximsdk/tools/gnutools/10.3/bin/../lib/gcc/arm-none-eabi/10.3.1/../../../../arm-none-eabi/lib/thumb/v7e-m+fp/softfp\libc.a(lib_a-memchr.o)
                0x00005200                memchr
 .text.memmove  0x000052a0       0xf8 c:/maximsdk/tools/gnutools/10.3/bin/../lib/gcc/arm-none-eabi/10.3.1/../../../../arm-none-eabi/lib/thumb/v7e-m+fp/softfp\libc.a(lib_a-memmove.o)
                0x000052a0                memmove
 .text._Balloc  0x00005398       0x4c c:/maximsdk/tools/gnutools/10.3/bin/../lib/gcc/arm-none-eabi/10.3.1/../../../../arm-none-eabi/lib/thumb/v7e-m+fp/softfp\libc.a(lib_a-mprec.o)
                0x00005398                _Balloc
 .text._Bfree   0x000053e4       0x14 c:/maximsdk/tools/gnutools/10.3/bin/../lib/gcc/arm-none-eabi/10.3.1/../../../../arm-none-eabi/lib/thumb/v7e-m+fp/softfp\libc.a(lib_a-mprec.o)
                0x000053e4                _Bfree
 .text.__multadd
                0x000053f8       0xa8 c:/maximsdk/tools/gnutools/10.3/bin/../lib/gcc/arm-none-eabi/10.3.1/../../../../arm-none-eabi/lib/thumb/v7e-m+fp/softfp\libc.a(lib_a-mprec.o)
                0x000053f8                __multadd
 .text.__hi0bits
                0x000054a0       0x40 c:/maximsdk/tools/gnutools/10.3/bin/../lib/gcc/arm-none-eabi/10.3.1/../../../../arm-none-eabi/lib/thumb/v7e-m+fp/softfp\libc.a(lib_a-mprec.o)
                0x000054a0                __hi0bits
 .text.__lo0bits
                0x000054e0       0x60 c:/maximsdk/tools/gnutools/10.3/bin/../lib/gcc/arm-none-eabi/10.3.1/../../../../arm-none-eabi/lib/thumb/v7e-m+fp/softfp\libc.a(lib_a-mprec.o)
                0x000054e0                __lo0bits
 .text.__i2b    0x00005540       0x5c c:/maximsdk/tools/gnutools/10.3/bin/../lib/gcc/arm-none-eabi/10.3.1/../../../../arm-none-eabi/lib/thumb/v7e-m+fp/softfp\libc.a(lib_a-mprec.o)
                0x00005540                __i2b
 .text.__multiply
                0x0000559c      0x15c c:/maximsdk/tools/gnutools/10.3/bin/../lib/gcc/arm-none-eabi/10.3.1/../../../../arm-none-eabi/lib/thumb/v7e-m+fp/softfp\libc.a(lib_a-mprec.o)
                0x0000559c                __multiply
 .text.__pow5mult
                0x000056f8       0xc0 c:/maximsdk/tools/gnutools/10.3/bin/../lib/gcc/arm-none-eabi/10.3.1/../../../../arm-none-eabi/lib/thumb/v7e-m+fp/softfp\libc.a(lib_a-mprec.o)
                0x000056f8                __pow5mult
 .text.__lshift
                0x000057b8       0xf0 c:/maximsdk/tools/gnutools/10.3/bin/../lib/gcc/arm-none-eabi/10.3.1/../../../../arm-none-eabi/lib/thumb/v7e-m+fp/softfp\libc.a(lib_a-mprec.o)
                0x000057b8                __lshift
 .text.__mcmp   0x000058a8       0x44 c:/maximsdk/tools/gnutools/10.3/bin/../lib/gcc/arm-none-eabi/10.3.1/../../../../arm-none-eabi/lib/thumb/v7e-m+fp/softfp\libc.a(lib_a-mprec.o)
                0x000058a8                __mcmp
 .text.__mdiff  0x000058ec      0x14c c:/maximsdk/tools/gnutools/10.3/bin/../lib/gcc/arm-none-eabi/10.3.1/../../../../arm-none-eabi/lib/thumb/v7e-m+fp/softfp\libc.a(lib_a-mprec.o)
                0x000058ec                __mdiff
 .text.__d2b    0x00005a38       0xc4 c:/maximsdk/tools/gnutools/10.3/bin/../lib/gcc/arm-none-eabi/10.3.1/../../../../arm-none-eabi/lib/thumb/v7e-m+fp/softfp\libc.a(lib_a-mprec.o)
                0x00005a38                __d2b
 .text._realloc_r
                0x00005afc      0x3d8 c:/maximsdk/tools/gnutools/10.3/bin/../lib/gcc/arm-none-eabi/10.3.1/../../../../arm-none-eabi/lib/thumb/v7e-m+fp/softfp\libc.a(lib_a-reallocr.o)
                0x00005afc                _realloc_r
 .text.frexp    0x00005ed4       0x70 c:/maximsdk/tools/gnutools/10.3/bin/../lib/gcc/arm-none-eabi/10.3.1/../../../../arm-none-eabi/lib/thumb/v7e-m+fp/softfp\libc.a(lib_a-s_frexp.o)
                0x00005ed4                frexp
 .text.__sread  0x00005f44       0x24 c:/maximsdk/tools/gnutools/10.3/bin/../lib/gcc/arm-none-eabi/10.3.1/../../../../arm-none-eabi/lib/thumb/v7e-m+fp/softfp\libc.a(lib_a-stdio.o)
                0x00005f44                __sread
 .text.__swrite
                0x00005f68       0x40 c:/maximsdk/tools/gnutools/10.3/bin/../lib/gcc/arm-none-eabi/10.3.1/../../../../arm-none-eabi/lib/thumb/v7e-m+fp/softfp\libc.a(lib_a-stdio.o)
                0x00005f68                __swrite
 .text.__sseek  0x00005fa8       0x20 c:/maximsdk/tools/gnutools/10.3/bin/../lib/gcc/arm-none-eabi/10.3.1/../../../../arm-none-eabi/lib/thumb/v7e-m+fp/softfp\libc.a(lib_a-stdio.o)
                0x00005fa8                __sseek
 .text.__sclose
                0x00005fc8        0x8 c:/maximsdk/tools/gnutools/10.3/bin/../lib/gcc/arm-none-eabi/10.3.1/../../../../arm-none-eabi/lib/thumb/v7e-m+fp/softfp\libc.a(lib_a-stdio.o)
                0x00005fc8                __sclose
 .text.strncpy  0x00005fd0       0x64 c:/maximsdk/tools/gnutools/10.3/bin/../lib/gcc/arm-none-eabi/10.3.1/../../../../arm-none-eabi/lib/thumb/v7e-m+fp/softfp\libc.a(lib_a-strncpy.o)
                0x00005fd0                strncpy
 .text.__sprint_r.part.0
                0x00006034       0x78 c:/maximsdk/tools/gnutools/10.3/bin/../lib/gcc/arm-none-eabi/10.3.1/../../../../arm-none-eabi/lib/thumb/v7e-m+fp/softfp\libc.a(lib_a-vfiprintf.o)
 .text.__sprint_r
                0x000060ac       0x18 c:/maximsdk/tools/gnutools/10.3/bin/../lib/gcc/arm-none-eabi/10.3.1/../../../../arm-none-eabi/lib/thumb/v7e-m+fp/softfp\libc.a(lib_a-vfiprintf.o)
                0x000060ac                __sprint_r
 .text._vfiprintf_r
                0x000060c4      0xdfc c:/maximsdk/tools/gnutools/10.3/bin/../lib/gcc/arm-none-eabi/10.3.1/../../../../arm-none-eabi/lib/thumb/v7e-m+fp/softfp\libc.a(lib_a-vfiprintf.o)
                0x000060c4                _vfiprintf_r
 .text.__sbprintf
                0x00006ec0       0x80 c:/maximsdk/tools/gnutools/10.3/bin/../lib/gcc/arm-none-eabi/10.3.1/../../../../arm-none-eabi/lib/thumb/v7e-m+fp/softfp\libc.a(lib_a-vfiprintf.o)
 .text._write_r
                0x00006f40       0x2c c:/maximsdk/tools/gnutools/10.3/bin/../lib/gcc/arm-none-eabi/10.3.1/../../../../arm-none-eabi/lib/thumb/v7e-m+fp/softfp\libc.a(lib_a-writer.o)
                0x00006f40                _write_r
 .text.__register_exitproc
                0x00006f6c       0x8c c:/maximsdk/tools/gnutools/10.3/bin/../lib/gcc/arm-none-eabi/10.3.1/../../../../arm-none-eabi/lib/thumb/v7e-m+fp/softfp\libc.a(lib_a-__atexit.o)
                0x00006f6c                __register_exitproc
 .text.__assert_func
                0x00006ff8       0x40 c:/maximsdk/tools/gnutools/10.3/bin/../lib/gcc/arm-none-eabi/10.3.1/../../../../arm-none-eabi/lib/thumb/v7e-m+fp/softfp\libc.a(lib_a-assert.o)
                0x00006ff8                __assert_func
 .text._calloc_r
                0x00007038       0x78 c:/maximsdk/tools/gnutools/10.3/bin/../lib/gcc/arm-none-eabi/10.3.1/../../../../arm-none-eabi/lib/thumb/v7e-m+fp/softfp\libc.a(lib_a-callocr.o)
                0x00007038                _calloc_r
 .text._close_r
                0x000070b0       0x24 c:/maximsdk/tools/gnutools/10.3/bin/../lib/gcc/arm-none-eabi/10.3.1/../../../../arm-none-eabi/lib/thumb/v7e-m+fp/softfp\libc.a(lib_a-closer.o)
                0x000070b0                _close_r
 .text._fclose_r
                0x000070d4       0xcc c:/maximsdk/tools/gnutools/10.3/bin/../lib/gcc/arm-none-eabi/10.3.1/../../../../arm-none-eabi/lib/thumb/v7e-m+fp/softfp\libc.a(lib_a-fclose.o)
                0x000070d4                _fclose_r
 .text.fiprintf
                0x000071a0       0x28 c:/maximsdk/tools/gnutools/10.3/bin/../lib/gcc/arm-none-eabi/10.3.1/../../../../arm-none-eabi/lib/thumb/v7e-m+fp/softfp\libc.a(lib_a-fiprintf.o)
                0x000071a0                fiprintf
 .text.__fputwc
                0x000071c8       0xa8 c:/maximsdk/tools/gnutools/10.3/bin/../lib/gcc/arm-none-eabi/10.3.1/../../../../arm-none-eabi/lib/thumb/v7e-m+fp/softfp\libc.a(lib_a-fputwc.o)
                0x000071c8                __fputwc
 .text._fputwc_r
                0x00007270       0x68 c:/maximsdk/tools/gnutools/10.3/bin/../lib/gcc/arm-none-eabi/10.3.1/../../../../arm-none-eabi/lib/thumb/v7e-m+fp/softfp\libc.a(lib_a-fputwc.o)
                0x00007270                _fputwc_r
 .text._fstat_r
                0x000072d8       0x2c c:/maximsdk/tools/gnutools/10.3/bin/../lib/gcc/arm-none-eabi/10.3.1/../../../../arm-none-eabi/lib/thumb/v7e-m+fp/softfp\libc.a(lib_a-fstatr.o)
                0x000072d8                _fstat_r
 .text._isatty_r
                0x00007304       0x24 c:/maximsdk/tools/gnutools/10.3/bin/../lib/gcc/arm-none-eabi/10.3.1/../../../../arm-none-eabi/lib/thumb/v7e-m+fp/softfp\libc.a(lib_a-isattyr.o)
                0x00007304                _isatty_r
 .text.__locale_mb_cur_max
                0x00007328        0xc c:/maximsdk/tools/gnutools/10.3/bin/../lib/gcc/arm-none-eabi/10.3.1/../../../../arm-none-eabi/lib/thumb/v7e-m+fp/softfp\libc.a(lib_a-locale.o)
                0x00007328                __locale_mb_cur_max
 .text._lseek_r
                0x00007334       0x2c c:/maximsdk/tools/gnutools/10.3/bin/../lib/gcc/arm-none-eabi/10.3.1/../../../../arm-none-eabi/lib/thumb/v7e-m+fp/softfp\libc.a(lib_a-lseekr.o)
                0x00007334                _lseek_r
 .text.__ascii_mbtowc
                0x00007360       0x2c c:/maximsdk/tools/gnutools/10.3/bin/../lib/gcc/arm-none-eabi/10.3.1/../../../../arm-none-eabi/lib/thumb/v7e-m+fp/softfp\libc.a(lib_a-mbtowc_r.o)
                0x00007360                __ascii_mbtowc
 .text._read_r  0x0000738c       0x2c c:/maximsdk/tools/gnutools/10.3/bin/../lib/gcc/arm-none-eabi/10.3.1/../../../../arm-none-eabi/lib/thumb/v7e-m+fp/softfp\libc.a(lib_a-readr.o)
                0x0000738c                _read_r
 .text.__swbuf_r
                0x000073b8       0xb0 c:/maximsdk/tools/gnutools/10.3/bin/../lib/gcc/arm-none-eabi/10.3.1/../../../../arm-none-eabi/lib/thumb/v7e-m+fp/softfp\libc.a(lib_a-wbuf.o)
                0x000073b8                __swbuf_r
 .text._wcrtomb_r
                0x00007468       0x3c c:/maximsdk/tools/gnutools/10.3/bin/../lib/gcc/arm-none-eabi/10.3.1/../../../../arm-none-eabi/lib/thumb/v7e-m+fp/softfp\libc.a(lib_a-wcrtomb.o)
                0x00007468                _wcrtomb_r
 .text.__ascii_wctomb
                0x000074a4       0x1c c:/maximsdk/tools/gnutools/10.3/bin/../lib/gcc/arm-none-eabi/10.3.1/../../../../arm-none-eabi/lib/thumb/v7e-m+fp/softfp\libc.a(lib_a-wctomb_r.o)
                0x000074a4                __ascii_wctomb
 .text.abort    0x000074c0       0x10 c:/maximsdk/tools/gnutools/10.3/bin/../lib/gcc/arm-none-eabi/10.3.1/../../../../arm-none-eabi/lib/thumb/v7e-m+fp/softfp\libc.a(lib_a-abort.o)
                0x000074c0                abort
 .text.raise    0x000074d0       0x5c c:/maximsdk/tools/gnutools/10.3/bin/../lib/gcc/arm-none-eabi/10.3.1/../../../../arm-none-eabi/lib/thumb/v7e-m+fp/softfp\libc.a(lib_a-signal.o)
                0x000074d0                raise
 .text._kill_r  0x0000752c       0x2c c:/maximsdk/tools/gnutools/10.3/bin/../lib/gcc/arm-none-eabi/10.3.1/../../../../arm-none-eabi/lib/thumb/v7e-m+fp/softfp\libc.a(lib_a-signalr.o)
                0x0000752c                _kill_r
 .text._getpid_r
                0x00007558        0x4 c:/maximsdk/tools/gnutools/10.3/bin/../lib/gcc/arm-none-eabi/10.3.1/../../../../arm-none-eabi/lib/thumb/v7e-m+fp/softfp\libc.a(lib_a-signalr.o)
                0x00007558                _getpid_r
 .text._exit    0x0000755c        0x4 c:/maximsdk/tools/gnutools/10.3/bin/../lib/gcc/arm-none-eabi/10.3.1/../../../../arm-none-eabi/lib/thumb/v7e-m+fp/softfp\libnosys.a(_exit.o)
                0x0000755c                _exit
 .text          0x00007560      0x378 c:/maximsdk/tools/gnutools/10.3/bin/../lib/gcc/arm-none-eabi/10.3.1/thumb/v7e-m+fp/softfp\libgcc.a(_arm_addsubdf3.o)
                0x00007560                __aeabi_drsub
                0x00007568                __aeabi_dsub
                0x00007568                __subdf3
                0x0000756c                __aeabi_dadd
                0x0000756c                __adddf3
                0x000077e4                __floatunsidf
                0x000077e4                __aeabi_ui2d
                0x00007804                __floatsidf
                0x00007804                __aeabi_i2d
                0x00007828                __aeabi_f2d
                0x00007828                __extendsfdf2
                0x0000786c                __floatundidf
                0x0000786c                __aeabi_ul2d
                0x0000787c                __floatdidf
                0x0000787c                __aeabi_l2d
 .text          0x000078d8      0x424 c:/maximsdk/tools/gnutools/10.3/bin/../lib/gcc/arm-none-eabi/10.3.1/thumb/v7e-m+fp/softfp\libgcc.a(_arm_muldivdf3.o)
                0x000078d8                __aeabi_dmul
                0x000078d8                __muldf3
                0x00007b2c                __divdf3
                0x00007b2c                __aeabi_ddiv
 .text          0x00007cfc      0x110 c:/maximsdk/tools/gnutools/10.3/bin/../lib/gcc/arm-none-eabi/10.3.1/thumb/v7e-m+fp/softfp\libgcc.a(_arm_cmpdf2.o)
                0x00007cfc                __gtdf2
                0x00007cfc                __gedf2
                0x00007d04                __ltdf2
                0x00007d04                __ledf2
                0x00007d0c                __nedf2
                0x00007d0c                __eqdf2
                0x00007d0c                __cmpdf2
                0x00007d88                __aeabi_cdrcmple
                0x00007d98                __aeabi_cdcmpeq
                0x00007d98                __aeabi_cdcmple
                0x00007da8                __aeabi_dcmpeq
                0x00007dbc                __aeabi_dcmplt
                0x00007dd0                __aeabi_dcmple
                0x00007de4                __aeabi_dcmpge
                0x00007df8                __aeabi_dcmpgt
 .text          0x00007e0c       0x2c c:/maximsdk/tools/gnutools/10.3/bin/../lib/gcc/arm-none-eabi/10.3.1/thumb/v7e-m+fp/softfp\libgcc.a(_arm_unorddf2.o)
                0x00007e0c                __unorddf2
                0x00007e0c                __aeabi_dcmpun
 .text          0x00007e38       0x50 c:/maximsdk/tools/gnutools/10.3/bin/../lib/gcc/arm-none-eabi/10.3.1/thumb/v7e-m+fp/softfp\libgcc.a(_arm_fixdfsi.o)
                0x00007e38                __aeabi_d2iz
                0x00007e38                __fixdfsi
 .text          0x00007e88       0x30 c:/maximsdk/tools/gnutools/10.3/bin/../lib/gcc/arm-none-eabi/10.3.1/thumb/v7e-m+fp/softfp\libgcc.a(_aeabi_uldivmod.o)
                0x00007e88                __aeabi_uldivmod
 .text          0x00007eb8      0x2d0 c:/maximsdk/tools/gnutools/10.3/bin/../lib/gcc/arm-none-eabi/10.3.1/thumb/v7e-m+fp/softfp\libgcc.a(_udivmoddi4.o)
                0x00007eb8                __udivmoddi4
 .text          0x00008188        0x4 c:/maximsdk/tools/gnutools/10.3/bin/../lib/gcc/arm-none-eabi/10.3.1/thumb/v7e-m+fp/softfp\libgcc.a(_dvmd_tls.o)
                0x00008188                __aeabi_idiv0
                0x00008188                __aeabi_ldiv0
 *(.rodata*)
 .rodata.main.str1.4
                0x0000818c       0x1c c:/Users/ashutoshtiwari/eclipse-workspace/test/build/main.o
 .rodata.mxc_assert.str1.4
                0x000081a8       0x19 c:/Users/ashutoshtiwari/eclipse-workspace/test/build/board.o
 *fill*         0x000081c1        0x3 
 .rodata.Board_Init.str1.4
                0x000081c4       0x45 c:/Users/ashutoshtiwari/eclipse-workspace/test/build/board.o
 *fill*         0x00008209        0x3 
 .rodata.led_pin
                0x0000820c        0xc c:/Users/ashutoshtiwari/eclipse-workspace/test/build/board.o
                0x0000820c                led_pin
 .rodata.num_leds
                0x00008218        0x4 c:/Users/ashutoshtiwari/eclipse-workspace/test/build/board.o
                0x00008218                num_leds
 .rodata.num_pbs
                0x0000821c        0x4 c:/Users/ashutoshtiwari/eclipse-workspace/test/build/board.o
                0x0000821c                num_pbs
 .rodata.pb_pin
                0x00008220        0xc c:/Users/ashutoshtiwari/eclipse-workspace/test/build/board.o
                0x00008220                pb_pin
 .rodata.LED_On.str1.4
                0x0000822c       0x3b c:/Users/ashutoshtiwari/eclipse-workspace/test/build/led.o
 *fill*         0x00008267        0x1 
 .rodata.MXC_UART_RevA_Init.str1.4
                0x00008268       0xab C:/MaximSDK/Libraries/PeriphDrivers/bin/MAX32660/spi-v1_softfp/libPeriphDriver_spi-v1_softfp.a(uart_reva.o)
 *fill*         0x00008313        0x1 
 .rodata.gpio_cfg_uart0
                0x00008314        0xc C:/MaximSDK/Libraries/PeriphDrivers/bin/MAX32660/spi-v1_softfp/libPeriphDriver_spi-v1_softfp.a(pins_me11.o)
                0x00008314                gpio_cfg_uart0
 .rodata.gpio_cfg_uart1a
                0x00008320        0xc C:/MaximSDK/Libraries/PeriphDrivers/bin/MAX32660/spi-v1_softfp/libPeriphDriver_spi-v1_softfp.a(pins_me11.o)
                0x00008320                gpio_cfg_uart1a
 .rodata.gpio_cfg_uart1b
                0x0000832c        0xc C:/MaximSDK/Libraries/PeriphDrivers/bin/MAX32660/spi-v1_softfp/libPeriphDriver_spi-v1_softfp.a(pins_me11.o)
                0x0000832c                gpio_cfg_uart1b
 .rodata.gpio_cfg_uart1c
                0x00008338        0xc C:/MaximSDK/Libraries/PeriphDrivers/bin/MAX32660/spi-v1_softfp/libPeriphDriver_spi-v1_softfp.a(pins_me11.o)
                0x00008338                gpio_cfg_uart1c
 .rodata.MXC_GPIO_Common_Handler.str1.4
                0x00008344       0x9a C:/MaximSDK/Libraries/PeriphDrivers/bin/MAX32660/spi-v1_softfp/libPeriphDriver_spi-v1_softfp.a(gpio_common.o)
 *fill*         0x000083de        0x2 
 .rodata._global_impure_ptr
                0x000083e0        0x4 c:/maximsdk/tools/gnutools/10.3/bin/../lib/gcc/arm-none-eabi/10.3.1/../../../../arm-none-eabi/lib/thumb/v7e-m+fp/softfp\libc.a(lib_a-impure.o)
                0x000083e0                _global_impure_ptr
 .rodata._puts_r.str1.4
                0x000083e4        0x2 c:/maximsdk/tools/gnutools/10.3/bin/../lib/gcc/arm-none-eabi/10.3.1/../../../../arm-none-eabi/lib/thumb/v7e-m+fp/softfp\libc.a(lib_a-puts.o)
 *fill*         0x000083e6        0x2 
 .rodata._vfprintf_r.str1.4
                0x000083e8       0x42 c:/maximsdk/tools/gnutools/10.3/bin/../lib/gcc/arm-none-eabi/10.3.1/../../../../arm-none-eabi/lib/thumb/v7e-m+fp/softfp\libc.a(lib_a-vfprintf.o)
 *fill*         0x0000842a        0x2 
 .rodata.blanks.1
                0x0000842c       0x10 c:/maximsdk/tools/gnutools/10.3/bin/../lib/gcc/arm-none-eabi/10.3.1/../../../../arm-none-eabi/lib/thumb/v7e-m+fp/softfp\libc.a(lib_a-vfprintf.o)
 .rodata.zeroes.0
                0x0000843c       0x10 c:/maximsdk/tools/gnutools/10.3/bin/../lib/gcc/arm-none-eabi/10.3.1/../../../../arm-none-eabi/lib/thumb/v7e-m+fp/softfp\libc.a(lib_a-vfprintf.o)
 .rodata._dtoa_r.str1.4
                0x0000844c       0xa2 c:/maximsdk/tools/gnutools/10.3/bin/../lib/gcc/arm-none-eabi/10.3.1/../../../../arm-none-eabi/lib/thumb/v7e-m+fp/softfp\libc.a(lib_a-dtoa.o)
                                 0xa6 (size before relaxing)
 *fill*         0x000084ee        0x2 
 .rodata.__multadd.str1.4
                0x000084f0       0x7f c:/maximsdk/tools/gnutools/10.3/bin/../lib/gcc/arm-none-eabi/10.3.1/../../../../arm-none-eabi/lib/thumb/v7e-m+fp/softfp\libc.a(lib_a-mprec.o)
                                 0x93 (size before relaxing)
 *fill*         0x0000856f        0x1 
 .rodata.__mprec_bigtens
                0x00008570       0x28 c:/maximsdk/tools/gnutools/10.3/bin/../lib/gcc/arm-none-eabi/10.3.1/../../../../arm-none-eabi/lib/thumb/v7e-m+fp/softfp\libc.a(lib_a-mprec.o)
                0x00008570                __mprec_bigtens
 .rodata.__mprec_tens
                0x00008598       0xc8 c:/maximsdk/tools/gnutools/10.3/bin/../lib/gcc/arm-none-eabi/10.3.1/../../../../arm-none-eabi/lib/thumb/v7e-m+fp/softfp\libc.a(lib_a-mprec.o)
                0x00008598                __mprec_tens
 .rodata.p05.0  0x00008660        0xc c:/maximsdk/tools/gnutools/10.3/bin/../lib/gcc/arm-none-eabi/10.3.1/../../../../arm-none-eabi/lib/thumb/v7e-m+fp/softfp\libc.a(lib_a-mprec.o)
 .rodata._vfiprintf_r.str1.4
                0x0000866c       0x2f c:/maximsdk/tools/gnutools/10.3/bin/../lib/gcc/arm-none-eabi/10.3.1/../../../../arm-none-eabi/lib/thumb/v7e-m+fp/softfp\libc.a(lib_a-vfiprintf.o)
 .rodata.blanks.1
                0x0000866c       0x10 c:/maximsdk/tools/gnutools/10.3/bin/../lib/gcc/arm-none-eabi/10.3.1/../../../../arm-none-eabi/lib/thumb/v7e-m+fp/softfp\libc.a(lib_a-vfiprintf.o)
 .rodata.zeroes.0
                0x0000867c       0x10 c:/maximsdk/tools/gnutools/10.3/bin/../lib/gcc/arm-none-eabi/10.3.1/../../../../arm-none-eabi/lib/thumb/v7e-m+fp/softfp\libc.a(lib_a-vfiprintf.o)
 .rodata.__assert_func.str1.4
                0x0000868c       0x3f c:/maximsdk/tools/gnutools/10.3/bin/../lib/gcc/arm-none-eabi/10.3.1/../../../../arm-none-eabi/lib/thumb/v7e-m+fp/softfp\libc.a(lib_a-assert.o)
                                 0x43 (size before relaxing)
 *fill*         0x000086cb        0x1 
 .rodata._setlocale_r.str1.4
                0x000086cc        0xa c:/maximsdk/tools/gnutools/10.3/bin/../lib/gcc/arm-none-eabi/10.3.1/../../../../arm-none-eabi/lib/thumb/v7e-m+fp/softfp\libc.a(lib_a-locale.o)
                                  0xd (size before relaxing)
 *fill*         0x000086d6        0x2 
 .rodata.str1.4
                0x000086d8        0x2 c:/maximsdk/tools/gnutools/10.3/bin/../lib/gcc/arm-none-eabi/10.3.1/../../../../arm-none-eabi/lib/thumb/v7e-m+fp/softfp\libc.a(lib_a-locale.o)
 *fill*         0x000086da        0x2 
 .rodata._ctype_
                0x000086dc      0x101 c:/maximsdk/tools/gnutools/10.3/bin/../lib/gcc/arm-none-eabi/10.3.1/../../../../arm-none-eabi/lib/thumb/v7e-m+fp/softfp\libc.a(lib_a-ctype_.o)
                0x000086dc                _ctype_
 *(.flashprog*)
 *(.init)
 *fill*         0x000087dd        0x3 
 .init          0x000087e0        0x4 c:/maximsdk/tools/gnutools/10.3/bin/../lib/gcc/arm-none-eabi/10.3.1/thumb/v7e-m+fp/softfp/crti.o
                0x000087e0                _init
 .init          0x000087e4        0x8 c:/maximsdk/tools/gnutools/10.3/bin/../lib/gcc/arm-none-eabi/10.3.1/thumb/v7e-m+fp/softfp/crtn.o
 *(.fini)
 .fini          0x000087ec        0x4 c:/maximsdk/tools/gnutools/10.3/bin/../lib/gcc/arm-none-eabi/10.3.1/thumb/v7e-m+fp/softfp/crti.o
                0x000087ec                _fini
 .fini          0x000087f0        0x8 c:/maximsdk/tools/gnutools/10.3/bin/../lib/gcc/arm-none-eabi/10.3.1/thumb/v7e-m+fp/softfp/crtn.o
 *crtbegin.o(.ctors)
 *crtbegin?.o(.ctors)
 *(EXCLUDE_FILE(*crtend.o *crtend?.o) .ctors)
 *(SORT_BY_NAME(.ctors.*))
 *(.ctors)
 *crtbegin.o(.dtors)
 *crtbegin?.o(.dtors)
 *(EXCLUDE_FILE(*crtend.o *crtend?.o) .dtors)
 *(SORT_BY_NAME(.dtors.*))
 *(.dtors)
 *(.eh_frame*)
 .eh_frame      0x000087f8        0x0 c:/maximsdk/tools/gnutools/10.3/bin/../lib/gcc/arm-none-eabi/10.3.1/thumb/v7e-m+fp/softfp/crtbegin.o
 .eh_frame      0x000087f8        0x4 c:/maximsdk/tools/gnutools/10.3/bin/../lib/gcc/arm-none-eabi/10.3.1/thumb/v7e-m+fp/softfp/crtend.o
                0x000087fc                _etext = .

.glue_7         0x000087fc        0x0
 .glue_7        0x000087fc        0x0 linker stubs

.glue_7t        0x000087fc        0x0
 .glue_7t       0x000087fc        0x0 linker stubs

.vfp11_veneer   0x000087fc        0x0
 .vfp11_veneer  0x000087fc        0x0 linker stubs

.v4_bx          0x000087fc        0x0
 .v4_bx         0x000087fc        0x0 linker stubs

.iplt           0x000087fc        0x0
 .iplt          0x000087fc        0x0 c:/maximsdk/tools/gnutools/10.3/bin/../lib/gcc/arm-none-eabi/10.3.1/thumb/v7e-m+fp/softfp/crtbegin.o

.ARM.extab
 *(.ARM.extab* .gnu.linkonce.armextab.*)

.ARM.exidx      0x000087fc        0x8
                0x000087fc                __exidx_start = .
 *(.ARM.exidx* .gnu.linkonce.armexidx.*)
 .ARM.exidx     0x000087fc        0x8 c:/maximsdk/tools/gnutools/10.3/bin/../lib/gcc/arm-none-eabi/10.3.1/thumb/v7e-m+fp/softfp\libgcc.a(_udivmoddi4.o)
                0x00008804                __exidx_end = .

.rel.dyn        0x00008804        0x0
 .rel.iplt      0x00008804        0x0 c:/maximsdk/tools/gnutools/10.3/bin/../lib/gcc/arm-none-eabi/10.3.1/thumb/v7e-m+fp/softfp/crtbegin.o

.data           0x20000000      0x9f4 load address 0x00008804
                0x20000000                _data = ALIGN (., 0x4)
 *(vtable)
 *(.data*)
 .data.ConsoleUart
                0x20000000        0x4 c:/Users/ashutoshtiwari/eclipse-workspace/test/build/board.o
                0x20000000                ConsoleUart
 .data.SystemCoreClock
                0x20000004        0x4 c:/Users/ashutoshtiwari/eclipse-workspace/test/build/system_max32660.o
                0x20000004                SystemCoreClock
 .data.overflows
                0x20000008        0x4 C:/MaximSDK/Libraries/PeriphDrivers/bin/MAX32660/spi-v1_softfp/libPeriphDriver_spi-v1_softfp.a(mxc_delay.o)
 .data.states   0x2000000c       0x30 C:/MaximSDK/Libraries/PeriphDrivers/bin/MAX32660/spi-v1_softfp/libPeriphDriver_spi-v1_softfp.a(uart_reva.o)
 .data._impure_ptr
                0x2000003c        0x4 c:/maximsdk/tools/gnutools/10.3/bin/../lib/gcc/arm-none-eabi/10.3.1/../../../../arm-none-eabi/lib/thumb/v7e-m+fp/softfp\libc.a(lib_a-impure.o)
                0x2000003c                _impure_ptr
 .data.impure_data
                0x20000040      0x428 c:/maximsdk/tools/gnutools/10.3/bin/../lib/gcc/arm-none-eabi/10.3.1/../../../../arm-none-eabi/lib/thumb/v7e-m+fp/softfp\libc.a(lib_a-impure.o)
 .data.__malloc_av_
                0x20000468      0x408 c:/maximsdk/tools/gnutools/10.3/bin/../lib/gcc/arm-none-eabi/10.3.1/../../../../arm-none-eabi/lib/thumb/v7e-m+fp/softfp\libc.a(lib_a-mallocr.o)
                0x20000468                __malloc_av_
 .data.__malloc_sbrk_base
                0x20000870        0x4 c:/maximsdk/tools/gnutools/10.3/bin/../lib/gcc/arm-none-eabi/10.3.1/../../../../arm-none-eabi/lib/thumb/v7e-m+fp/softfp\libc.a(lib_a-mallocr.o)
                0x20000870                __malloc_sbrk_base
 .data.__malloc_trim_threshold
                0x20000874        0x4 c:/maximsdk/tools/gnutools/10.3/bin/../lib/gcc/arm-none-eabi/10.3.1/../../../../arm-none-eabi/lib/thumb/v7e-m+fp/softfp\libc.a(lib_a-mallocr.o)
                0x20000874                __malloc_trim_threshold
 .data.__atexit_recursive_mutex
                0x20000878        0x4 c:/maximsdk/tools/gnutools/10.3/bin/../lib/gcc/arm-none-eabi/10.3.1/../../../../arm-none-eabi/lib/thumb/v7e-m+fp/softfp\libc.a(lib_a-__call_atexit.o)
                0x20000878                __atexit_recursive_mutex
 .data.__global_locale
                0x2000087c      0x16c c:/maximsdk/tools/gnutools/10.3/bin/../lib/gcc/arm-none-eabi/10.3.1/../../../../arm-none-eabi/lib/thumb/v7e-m+fp/softfp\libc.a(lib_a-locale.o)
                0x2000087c                __global_locale
 *(.spix_config*)
                0x200009e8                . = ALIGN (0x4)
                0x200009e8                PROVIDE (__preinit_array_start = .)
 *(.preinit_array)
                0x200009e8                PROVIDE (__preinit_array_end = .)
                0x200009e8                . = ALIGN (0x4)
                0x200009e8                PROVIDE (__init_array_start = .)
 *(SORT_BY_NAME(.init_array.*))
 .init_array.00000
                0x200009e8        0x4 c:/maximsdk/tools/gnutools/10.3/bin/../lib/gcc/arm-none-eabi/10.3.1/../../../../arm-none-eabi/lib/thumb/v7e-m+fp/softfp\libc.a(lib_a-__call_atexit.o)
 *(.init_array)
 .init_array    0x200009ec        0x4 c:/maximsdk/tools/gnutools/10.3/bin/../lib/gcc/arm-none-eabi/10.3.1/thumb/v7e-m+fp/softfp/crtbegin.o
                0x200009f0                PROVIDE (__init_array_end = .)
                0x200009f0                . = ALIGN (0x4)
                0x200009f0                PROVIDE (__fini_array_start = .)
 *(SORT_BY_NAME(.fini_array.*))
 *(.fini_array)
 .fini_array    0x200009f0        0x4 c:/maximsdk/tools/gnutools/10.3/bin/../lib/gcc/arm-none-eabi/10.3.1/thumb/v7e-m+fp/softfp/crtbegin.o
                0x200009f4                PROVIDE (__fini_array_end = .)
                0x200009f4                _edata = ALIGN (., 0x4)
                0x00008804                __load_data = LOADADDR (.data)

.igot.plt       0x200009f4        0x0 load address 0x000091f8
 .igot.plt      0x200009f4        0x0 c:/maximsdk/tools/gnutools/10.3/bin/../lib/gcc/arm-none-eabi/10.3.1/thumb/v7e-m+fp/softfp/crtbegin.o

.bss            0x200009f4       0xec load address 0x000091f8
                0x200009f4                . = ALIGN (0x4)
                0x200009f4                _bss = .
 *(.bss*)
 .bss           0x200009f4       0x1c c:/maximsdk/tools/gnutools/10.3/bin/../lib/gcc/arm-none-eabi/10.3.1/thumb/v7e-m+fp/softfp/crtbegin.o
 .bss.g_pb_polarity
                0x20000a10        0x4 c:/Users/ashutoshtiwari/eclipse-workspace/test/build/pb.o
 .bss.heap_end  0x20000a14        0x4 c:/Users/ashutoshtiwari/eclipse-workspace/test/build/heap.o
 .bss.cbFunc    0x20000a18        0x4 C:/MaximSDK/Libraries/PeriphDrivers/bin/MAX32660/spi-v1_softfp/libPeriphDriver_spi-v1_softfp.a(mxc_delay.o)
 .bss.ctrl_save
                0x20000a1c        0x4 C:/MaximSDK/Libraries/PeriphDrivers/bin/MAX32660/spi-v1_softfp/libPeriphDriver_spi-v1_softfp.a(mxc_delay.o)
 .bss.endtick   0x20000a20        0x4 C:/MaximSDK/Libraries/PeriphDrivers/bin/MAX32660/spi-v1_softfp/libPeriphDriver_spi-v1_softfp.a(mxc_delay.o)
 .bss.callback  0x20000a24       0x38 C:/MaximSDK/Libraries/PeriphDrivers/bin/MAX32660/spi-v1_softfp/libPeriphDriver_spi-v1_softfp.a(gpio_common.o)
 .bss.cbparam   0x20000a5c       0x38 C:/MaximSDK/Libraries/PeriphDrivers/bin/MAX32660/spi-v1_softfp/libPeriphDriver_spi-v1_softfp.a(gpio_common.o)
 .bss.cfg_lock  0x20000a94        0x1 C:/MaximSDK/Libraries/PeriphDrivers/bin/MAX32660/spi-v1_softfp/libPeriphDriver_spi-v1_softfp.a(gpio_common.o)
 *fill*         0x20000a95        0x3 
 .bss.__malloc_current_mallinfo
                0x20000a98       0x28 c:/maximsdk/tools/gnutools/10.3/bin/../lib/gcc/arm-none-eabi/10.3.1/../../../../arm-none-eabi/lib/thumb/v7e-m+fp/softfp\libc.a(lib_a-mallocr.o)
                0x20000a98                __malloc_current_mallinfo
 .bss.__malloc_max_sbrked_mem
                0x20000ac0        0x4 c:/maximsdk/tools/gnutools/10.3/bin/../lib/gcc/arm-none-eabi/10.3.1/../../../../arm-none-eabi/lib/thumb/v7e-m+fp/softfp\libc.a(lib_a-mallocr.o)
                0x20000ac0                __malloc_max_sbrked_mem
 .bss.__malloc_max_total_mem
                0x20000ac4        0x4 c:/maximsdk/tools/gnutools/10.3/bin/../lib/gcc/arm-none-eabi/10.3.1/../../../../arm-none-eabi/lib/thumb/v7e-m+fp/softfp\libc.a(lib_a-mallocr.o)
                0x20000ac4                __malloc_max_total_mem
 .bss.__malloc_top_pad
                0x20000ac8        0x4 c:/maximsdk/tools/gnutools/10.3/bin/../lib/gcc/arm-none-eabi/10.3.1/../../../../arm-none-eabi/lib/thumb/v7e-m+fp/softfp\libc.a(lib_a-mallocr.o)
                0x20000ac8                __malloc_top_pad
 .bss.__lock___atexit_recursive_mutex
                0x20000acc        0x1 c:/maximsdk/tools/gnutools/10.3/bin/../lib/gcc/arm-none-eabi/10.3.1/../../../../arm-none-eabi/lib/thumb/v7e-m+fp/softfp\libc.a(lib_a-lock.o)
                0x20000acc                __lock___atexit_recursive_mutex
 *fill*         0x20000acd        0x3 
 .bss.__lock___malloc_recursive_mutex
                0x20000ad0        0x1 c:/maximsdk/tools/gnutools/10.3/bin/../lib/gcc/arm-none-eabi/10.3.1/../../../../arm-none-eabi/lib/thumb/v7e-m+fp/softfp\libc.a(lib_a-lock.o)
                0x20000ad0                __lock___malloc_recursive_mutex
 *fill*         0x20000ad1        0x3 
 .bss.__lock___sfp_recursive_mutex
                0x20000ad4        0x1 c:/maximsdk/tools/gnutools/10.3/bin/../lib/gcc/arm-none-eabi/10.3.1/../../../../arm-none-eabi/lib/thumb/v7e-m+fp/softfp\libc.a(lib_a-lock.o)
                0x20000ad4                __lock___sfp_recursive_mutex
 *fill*         0x20000ad5        0x3 
 .bss.__lock___sinit_recursive_mutex
                0x20000ad8        0x1 c:/maximsdk/tools/gnutools/10.3/bin/../lib/gcc/arm-none-eabi/10.3.1/../../../../arm-none-eabi/lib/thumb/v7e-m+fp/softfp\libc.a(lib_a-lock.o)
                0x20000ad8                __lock___sinit_recursive_mutex
 *fill*         0x20000ad9        0x3 
 .bss.errno     0x20000adc        0x4 c:/maximsdk/tools/gnutools/10.3/bin/../lib/gcc/arm-none-eabi/10.3.1/../../../../arm-none-eabi/lib/thumb/v7e-m+fp/softfp\libc.a(lib_a-reent.o)
                0x20000adc                errno
 *(COMMON)
                0x20000ae0                _ebss = ALIGN (., 0x4)
                0x20018000                __StackTop = (ORIGIN (SRAM) + LENGTH (SRAM))
                0x20017000                __StackLimit = (__StackTop - SIZEOF (.stack_dummy))

.stack_dummy    0x20000ae0     0x1000 load address 0x000091f8
 *(.stack*)
 .stack         0x20000ae0     0x1000 c:/Users/ashutoshtiwari/eclipse-workspace/test/build/startup_max32660.o

.heap           0x20000ae0      0xc00 load address 0x000091f8
                0x20000ae0                . = ALIGN (0x4)
 *(.heap*)
 .heap          0x20000ae0      0xc00 c:/Users/ashutoshtiwari/eclipse-workspace/test/build/startup_max32660.o
                0x20000ae0                __HeapBase
                0x20017000                __HeapLimit = ABSOLUTE (__StackLimit)
                0x20018000                PROVIDE (__stack = __StackTop)
                0x00000001                ASSERT ((__StackLimit >= _ebss), region RAM overflowed with stack)
OUTPUT(c:/Users/ashutoshtiwari/eclipse-workspace/test/build/test.elf elf32-littlearm)
LOAD linker stubs

.ARM.attributes
                0x00000000       0x2e
 .ARM.attributes
                0x00000000       0x1e c:/maximsdk/tools/gnutools/10.3/bin/../lib/gcc/arm-none-eabi/10.3.1/thumb/v7e-m+fp/softfp/crti.o
 .ARM.attributes
                0x0000001e       0x32 c:/maximsdk/tools/gnutools/10.3/bin/../lib/gcc/arm-none-eabi/10.3.1/thumb/v7e-m+fp/softfp/crtbegin.o
 .ARM.attributes
                0x00000050       0x32 c:/Users/ashutoshtiwari/eclipse-workspace/test/build/main.o
 .ARM.attributes
                0x00000082       0x32 c:/Users/ashutoshtiwari/eclipse-workspace/test/build/board.o
 .ARM.attributes
                0x000000b4       0x32 c:/Users/ashutoshtiwari/eclipse-workspace/test/build/stdio.o
 .ARM.attributes
                0x000000e6       0x32 c:/Users/ashutoshtiwari/eclipse-workspace/test/build/led.o
 .ARM.attributes
                0x00000118       0x32 c:/Users/ashutoshtiwari/eclipse-workspace/test/build/pb.o
 .ARM.attributes
                0x0000014a       0x1b c:/Users/ashutoshtiwari/eclipse-workspace/test/build/startup_max32660.o
 .ARM.attributes
                0x00000165       0x32 c:/Users/ashutoshtiwari/eclipse-workspace/test/build/heap.o
 .ARM.attributes
                0x00000197       0x32 c:/Users/ashutoshtiwari/eclipse-workspace/test/build/system_max32660.o
 .ARM.attributes
                0x000001c9       0x32 C:/MaximSDK/Libraries/PeriphDrivers/bin/MAX32660/spi-v1_softfp/libPeriphDriver_spi-v1_softfp.a(mxc_delay.o)
 .ARM.attributes
                0x000001fb       0x32 C:/MaximSDK/Libraries/PeriphDrivers/bin/MAX32660/spi-v1_softfp/libPeriphDriver_spi-v1_softfp.a(sys_me11.o)
 .ARM.attributes
                0x0000022d       0x32 C:/MaximSDK/Libraries/PeriphDrivers/bin/MAX32660/spi-v1_softfp/libPeriphDriver_spi-v1_softfp.a(gpio_me11.o)
 .ARM.attributes
                0x0000025f       0x32 C:/MaximSDK/Libraries/PeriphDrivers/bin/MAX32660/spi-v1_softfp/libPeriphDriver_spi-v1_softfp.a(gpio_reva.o)
 .ARM.attributes
                0x00000291       0x32 C:/MaximSDK/Libraries/PeriphDrivers/bin/MAX32660/spi-v1_softfp/libPeriphDriver_spi-v1_softfp.a(uart_me11.o)
 .ARM.attributes
                0x000002c3       0x32 C:/MaximSDK/Libraries/PeriphDrivers/bin/MAX32660/spi-v1_softfp/libPeriphDriver_spi-v1_softfp.a(uart_reva.o)
 .ARM.attributes
                0x000002f5       0x32 C:/MaximSDK/Libraries/PeriphDrivers/bin/MAX32660/spi-v1_softfp/libPeriphDriver_spi-v1_softfp.a(pins_me11.o)
 .ARM.attributes
                0x00000327       0x32 C:/MaximSDK/Libraries/PeriphDrivers/bin/MAX32660/spi-v1_softfp/libPeriphDriver_spi-v1_softfp.a(gpio_common.o)
 .ARM.attributes
                0x00000359       0x32 C:/MaximSDK/Libraries/PeriphDrivers/bin/MAX32660/spi-v1_softfp/libPeriphDriver_spi-v1_softfp.a(uart_common.o)
 .ARM.attributes
                0x0000038b       0x32 c:/maximsdk/tools/gnutools/10.3/bin/../lib/gcc/arm-none-eabi/10.3.1/../../../../arm-none-eabi/lib/thumb/v7e-m+fp/softfp\libc.a(lib_a-errno.o)
 .ARM.attributes
                0x000003bd       0x32 c:/maximsdk/tools/gnutools/10.3/bin/../lib/gcc/arm-none-eabi/10.3.1/../../../../arm-none-eabi/lib/thumb/v7e-m+fp/softfp\libc.a(lib_a-impure.o)
 .ARM.attributes
                0x000003ef       0x32 c:/maximsdk/tools/gnutools/10.3/bin/../lib/gcc/arm-none-eabi/10.3.1/../../../../arm-none-eabi/lib/thumb/v7e-m+fp/softfp\libc.a(lib_a-init.o)
 .ARM.attributes
                0x00000421       0x32 c:/maximsdk/tools/gnutools/10.3/bin/../lib/gcc/arm-none-eabi/10.3.1/../../../../arm-none-eabi/lib/thumb/v7e-m+fp/softfp\libc.a(lib_a-malloc.o)
 .ARM.attributes
                0x00000453       0x32 c:/maximsdk/tools/gnutools/10.3/bin/../lib/gcc/arm-none-eabi/10.3.1/../../../../arm-none-eabi/lib/thumb/v7e-m+fp/softfp\libc.a(lib_a-mallocr.o)
 .ARM.attributes
                0x00000485       0x1c c:/maximsdk/tools/gnutools/10.3/bin/../lib/gcc/arm-none-eabi/10.3.1/../../../../arm-none-eabi/lib/thumb/v7e-m+fp/softfp\libc.a(lib_a-memcpy.o)
 .ARM.attributes
                0x000004a1       0x32 c:/maximsdk/tools/gnutools/10.3/bin/../lib/gcc/arm-none-eabi/10.3.1/../../../../arm-none-eabi/lib/thumb/v7e-m+fp/softfp\libc.a(lib_a-memset.o)
 .ARM.attributes
                0x000004d3       0x32 c:/maximsdk/tools/gnutools/10.3/bin/../lib/gcc/arm-none-eabi/10.3.1/../../../../arm-none-eabi/lib/thumb/v7e-m+fp/softfp\libc.a(lib_a-mlock.o)
 .ARM.attributes
                0x00000505       0x32 c:/maximsdk/tools/gnutools/10.3/bin/../lib/gcc/arm-none-eabi/10.3.1/../../../../arm-none-eabi/lib/thumb/v7e-m+fp/softfp\libc.a(lib_a-printf.o)
 .ARM.attributes
                0x00000537       0x32 c:/maximsdk/tools/gnutools/10.3/bin/../lib/gcc/arm-none-eabi/10.3.1/../../../../arm-none-eabi/lib/thumb/v7e-m+fp/softfp\libc.a(lib_a-puts.o)
 .ARM.attributes
                0x00000569       0x32 c:/maximsdk/tools/gnutools/10.3/bin/../lib/gcc/arm-none-eabi/10.3.1/../../../../arm-none-eabi/lib/thumb/v7e-m+fp/softfp\libc.a(lib_a-sbrkr.o)
 .ARM.attributes
                0x0000059b       0x1c c:/maximsdk/tools/gnutools/10.3/bin/../lib/gcc/arm-none-eabi/10.3.1/../../../../arm-none-eabi/lib/thumb/v7e-m+fp/softfp\libc.a(lib_a-strlen.o)
 .ARM.attributes
                0x000005b7       0x32 c:/maximsdk/tools/gnutools/10.3/bin/../lib/gcc/arm-none-eabi/10.3.1/../../../../arm-none-eabi/lib/thumb/v7e-m+fp/softfp\libc.a(lib_a-vfprintf.o)
 .ARM.attributes
                0x000005e9       0x32 c:/maximsdk/tools/gnutools/10.3/bin/../lib/gcc/arm-none-eabi/10.3.1/../../../../arm-none-eabi/lib/thumb/v7e-m+fp/softfp\libc.a(lib_a-wsetup.o)
 .ARM.attributes
                0x0000061b       0x32 c:/maximsdk/tools/gnutools/10.3/bin/../lib/gcc/arm-none-eabi/10.3.1/../../../../arm-none-eabi/lib/thumb/v7e-m+fp/softfp\libc.a(lib_a-__call_atexit.o)
 .ARM.attributes
                0x0000064d       0x32 c:/maximsdk/tools/gnutools/10.3/bin/../lib/gcc/arm-none-eabi/10.3.1/../../../../arm-none-eabi/lib/thumb/v7e-m+fp/softfp\libc.a(lib_a-atexit.o)
 .ARM.attributes
                0x0000067f       0x32 c:/maximsdk/tools/gnutools/10.3/bin/../lib/gcc/arm-none-eabi/10.3.1/../../../../arm-none-eabi/lib/thumb/v7e-m+fp/softfp\libc.a(lib_a-dtoa.o)
 .ARM.attributes
                0x000006b1       0x32 c:/maximsdk/tools/gnutools/10.3/bin/../lib/gcc/arm-none-eabi/10.3.1/../../../../arm-none-eabi/lib/thumb/v7e-m+fp/softfp\libc.a(lib_a-fflush.o)
 .ARM.attributes
                0x000006e3       0x32 c:/maximsdk/tools/gnutools/10.3/bin/../lib/gcc/arm-none-eabi/10.3.1/../../../../arm-none-eabi/lib/thumb/v7e-m+fp/softfp\libc.a(lib_a-findfp.o)
 .ARM.attributes
                0x00000715       0x32 c:/maximsdk/tools/gnutools/10.3/bin/../lib/gcc/arm-none-eabi/10.3.1/../../../../arm-none-eabi/lib/thumb/v7e-m+fp/softfp\libc.a(lib_a-fini.o)
 .ARM.attributes
                0x00000747       0x32 c:/maximsdk/tools/gnutools/10.3/bin/../lib/gcc/arm-none-eabi/10.3.1/../../../../arm-none-eabi/lib/thumb/v7e-m+fp/softfp\libc.a(lib_a-freer.o)
 .ARM.attributes
                0x00000779       0x32 c:/maximsdk/tools/gnutools/10.3/bin/../lib/gcc/arm-none-eabi/10.3.1/../../../../arm-none-eabi/lib/thumb/v7e-m+fp/softfp\libc.a(lib_a-fvwrite.o)
 .ARM.attributes
                0x000007ab       0x32 c:/maximsdk/tools/gnutools/10.3/bin/../lib/gcc/arm-none-eabi/10.3.1/../../../../arm-none-eabi/lib/thumb/v7e-m+fp/softfp\libc.a(lib_a-fwalk.o)
 .ARM.attributes
                0x000007dd       0x32 c:/maximsdk/tools/gnutools/10.3/bin/../lib/gcc/arm-none-eabi/10.3.1/../../../../arm-none-eabi/lib/thumb/v7e-m+fp/softfp\libc.a(lib_a-localeconv.o)
 .ARM.attributes
                0x0000080f       0x32 c:/maximsdk/tools/gnutools/10.3/bin/../lib/gcc/arm-none-eabi/10.3.1/../../../../arm-none-eabi/lib/thumb/v7e-m+fp/softfp\libc.a(lib_a-lock.o)
 .ARM.attributes
                0x00000841       0x32 c:/maximsdk/tools/gnutools/10.3/bin/../lib/gcc/arm-none-eabi/10.3.1/../../../../arm-none-eabi/lib/thumb/v7e-m+fp/softfp\libc.a(lib_a-makebuf.o)
 .ARM.attributes
                0x00000873       0x1c c:/maximsdk/tools/gnutools/10.3/bin/../lib/gcc/arm-none-eabi/10.3.1/../../../../arm-none-eabi/lib/thumb/v7e-m+fp/softfp\libc.a(lib_a-memchr.o)
 .ARM.attributes
                0x0000088f       0x32 c:/maximsdk/tools/gnutools/10.3/bin/../lib/gcc/arm-none-eabi/10.3.1/../../../../arm-none-eabi/lib/thumb/v7e-m+fp/softfp\libc.a(lib_a-memmove.o)
 .ARM.attributes
                0x000008c1       0x32 c:/maximsdk/tools/gnutools/10.3/bin/../lib/gcc/arm-none-eabi/10.3.1/../../../../arm-none-eabi/lib/thumb/v7e-m+fp/softfp\libc.a(lib_a-mprec.o)
 .ARM.attributes
                0x000008f3       0x32 c:/maximsdk/tools/gnutools/10.3/bin/../lib/gcc/arm-none-eabi/10.3.1/../../../../arm-none-eabi/lib/thumb/v7e-m+fp/softfp\libc.a(lib_a-reallocr.o)
 .ARM.attributes
                0x00000925       0x32 c:/maximsdk/tools/gnutools/10.3/bin/../lib/gcc/arm-none-eabi/10.3.1/../../../../arm-none-eabi/lib/thumb/v7e-m+fp/softfp\libc.a(lib_a-reent.o)
 .ARM.attributes
                0x00000957       0x32 c:/maximsdk/tools/gnutools/10.3/bin/../lib/gcc/arm-none-eabi/10.3.1/../../../../arm-none-eabi/lib/thumb/v7e-m+fp/softfp\libc.a(lib_a-s_frexp.o)
 .ARM.attributes
                0x00000989       0x32 c:/maximsdk/tools/gnutools/10.3/bin/../lib/gcc/arm-none-eabi/10.3.1/../../../../arm-none-eabi/lib/thumb/v7e-m+fp/softfp\libc.a(lib_a-stdio.o)
 .ARM.attributes
                0x000009bb       0x32 c:/maximsdk/tools/gnutools/10.3/bin/../lib/gcc/arm-none-eabi/10.3.1/../../../../arm-none-eabi/lib/thumb/v7e-m+fp/softfp\libc.a(lib_a-strncpy.o)
 .ARM.attributes
                0x000009ed       0x32 c:/maximsdk/tools/gnutools/10.3/bin/../lib/gcc/arm-none-eabi/10.3.1/../../../../arm-none-eabi/lib/thumb/v7e-m+fp/softfp\libc.a(lib_a-vfiprintf.o)
 .ARM.attributes
                0x00000a1f       0x32 c:/maximsdk/tools/gnutools/10.3/bin/../lib/gcc/arm-none-eabi/10.3.1/../../../../arm-none-eabi/lib/thumb/v7e-m+fp/softfp\libc.a(lib_a-writer.o)
 .ARM.attributes
                0x00000a51       0x32 c:/maximsdk/tools/gnutools/10.3/bin/../lib/gcc/arm-none-eabi/10.3.1/../../../../arm-none-eabi/lib/thumb/v7e-m+fp/softfp\libc.a(lib_a-__atexit.o)
 .ARM.attributes
                0x00000a83       0x32 c:/maximsdk/tools/gnutools/10.3/bin/../lib/gcc/arm-none-eabi/10.3.1/../../../../arm-none-eabi/lib/thumb/v7e-m+fp/softfp\libc.a(lib_a-assert.o)
 .ARM.attributes
                0x00000ab5       0x32 c:/maximsdk/tools/gnutools/10.3/bin/../lib/gcc/arm-none-eabi/10.3.1/../../../../arm-none-eabi/lib/thumb/v7e-m+fp/softfp\libc.a(lib_a-callocr.o)
 .ARM.attributes
                0x00000ae7       0x32 c:/maximsdk/tools/gnutools/10.3/bin/../lib/gcc/arm-none-eabi/10.3.1/../../../../arm-none-eabi/lib/thumb/v7e-m+fp/softfp\libc.a(lib_a-closer.o)
 .ARM.attributes
                0x00000b19       0x32 c:/maximsdk/tools/gnutools/10.3/bin/../lib/gcc/arm-none-eabi/10.3.1/../../../../arm-none-eabi/lib/thumb/v7e-m+fp/softfp\libc.a(lib_a-fclose.o)
 .ARM.attributes
                0x00000b4b       0x32 c:/maximsdk/tools/gnutools/10.3/bin/../lib/gcc/arm-none-eabi/10.3.1/../../../../arm-none-eabi/lib/thumb/v7e-m+fp/softfp\libc.a(lib_a-fiprintf.o)
 .ARM.attributes
                0x00000b7d       0x32 c:/maximsdk/tools/gnutools/10.3/bin/../lib/gcc/arm-none-eabi/10.3.1/../../../../arm-none-eabi/lib/thumb/v7e-m+fp/softfp\libc.a(lib_a-fputwc.o)
 .ARM.attributes
                0x00000baf       0x32 c:/maximsdk/tools/gnutools/10.3/bin/../lib/gcc/arm-none-eabi/10.3.1/../../../../arm-none-eabi/lib/thumb/v7e-m+fp/softfp\libc.a(lib_a-fstatr.o)
 .ARM.attributes
                0x00000be1       0x32 c:/maximsdk/tools/gnutools/10.3/bin/../lib/gcc/arm-none-eabi/10.3.1/../../../../arm-none-eabi/lib/thumb/v7e-m+fp/softfp\libc.a(lib_a-isattyr.o)
 .ARM.attributes
                0x00000c13       0x32 c:/maximsdk/tools/gnutools/10.3/bin/../lib/gcc/arm-none-eabi/10.3.1/../../../../arm-none-eabi/lib/thumb/v7e-m+fp/softfp\libc.a(lib_a-locale.o)
 .ARM.attributes
                0x00000c45       0x32 c:/maximsdk/tools/gnutools/10.3/bin/../lib/gcc/arm-none-eabi/10.3.1/../../../../arm-none-eabi/lib/thumb/v7e-m+fp/softfp\libc.a(lib_a-lseekr.o)
 .ARM.attributes
                0x00000c77       0x32 c:/maximsdk/tools/gnutools/10.3/bin/../lib/gcc/arm-none-eabi/10.3.1/../../../../arm-none-eabi/lib/thumb/v7e-m+fp/softfp\libc.a(lib_a-mbtowc_r.o)
 .ARM.attributes
                0x00000ca9       0x32 c:/maximsdk/tools/gnutools/10.3/bin/../lib/gcc/arm-none-eabi/10.3.1/../../../../arm-none-eabi/lib/thumb/v7e-m+fp/softfp\libc.a(lib_a-readr.o)
 .ARM.attributes
                0x00000cdb       0x32 c:/maximsdk/tools/gnutools/10.3/bin/../lib/gcc/arm-none-eabi/10.3.1/../../../../arm-none-eabi/lib/thumb/v7e-m+fp/softfp\libc.a(lib_a-wbuf.o)
 .ARM.attributes
                0x00000d0d       0x32 c:/maximsdk/tools/gnutools/10.3/bin/../lib/gcc/arm-none-eabi/10.3.1/../../../../arm-none-eabi/lib/thumb/v7e-m+fp/softfp\libc.a(lib_a-wcrtomb.o)
 .ARM.attributes
                0x00000d3f       0x32 c:/maximsdk/tools/gnutools/10.3/bin/../lib/gcc/arm-none-eabi/10.3.1/../../../../arm-none-eabi/lib/thumb/v7e-m+fp/softfp\libc.a(lib_a-wctomb_r.o)
 .ARM.attributes
                0x00000d71       0x32 c:/maximsdk/tools/gnutools/10.3/bin/../lib/gcc/arm-none-eabi/10.3.1/../../../../arm-none-eabi/lib/thumb/v7e-m+fp/softfp\libc.a(lib_a-abort.o)
 .ARM.attributes
                0x00000da3       0x32 c:/maximsdk/tools/gnutools/10.3/bin/../lib/gcc/arm-none-eabi/10.3.1/../../../../arm-none-eabi/lib/thumb/v7e-m+fp/softfp\libc.a(lib_a-ctype_.o)
 .ARM.attributes
                0x00000dd5       0x32 c:/maximsdk/tools/gnutools/10.3/bin/../lib/gcc/arm-none-eabi/10.3.1/../../../../arm-none-eabi/lib/thumb/v7e-m+fp/softfp\libc.a(lib_a-signal.o)
 .ARM.attributes
                0x00000e07       0x32 c:/maximsdk/tools/gnutools/10.3/bin/../lib/gcc/arm-none-eabi/10.3.1/../../../../arm-none-eabi/lib/thumb/v7e-m+fp/softfp\libc.a(lib_a-signalr.o)
 .ARM.attributes
                0x00000e39       0x32 c:/maximsdk/tools/gnutools/10.3/bin/../lib/gcc/arm-none-eabi/10.3.1/../../../../arm-none-eabi/lib/thumb/v7e-m+fp/softfp\libnosys.a(_exit.o)
 .ARM.attributes
                0x00000e6b       0x1e c:/maximsdk/tools/gnutools/10.3/bin/../lib/gcc/arm-none-eabi/10.3.1/thumb/v7e-m+fp/softfp\libgcc.a(_arm_addsubdf3.o)
 .ARM.attributes
                0x00000e89       0x1e c:/maximsdk/tools/gnutools/10.3/bin/../lib/gcc/arm-none-eabi/10.3.1/thumb/v7e-m+fp/softfp\libgcc.a(_arm_muldivdf3.o)
 .ARM.attributes
                0x00000ea7       0x1e c:/maximsdk/tools/gnutools/10.3/bin/../lib/gcc/arm-none-eabi/10.3.1/thumb/v7e-m+fp/softfp\libgcc.a(_arm_cmpdf2.o)
 .ARM.attributes
                0x00000ec5       0x1e c:/maximsdk/tools/gnutools/10.3/bin/../lib/gcc/arm-none-eabi/10.3.1/thumb/v7e-m+fp/softfp\libgcc.a(_arm_unorddf2.o)
 .ARM.attributes
                0x00000ee3       0x1e c:/maximsdk/tools/gnutools/10.3/bin/../lib/gcc/arm-none-eabi/10.3.1/thumb/v7e-m+fp/softfp\libgcc.a(_arm_fixdfsi.o)
 .ARM.attributes
                0x00000f01       0x1e c:/maximsdk/tools/gnutools/10.3/bin/../lib/gcc/arm-none-eabi/10.3.1/thumb/v7e-m+fp/softfp\libgcc.a(_aeabi_uldivmod.o)
 .ARM.attributes
                0x00000f1f       0x32 c:/maximsdk/tools/gnutools/10.3/bin/../lib/gcc/arm-none-eabi/10.3.1/thumb/v7e-m+fp/softfp\libgcc.a(_udivmoddi4.o)
 .ARM.attributes
                0x00000f51       0x1e c:/maximsdk/tools/gnutools/10.3/bin/../lib/gcc/arm-none-eabi/10.3.1/thumb/v7e-m+fp/softfp\libgcc.a(_dvmd_tls.o)
 .ARM.attributes
                0x00000f6f       0x32 c:/maximsdk/tools/gnutools/10.3/bin/../lib/gcc/arm-none-eabi/10.3.1/thumb/v7e-m+fp/softfp/crtend.o
 .ARM.attributes
                0x00000fa1       0x1e c:/maximsdk/tools/gnutools/10.3/bin/../lib/gcc/arm-none-eabi/10.3.1/thumb/v7e-m+fp/softfp/crtn.o

.comment        0x00000000       0x49
 .comment       0x00000000       0x49 c:/Users/ashutoshtiwari/eclipse-workspace/test/build/main.o
                                 0x4a (size before relaxing)
 .comment       0x00000049       0x4a c:/Users/ashutoshtiwari/eclipse-workspace/test/build/board.o
 .comment       0x00000049       0x4a c:/Users/ashutoshtiwari/eclipse-workspace/test/build/stdio.o
 .comment       0x00000049       0x4a c:/Users/ashutoshtiwari/eclipse-workspace/test/build/led.o
 .comment       0x00000049       0x4a c:/Users/ashutoshtiwari/eclipse-workspace/test/build/pb.o
 .comment       0x00000049       0x4a c:/Users/ashutoshtiwari/eclipse-workspace/test/build/heap.o
 .comment       0x00000049       0x4a c:/Users/ashutoshtiwari/eclipse-workspace/test/build/system_max32660.o
 .comment       0x00000049       0x4a C:/MaximSDK/Libraries/PeriphDrivers/bin/MAX32660/spi-v1_softfp/libPeriphDriver_spi-v1_softfp.a(mxc_delay.o)
 .comment       0x00000049       0x4a C:/MaximSDK/Libraries/PeriphDrivers/bin/MAX32660/spi-v1_softfp/libPeriphDriver_spi-v1_softfp.a(sys_me11.o)
 .comment       0x00000049       0x4a C:/MaximSDK/Libraries/PeriphDrivers/bin/MAX32660/spi-v1_softfp/libPeriphDriver_spi-v1_softfp.a(gpio_me11.o)
 .comment       0x00000049       0x4a C:/MaximSDK/Libraries/PeriphDrivers/bin/MAX32660/spi-v1_softfp/libPeriphDriver_spi-v1_softfp.a(gpio_reva.o)
 .comment       0x00000049       0x4a C:/MaximSDK/Libraries/PeriphDrivers/bin/MAX32660/spi-v1_softfp/libPeriphDriver_spi-v1_softfp.a(uart_me11.o)
 .comment       0x00000049       0x4a C:/MaximSDK/Libraries/PeriphDrivers/bin/MAX32660/spi-v1_softfp/libPeriphDriver_spi-v1_softfp.a(uart_reva.o)
 .comment       0x00000049       0x4a C:/MaximSDK/Libraries/PeriphDrivers/bin/MAX32660/spi-v1_softfp/libPeriphDriver_spi-v1_softfp.a(pins_me11.o)
 .comment       0x00000049       0x4a C:/MaximSDK/Libraries/PeriphDrivers/bin/MAX32660/spi-v1_softfp/libPeriphDriver_spi-v1_softfp.a(gpio_common.o)
 .comment       0x00000049       0x4a C:/MaximSDK/Libraries/PeriphDrivers/bin/MAX32660/spi-v1_softfp/libPeriphDriver_spi-v1_softfp.a(uart_common.o)

.debug_info     0x00000000     0x2a4a
 .debug_info    0x00000000      0x128 c:/Users/ashutoshtiwari/eclipse-workspace/test/build/main.o
 .debug_info    0x00000128      0x7dc c:/Users/ashutoshtiwari/eclipse-workspace/test/build/board.o
 .debug_info    0x00000904      0x635 c:/Users/ashutoshtiwari/eclipse-workspace/test/build/stdio.o
 .debug_info    0x00000f39      0x5de c:/Users/ashutoshtiwari/eclipse-workspace/test/build/led.o
 .debug_info    0x00001517      0xd03 c:/Users/ashutoshtiwari/eclipse-workspace/test/build/pb.o
 .debug_info    0x0000221a      0x112 c:/Users/ashutoshtiwari/eclipse-workspace/test/build/heap.o
 .debug_info    0x0000232c      0x71e c:/Users/ashutoshtiwari/eclipse-workspace/test/build/system_max32660.o

.debug_abbrev   0x00000000      0xb23
 .debug_abbrev  0x00000000       0xa7 c:/Users/ashutoshtiwari/eclipse-workspace/test/build/main.o
 .debug_abbrev  0x000000a7      0x1df c:/Users/ashutoshtiwari/eclipse-workspace/test/build/board.o
 .debug_abbrev  0x00000286      0x17e c:/Users/ashutoshtiwari/eclipse-workspace/test/build/stdio.o
 .debug_abbrev  0x00000404      0x182 c:/Users/ashutoshtiwari/eclipse-workspace/test/build/led.o
 .debug_abbrev  0x00000586      0x2b4 c:/Users/ashutoshtiwari/eclipse-workspace/test/build/pb.o
 .debug_abbrev  0x0000083a       0xcd c:/Users/ashutoshtiwari/eclipse-workspace/test/build/heap.o
 .debug_abbrev  0x00000907      0x21c c:/Users/ashutoshtiwari/eclipse-workspace/test/build/system_max32660.o

.debug_loc      0x00000000      0xa15
 .debug_loc     0x00000000       0x30 c:/Users/ashutoshtiwari/eclipse-workspace/test/build/main.o
 .debug_loc     0x00000030       0xe2 c:/Users/ashutoshtiwari/eclipse-workspace/test/build/board.o
 .debug_loc     0x00000112      0x2dd c:/Users/ashutoshtiwari/eclipse-workspace/test/build/stdio.o
 .debug_loc     0x000003ef      0x144 c:/Users/ashutoshtiwari/eclipse-workspace/test/build/led.o
 .debug_loc     0x00000533      0x3e4 c:/Users/ashutoshtiwari/eclipse-workspace/test/build/pb.o
 .debug_loc     0x00000917       0x71 c:/Users/ashutoshtiwari/eclipse-workspace/test/build/heap.o
 .debug_loc     0x00000988       0x8d c:/Users/ashutoshtiwari/eclipse-workspace/test/build/system_max32660.o

.debug_aranges  0x00000000      0x1c0
 .debug_aranges
                0x00000000       0x20 c:/Users/ashutoshtiwari/eclipse-workspace/test/build/main.o
 .debug_aranges
                0x00000020       0x48 c:/Users/ashutoshtiwari/eclipse-workspace/test/build/board.o
 .debug_aranges
                0x00000068       0x50 c:/Users/ashutoshtiwari/eclipse-workspace/test/build/stdio.o
 .debug_aranges
                0x000000b8       0x38 c:/Users/ashutoshtiwari/eclipse-workspace/test/build/led.o
 .debug_aranges
                0x000000f0       0x60 c:/Users/ashutoshtiwari/eclipse-workspace/test/build/pb.o
 .debug_aranges
                0x00000150       0x20 c:/Users/ashutoshtiwari/eclipse-workspace/test/build/heap.o
 .debug_aranges
                0x00000170       0x50 c:/Users/ashutoshtiwari/eclipse-workspace/test/build/system_max32660.o

.debug_ranges   0x00000000      0x168
 .debug_ranges  0x00000000       0x10 c:/Users/ashutoshtiwari/eclipse-workspace/test/build/main.o
 .debug_ranges  0x00000010       0x38 c:/Users/ashutoshtiwari/eclipse-workspace/test/build/board.o
 .debug_ranges  0x00000048       0x40 c:/Users/ashutoshtiwari/eclipse-workspace/test/build/stdio.o
 .debug_ranges  0x00000088       0x28 c:/Users/ashutoshtiwari/eclipse-workspace/test/build/led.o
 .debug_ranges  0x000000b0       0x68 c:/Users/ashutoshtiwari/eclipse-workspace/test/build/pb.o
 .debug_ranges  0x00000118       0x10 c:/Users/ashutoshtiwari/eclipse-workspace/test/build/heap.o
 .debug_ranges  0x00000128       0x40 c:/Users/ashutoshtiwari/eclipse-workspace/test/build/system_max32660.o

.debug_macro    0x00000000     0x6f24
 .debug_macro   0x00000000      0x268 c:/Users/ashutoshtiwari/eclipse-workspace/test/build/main.o
 .debug_macro   0x00000268      0xa90 c:/Users/ashutoshtiwari/eclipse-workspace/test/build/main.o
 .debug_macro   0x00000cf8       0x22 c:/Users/ashutoshtiwari/eclipse-workspace/test/build/main.o
 .debug_macro   0x00000d1a       0x5e c:/Users/ashutoshtiwari/eclipse-workspace/test/build/main.o
 .debug_macro   0x00000d78       0x1e c:/Users/ashutoshtiwari/eclipse-workspace/test/build/main.o
 .debug_macro   0x00000d96       0x94 c:/Users/ashutoshtiwari/eclipse-workspace/test/build/main.o
 .debug_macro   0x00000e2a       0x35 c:/Users/ashutoshtiwari/eclipse-workspace/test/build/main.o
 .debug_macro   0x00000e5f       0x34 c:/Users/ashutoshtiwari/eclipse-workspace/test/build/main.o
 .debug_macro   0x00000e93       0x16 c:/Users/ashutoshtiwari/eclipse-workspace/test/build/main.o
 .debug_macro   0x00000ea9       0x57 c:/Users/ashutoshtiwari/eclipse-workspace/test/build/main.o
 .debug_macro   0x00000f00       0x97 c:/Users/ashutoshtiwari/eclipse-workspace/test/build/main.o
 .debug_macro   0x00000f97      0x341 c:/Users/ashutoshtiwari/eclipse-workspace/test/build/main.o
 .debug_macro   0x000012d8       0xfd c:/Users/ashutoshtiwari/eclipse-workspace/test/build/main.o
 .debug_macro   0x000013d5       0x10 c:/Users/ashutoshtiwari/eclipse-workspace/test/build/main.o
 .debug_macro   0x000013e5       0x16 c:/Users/ashutoshtiwari/eclipse-workspace/test/build/main.o
 .debug_macro   0x000013fb       0x43 c:/Users/ashutoshtiwari/eclipse-workspace/test/build/main.o
 .debug_macro   0x0000143e       0x34 c:/Users/ashutoshtiwari/eclipse-workspace/test/build/main.o
 .debug_macro   0x00001472       0x10 c:/Users/ashutoshtiwari/eclipse-workspace/test/build/main.o
 .debug_macro   0x00001482       0x58 c:/Users/ashutoshtiwari/eclipse-workspace/test/build/main.o
 .debug_macro   0x000014da      0x182 c:/Users/ashutoshtiwari/eclipse-workspace/test/build/main.o
 .debug_macro   0x0000165c       0x10 c:/Users/ashutoshtiwari/eclipse-workspace/test/build/main.o
 .debug_macro   0x0000166c       0x6a c:/Users/ashutoshtiwari/eclipse-workspace/test/build/main.o
 .debug_macro   0x000016d6       0x1c c:/Users/ashutoshtiwari/eclipse-workspace/test/build/main.o
 .debug_macro   0x000016f2       0x52 c:/Users/ashutoshtiwari/eclipse-workspace/test/build/main.o
 .debug_macro   0x00001744       0x22 c:/Users/ashutoshtiwari/eclipse-workspace/test/build/main.o
 .debug_macro   0x00001766       0x10 c:/Users/ashutoshtiwari/eclipse-workspace/test/build/main.o
 .debug_macro   0x00001776       0x52 c:/Users/ashutoshtiwari/eclipse-workspace/test/build/main.o
 .debug_macro   0x000017c8       0xd5 c:/Users/ashutoshtiwari/eclipse-workspace/test/build/main.o
 .debug_macro   0x0000189d       0x1c c:/Users/ashutoshtiwari/eclipse-workspace/test/build/main.o
 .debug_macro   0x000018b9       0x3d c:/Users/ashutoshtiwari/eclipse-workspace/test/build/main.o
 .debug_macro   0x000018f6       0x16 c:/Users/ashutoshtiwari/eclipse-workspace/test/build/main.o
 .debug_macro   0x0000190c      0x16f c:/Users/ashutoshtiwari/eclipse-workspace/test/build/main.o
 .debug_macro   0x00001a7b      0x103 c:/Users/ashutoshtiwari/eclipse-workspace/test/build/main.o
 .debug_macro   0x00001b7e      0x1df c:/Users/ashutoshtiwari/eclipse-workspace/test/build/main.o
 .debug_macro   0x00001d5d       0x4c c:/Users/ashutoshtiwari/eclipse-workspace/test/build/main.o
 .debug_macro   0x00001da9       0x1c c:/Users/ashutoshtiwari/eclipse-workspace/test/build/main.o
 .debug_macro   0x00001dc5       0x22 c:/Users/ashutoshtiwari/eclipse-workspace/test/build/main.o
 .debug_macro   0x00001de7       0xfb c:/Users/ashutoshtiwari/eclipse-workspace/test/build/main.o
 .debug_macro   0x00001ee2     0x1011 c:/Users/ashutoshtiwari/eclipse-workspace/test/build/main.o
 .debug_macro   0x00002ef3      0x11f c:/Users/ashutoshtiwari/eclipse-workspace/test/build/main.o
 .debug_macro   0x00003012       0x22 c:/Users/ashutoshtiwari/eclipse-workspace/test/build/main.o
 .debug_macro   0x00003034      0x37d c:/Users/ashutoshtiwari/eclipse-workspace/test/build/main.o
 .debug_macro   0x000033b1       0x82 c:/Users/ashutoshtiwari/eclipse-workspace/test/build/main.o
 .debug_macro   0x00003433       0x28 c:/Users/ashutoshtiwari/eclipse-workspace/test/build/main.o
 .debug_macro   0x0000345b       0x16 c:/Users/ashutoshtiwari/eclipse-workspace/test/build/main.o
 .debug_macro   0x00003471       0x2e c:/Users/ashutoshtiwari/eclipse-workspace/test/build/main.o
 .debug_macro   0x0000349f      0x532 c:/Users/ashutoshtiwari/eclipse-workspace/test/build/main.o
 .debug_macro   0x000039d1       0x5e c:/Users/ashutoshtiwari/eclipse-workspace/test/build/main.o
 .debug_macro   0x00003a2f       0x1c c:/Users/ashutoshtiwari/eclipse-workspace/test/build/main.o
 .debug_macro   0x00003a4b      0x2c4 c:/Users/ashutoshtiwari/eclipse-workspace/test/build/board.o
 .debug_macro   0x00003d0f       0x10 c:/Users/ashutoshtiwari/eclipse-workspace/test/build/board.o
 .debug_macro   0x00003d1f       0x40 c:/Users/ashutoshtiwari/eclipse-workspace/test/build/board.o
 .debug_macro   0x00003d5f      0x44a c:/Users/ashutoshtiwari/eclipse-workspace/test/build/board.o
 .debug_macro   0x000041a9       0x11 c:/Users/ashutoshtiwari/eclipse-workspace/test/build/board.o
 .debug_macro   0x000041ba       0x22 c:/Users/ashutoshtiwari/eclipse-workspace/test/build/board.o
 .debug_macro   0x000041dc      0x41c c:/Users/ashutoshtiwari/eclipse-workspace/test/build/board.o
 .debug_macro   0x000045f8      0x52c c:/Users/ashutoshtiwari/eclipse-workspace/test/build/board.o
 .debug_macro   0x00004b24      0x356 c:/Users/ashutoshtiwari/eclipse-workspace/test/build/stdio.o
 .debug_macro   0x00004e7a      0x174 c:/Users/ashutoshtiwari/eclipse-workspace/test/build/stdio.o
 .debug_macro   0x00004fee      0x23b c:/Users/ashutoshtiwari/eclipse-workspace/test/build/stdio.o
 .debug_macro   0x00005229       0x35 c:/Users/ashutoshtiwari/eclipse-workspace/test/build/stdio.o
 .debug_macro   0x0000525e       0x16 c:/Users/ashutoshtiwari/eclipse-workspace/test/build/stdio.o
 .debug_macro   0x00005274       0x16 c:/Users/ashutoshtiwari/eclipse-workspace/test/build/stdio.o
 .debug_macro   0x0000528a       0x16 c:/Users/ashutoshtiwari/eclipse-workspace/test/build/stdio.o
 .debug_macro   0x000052a0       0x29 c:/Users/ashutoshtiwari/eclipse-workspace/test/build/stdio.o
 .debug_macro   0x000052c9       0x16 c:/Users/ashutoshtiwari/eclipse-workspace/test/build/stdio.o
 .debug_macro   0x000052df      0x51a c:/Users/ashutoshtiwari/eclipse-workspace/test/build/stdio.o
 .debug_macro   0x000057f9       0x16 c:/Users/ashutoshtiwari/eclipse-workspace/test/build/stdio.o
 .debug_macro   0x0000580f       0x10 c:/Users/ashutoshtiwari/eclipse-workspace/test/build/stdio.o