11:19:37 **** Incremental Build of configuration Default for project capture_pwm ****
make -r -j 8 --output-sync=target --no-print-directory 
Loaded project.mk
****************************************************************************
* Analog Devices MSDK
* - User Guide: https://analogdevicesinc.github.io/msdk/USERGUIDE/
* - Get Support: https://www.analog.com/support/technical-support.html
* - Report Issues: https://github.com/Analog-Devices-MSDK/msdk/issues
* - Contributing: https://analogdevicesinc.github.io/msdk/CONTRIBUTING/
****************************************************************************
arm-none-eabi-size --format=berkeley /c/Users/ashutoshtiwari/eclipse-workspace/capture_pwm/build/capture_pwm.elf
   text	   data	    bss	    dec	    hex	filename
  37308	   2692	    360	  40360	   9da8	C:/Users/ashutoshtiwari/eclipse-workspace/capture_pwm/build/capture_pwm.elf

11:19:37 Build Finished. 0 errors, 0 warnings. (took 306ms)

