16:27:01 **** Incremental Build of configuration Default for project Flash ****
make -r -j 8 --output-sync=target --no-print-directory 
Loaded project.mk
****************************************************************************
* Analog Devices MSDK
* - User Guide: https://analogdevicesinc.github.io/msdk/USERGUIDE/
* - Get Support: https://www.analog.com/support/technical-support.html
* - Report Issues: https://github.com/analogdevicesinc/msdk/issues
* - Contributing: https://analogdevicesinc.github.io/msdk/CONTRIBUTING/
****************************************************************************
arm-none-eabi-size --format=berkeley /c/MaximSDK/Examples/MAX32660/Flash/build/Flash.elf
   text	   data	    bss	    dec	    hex	filename
  38804	   2564	    984	  42352	   a570	C:/MaximSDK/Examples/MAX32660/Flash/build/Flash.elf

16:27:01 Build Finished. 0 errors, 0 warnings. (took 542ms)

