13:58:12 **** Incremental Build of configuration Default for project Hello_World_Cpp ****
make -r -j 8 --output-sync=target --no-print-directory 
Loaded project.mk
****************************************************************************
* Analog Devices MSDK
* - User Guide: https://analogdevicesinc.github.io/msdk/USERGUIDE/
* - Get Support: https://www.analog.com/support/technical-support.html
* - Report Issues: https://github.com/Analog-Devices-MSDK/msdk/issues
* - Contributing: https://analogdevicesinc.github.io/msdk/CONTRIBUTING/
****************************************************************************
arm-none-eabi-size --format=berkeley /c/MaximSDK/Examples/MAX32660/Hello_World_Cpp/build/Hello_World_Cpp.elf
   text	   data	    bss	    dec	    hex	filename
  34700	   2500	    268	  37468	   925c	C:/MaximSDK/Examples/MAX32660/Hello_World_Cpp/build/Hello_World_Cpp.elf

13:58:13 Build Finished. 0 errors, 0 warnings. (took 496ms)

