17:48:32 **** Incremental Build of configuration Default for project I2C ****
make -r -j 8 --output-sync=target --no-print-directory 
Loaded project.mk
****************************************************************************
* Analog Devices MSDK
* - User Guide: https://analogdevicesinc.github.io/msdk/USERGUIDE/
* - Get Support: https://www.analog.com/support/technical-support.html
* - Report Issues: https://github.com/analogdevicesinc/msdk/issues
* - Contributing: https://analogdevicesinc.github.io/msdk/CONTRIBUTING/
****************************************************************************
arm-none-eabi-size --format=berkeley /c/MaximSDK/Examples/MAX32660/I2C_Master/build/I2C.elf
   text	   data	    bss	    dec	    hex	filename
  42808	   2556	   2184	  47548	   b9bc	C:/MaximSDK/Examples/MAX32660/I2C_Master/build/I2C.elf

17:48:32 Build Finished. 0 errors, 0 warnings. (took 439ms)

