15:09:08 **** Incremental Build of configuration Default for project I2C_master ****
make -r -j 8 --output-sync=target --no-print-directory 
Loaded project.mk
****************************************************************************
* Analog Devices MSDK
* - User Guide: https://analogdevicesinc.github.io/msdk/USERGUIDE/
* - Get Support: https://www.analog.com/support/technical-support.html
* - Report Issues: https://github.com/analogdevicesinc/msdk/issues
* - Contributing: https://analogdevicesinc.github.io/msdk/CONTRIBUTING/
****************************************************************************
arm-none-eabi-size --format=berkeley /c/Users/ashutoshtiwari/eclipse-workspace/I2C_master/build/I2C_master.elf
   text	   data	    bss	    dec	    hex	filename
  41808	   2548	    388	  44744	   aec8	C:/Users/ashutoshtiwari/eclipse-workspace/I2C_master/build/I2C_master.elf

15:09:08 Build Finished. 0 errors, 0 warnings. (took 515ms)

