17:10:20 **** Build of configuration Default for project I2C_SCAN ****
make -r -j 8 --output-sync=target --no-print-directory 
Loaded project.mk
****************************************************************************
* Analog Devices MSDK
* - User Guide: https://analogdevicesinc.github.io/msdk/USERGUIDE/
* - Get Support: https://www.analog.com/support/technical-support.html
* - Report Issues: https://github.com/analogdevicesinc/msdk/issues
* - Contributing: https://analogdevicesinc.github.io/msdk/CONTRIBUTING/
****************************************************************************
- LD /c/MaximSDK/Examples/MAX32660/I2C_SCAN/build/I2C_SCAN.elf
Memory region         Used Size  Region Size  %age Used
           FLASH:       40272 B       256 KB     15.36%
            SRAM:        2936 B        96 KB      2.99%
arm-none-eabi-size --format=berkeley /c/MaximSDK/Examples/MAX32660/I2C_SCAN/build/I2C_SCAN.elf
   text	   data	    bss	    dec	    hex	filename
  37724	   2548	    388	  40660	   9ed4	C:/MaximSDK/Examples/MAX32660/I2C_SCAN/build/I2C_SCAN.elf

17:10:20 Build Finished. 0 errors, 0 warnings. (took 843ms)

