16:58:39 **** Incremental Build of configuration Default for project Info_Block_Usecase ****
make -r -j 8 --output-sync=target --no-print-directory 
Loaded project.mk
****************************************************************************
* Analog Devices MSDK
* - User Guide: https://analogdevicesinc.github.io/msdk/USERGUIDE/
* - Get Support: https://www.analog.com/support/technical-support.html
* - Report Issues: https://github.com/analogdevicesinc/msdk/issues
* - Contributing: https://analogdevicesinc.github.io/msdk/CONTRIBUTING/
****************************************************************************
arm-none-eabi-size --format=berkeley /c/MaximSDK/Examples/MAX32660/Info_Block_Usecase/build/Info_Block_Usecase.elf
   text	   data	    bss	    dec	    hex	filename
  35268	   2548	    236	  38052	   94a4	C:/MaximSDK/Examples/MAX32660/Info_Block_Usecase/build/Info_Block_Usecase.elf

16:58:39 Build Finished. 0 errors, 0 warnings. (took 433ms)

