09:25:28 **** Build of configuration Default for project PWM ****
make -r -j 8 --output-sync=target --no-print-directory 
Loaded project.mk
****************************************************************************
* Analog Devices MSDK
* - User Guide: https://analogdevicesinc.github.io/msdk/USERGUIDE/
* - Get Support: https://www.analog.com/support/technical-support.html
* - Report Issues: https://github.com/Analog-Devices-MSDK/msdk/issues
* - Contributing: https://analogdevicesinc.github.io/msdk/CONTRIBUTING/
****************************************************************************
- MKDIR /c/Users/ashutoshtiwari/eclipse-workspace/PWM/build
- CC main.c
- CC C:/MaximSDK/Libraries/Boards/MAX32660/EvKit_V1/Source/board.c
- CC C:/MaximSDK/Libraries/MiscDrivers/stdio.c
- CC C:/MaximSDK/Libraries/MiscDrivers/LED/led.c
- CC C:/MaximSDK/Libraries/MiscDrivers/PushButton/pb.c
- AS C:/MaximSDK/Libraries/CMSIS/Device/Maxim/MAX32660/Source/GCC/startup_max32660.S
- CC C:/MaximSDK/Libraries/CMSIS/Device/Maxim/MAX32660/Source/heap.c
- CC C:/MaximSDK/Libraries/CMSIS/Device/Maxim/MAX32660/Source/system_max32660.c
- LD /c/Users/ashutoshtiwari/eclipse-workspace/PWM/build/PWM.elf
arm-none-eabi-size --format=berkeley /c/Users/ashutoshtiwari/eclipse-workspace/PWM/build/PWM.elf
   text	   data	    bss	    dec	    hex	filename
  34684	   2500	    268	  37452	   924c	C:/Users/ashutoshtiwari/eclipse-workspace/PWM/build/PWM.elf

09:25:29 Build Finished. 0 errors, 0 warnings. (took 1s.732ms)

