10:22:42 **** Incremental Build of configuration Default for project test ****
make -r -j 8 --output-sync=target --no-print-directory 
Loaded project.mk
****************************************************************************
* Analog Devices MSDK
* - User Guide: https://analogdevicesinc.github.io/msdk/USERGUIDE/
* - Get Support: https://www.analog.com/support/technical-support.html
* - Report Issues: https://github.com/analogdevicesinc/msdk/issues
* - Contributing: https://analogdevicesinc.github.io/msdk/CONTRIBUTING/
****************************************************************************
arm-none-eabi-size --format=berkeley /c/Users/ashutoshtiwari/eclipse-workspace/test/build/test.elf
   text	   data	    bss	    dec	    hex	filename
  34820	   2548	    236	  37604	   92e4	C:/Users/ashutoshtiwari/eclipse-workspace/test/build/test.elf

10:22:42 Build Finished. 0 errors, 0 warnings. (took 371ms)

