16:18:52 **** Incremental Build of configuration Default for project TMR ****
make -r -j 8 --output-sync=target --no-print-directory 
Loaded project.mk
****************************************************************************
* Analog Devices MSDK
* - User Guide: https://analogdevicesinc.github.io/msdk/USERGUIDE/
* - Get Support: https://www.analog.com/support/technical-support.html
* - Report Issues: https://github.com/Analog-Devices-MSDK/msdk/issues
* - Contributing: https://analogdevicesinc.github.io/msdk/CONTRIBUTING/
****************************************************************************
arm-none-eabi-size --format=berkeley /c/MaximSDK/Examples/MAX32660/TMR/build/TMR.elf
   text	   data	    bss	    dec	    hex	filename
  36784	   2500	   1020	  40304	   9d70	C:/MaximSDK/Examples/MAX32660/TMR/build/TMR.elf

16:18:53 Build Finished. 0 errors, 0 warnings. (took 445ms)

